Archive member included because of file (symbol)

contiki-cc2538dk.a(contiki-main.o)
                              obj_cc2538dk/startup-gcc.o (main)
contiki-cc2538dk.a(sensors.o)
                              border-router.co (sensors_event)
contiki-cc2538dk.a(smartrf-sensors)
                              contiki-cc2538dk.a(sensors.o) (sensors_flags)
contiki-cc2538dk.a(button-sensor.o)
                              contiki-cc2538dk.a(contiki-main.o) (button_sensor_init)
contiki-cc2538dk.a(als-sensor.o)
                              contiki-cc2538dk.a(smartrf-sensors) (als_sensor)
contiki-cc2538dk.a(clock.o)   contiki-cc2538dk.a(contiki-main.o) (clock_init)
contiki-cc2538dk.a(rtimer-arch.o)
                              contiki-cc2538dk.a(clock.o) (rtimer_arch_now)
contiki-cc2538dk.a(uart.o)    contiki-cc2538dk.a(contiki-main.o) (uart_init)
contiki-cc2538dk.a(watchdog.o)
                              contiki-cc2538dk.a(contiki-main.o) (watchdog_init)
contiki-cc2538dk.a(nvic.o)    contiki-cc2538dk.a(contiki-main.o) (nvic_init)
contiki-cc2538dk.a(cpu.o)     contiki-cc2538dk.a(contiki-main.o) (cpu_cpsie)
contiki-cc2538dk.a(sys-ctrl.o)
                              contiki-cc2538dk.a(contiki-main.o) (sys_ctrl_init)
contiki-cc2538dk.a(gpio.o)    contiki-cc2538dk.a(button-sensor.o) (gpio_register_callback)
contiki-cc2538dk.a(ioc.o)     contiki-cc2538dk.a(contiki-main.o) (ioc_init)
contiki-cc2538dk.a(adc.o)     contiki-cc2538dk.a(contiki-main.o) (adc_init)
contiki-cc2538dk.a(crypto.o)  obj_cc2538dk/startup-gcc.o (crypto_isr)
contiki-cc2538dk.a(cc2538-rf.o)
                              obj_cc2538dk/startup-gcc.o (cc2538_rf_rx_tx_isr)
contiki-cc2538dk.a(udma.o)    contiki-cc2538dk.a(contiki-main.o) (udma_init)
contiki-cc2538dk.a(lpm.o)     contiki-cc2538dk.a(rtimer-arch.o) (lpm_exit)
contiki-cc2538dk.a(dbg.o)     border-router.co (putchar)
contiki-cc2538dk.a(ieee-addr.o)
                              contiki-cc2538dk.a(contiki-main.o) (ieee_addr_cpy_to)
contiki-cc2538dk.a(slip-arch.o)
                              obj_cc2538dk/slip-bridge.o (slip_arch_init)
contiki-cc2538dk.a(slip.o)    obj_cc2538dk/slip-bridge.o (slip_set_input_callback)
contiki-cc2538dk.a(cc2538-temp-sen)
                              contiki-cc2538dk.a(smartrf-sensors) (cc2538_temp_sensor)
contiki-cc2538dk.a(vdd3-sensor.o)
                              contiki-cc2538dk.a(smartrf-sensors) (vdd3_sensor)
contiki-cc2538dk.a(dbg-printf.o)
                              obj_cc2538dk/slip-bridge.o (printf)
contiki-cc2538dk.a(dbg-snprintf.o)
                              border-router.co (snprintf)
contiki-cc2538dk.a(strformat.o)
                              contiki-cc2538dk.a(dbg-printf.o) (format_str_v)
contiki-cc2538dk.a(autostart.o)
                              contiki-cc2538dk.a(contiki-main.o) (autostart_start)
contiki-cc2538dk.a(ctimer.o)  contiki-cc2538dk.a(contiki-main.o) (ctimer_init)
contiki-cc2538dk.a(energest.o)
                              contiki-cc2538dk.a(contiki-main.o) (energest_init)
contiki-cc2538dk.a(etimer.o)  contiki-cc2538dk.a(clock.o) (etimer_request_poll)
contiki-cc2538dk.a(process.o)
                              contiki-cc2538dk.a(sensors.o) (process_alloc_event)
contiki-cc2538dk.a(rtimer.o)  contiki-cc2538dk.a(contiki-main.o) (rtimer_init)
contiki-cc2538dk.a(timer.o)   obj_cc2538dk/httpd-simple.o (timer_set)
contiki-cc2538dk.a(serial-line.o)
                              contiki-cc2538dk.a(contiki-main.o) (serial_line_input_byte)
contiki-cc2538dk.a(list.o)    contiki-cc2538dk.a(ctimer.o) (list_init)
contiki-cc2538dk.a(memb.o)    obj_cc2538dk/httpd-simple.o (memb_init)
contiki-cc2538dk.a(random.o)  contiki-cc2538dk.a(contiki-main.o) (random_init)
contiki-cc2538dk.a(ringbuf.o)
                              contiki-cc2538dk.a(serial-line.o) (ringbuf_init)
contiki-cc2538dk.a(sicslowpan.o)
                              contiki-cc2538dk.a(contiki-main.o) (sicslowpan_driver)
contiki-cc2538dk.a(uip6.o)    border-router.co (uip_aligned_buf)
contiki-cc2538dk.a(uip-ds6.o)
                              contiki-cc2538dk.a(uip6.o) (uip_ds6_is_addr_onlink)
contiki-cc2538dk.a(uip-ds6-nbr.o)
                              contiki-cc2538dk.a(uip-ds6.o) (uip_ds6_neighbors_init)
contiki-cc2538dk.a(uip-ds6-route.o)
                              contiki-cc2538dk.a(uip-ds6.o) (uip_ds6_route_init)
contiki-cc2538dk.a(uip-icmp6.o)
                              contiki-cc2538dk.a(uip6.o) (uip_icmp6_input)
contiki-cc2538dk.a(uip-nd6.o)
                              contiki-cc2538dk.a(uip-ds6-nbr.o) (uip_nd6_ns_output)
contiki-cc2538dk.a(psock.o)   border-router.co (psock_send)
contiki-cc2538dk.a(tcpip.o)   contiki-cc2538dk.a(sicslowpan.o) (tcpip_set_outputfunc)
contiki-cc2538dk.a(uip-debug.o)
                              border-router.co (uip_debug_ipaddr_print)
contiki-cc2538dk.a(rpl.o)     contiki-cc2538dk.a(uip-ds6-nbr.o) (rpl_link_neighbor_callback)
contiki-cc2538dk.a(rpl-dag.o)
[...]
Memory Configuration

Name             Origin             Length             Attributes
FLASH            0x00200000         0x0007ffd4         xr
FLASH_CCA        0x0027ffd4         0x0000002c         xr
SRAM             0x20000000         0x00008000         xrw
*default*        0x00000000         0xffffffff

Linker script and memory map

LOAD obj_cc2538dk/startup-gcc.o
LOAD border-router.co
LOAD obj_cc2538dk/slip-bridge.o
LOAD obj_cc2538dk/httpd-simple.o
LOAD contiki-cc2538dk.a
START GROUP
LOAD /usr/bin/../lib/gcc/arm-none-eabi/4.9.3/armv7-m/libgcc.a
LOAD /usr/bin/../lib/gcc/arm-none-eabi/4.9.3/../../../../arm-none-eabi/lib/armv7-m/libc.a
END GROUP

.text           0x00200000     0xb7e9
                0x00200000                _text = .
 *(SORT(.vectors))
 .vectors       0x00200000      0x28c obj_cc2538dk/startup-gcc.o
                0x00200000                vectors
 *(SORT(.text*))
 .text.reset_handler
                0x0020028c       0x40 obj_cc2538dk/startup-gcc.o
                0x0020028c                reset_handler
 .text.process_thread_webserver_nogui_process
                0x002002cc       0x34 border-router.co
 .text.ipaddr_add
                0x00200300       0xa0 border-router.co
 .text.generate_routes
                0x002003a0      0x204 border-router.co
 .text.httpd_simple_get_script
                0x002005a4        0x8 border-router.co
                0x002005a4                httpd_simple_get_script
 .text.request_prefix
                0x002005ac       0x28 border-router.co
                0x002005ac                request_prefix
 .text.process_thread_border_router_process
                0x002005d4       0xf0 border-router.co
 .text.set_prefix_64
                0x002006c4       0x68 border-router.co
                0x002006c4                set_prefix_64
 .text.init     0x0020072c       0x24 obj_cc2538dk/slip-bridge.o
 .text.slip_input_callback
                0x00200750       0xdc obj_cc2538dk/slip-bridge.o
 .text.output   0x0020082c       0x4c obj_cc2538dk/slip-bridge.o
 .text.uip_clear_buf
                0x00200878        0xc obj_cc2538dk/slip-bridge.o
                0x00200878                uip_clear_buf
 .text.handle_input
                0x00200884       0xc8 obj_cc2538dk/httpd-simple.o
 .text.send_headers
                0x0020094c       0x50 obj_cc2538dk/httpd-simple.o
 .text.handle_output
                0x0020099c       0xcc obj_cc2538dk/httpd-simple.o
 .text.httpd_appcall
                0x00200a68       0xd0 obj_cc2538dk/httpd-simple.o
                0x00200a68                httpd_appcall
 .text.httpd_init
                0x00200b38       0x18 obj_cc2538dk/httpd-simple.o
                0x00200b38                httpd_init
 .text.startup.main
                0x00200b50      0x19c contiki-cc2538dk.a(contiki-main.o)
                0x00200b50                main
 .text.process_thread_sensors_process
                0x00200cec       0xd4 contiki-cc2538dk.a(sensors.o)
 .text.sensors_changed
                0x00200dc0       0x38 contiki-cc2538dk.a(sensors.o)
                0x00200dc0                sensors_changed
 .text.config_select
                0x00200df8       0x30 contiki-cc2538dk.a(button-sensor.o)
 .text.config_left
                0x00200e28       0x30 contiki-cc2538dk.a(button-sensor.o)
 .text.config_right
                0x00200e58       0x30 contiki-cc2538dk.a(button-sensor.o)
 .text.config_up
                0x00200e88       0x30 contiki-cc2538dk.a(button-sensor.o)
 .text.config_down
                0x00200eb8       0x30 contiki-cc2538dk.a(button-sensor.o)
 .text.btn_callback
                0x00200ee8       0x64 contiki-cc2538dk.a(button-sensor.o)
 .text.button_sensor_init
                0x00200f4c        0xc contiki-cc2538dk.a(button-sensor.o)
                0x00200f4c                button_sensor_init
 .text.value    0x00200f58       0x24 contiki-cc2538dk.a(als-sensor.o)
 .text.configure
                0x00200f7c       0x54 contiki-cc2538dk.a(als-sensor.o)
 .text.update_ticks
                0x00200fd0       0x4c contiki-cc2538dk.a(clock.o)
 .text.clock_init
                0x0020101c       0x50 contiki-cc2538dk.a(clock.o)
                0x0020101c                clock_init
 .text.clock_time
                0x0020106c       0x14 contiki-cc2538dk.a(clock.o)
                0x0020106c                clock_time
 .text.clock_seconds
                0x00201080       0x14 contiki-cc2538dk.a(clock.o)
                0x00201080                clock_seconds
 .text.clock_delay_usec
                0x00201094       0x1c contiki-cc2538dk.a(clock.o)
                0x00201094                clock_delay_usec
 .text.clock_adjust
                0x002010b0       0x20 contiki-cc2538dk.a(clock.o)
                0x002010b0                clock_adjust
 .text.rtimer_arch_next_trigger
                0x002010d0        0xc contiki-cc2538dk.a(rtimer-arch.o)
                0x002010d0                rtimer_arch_next_trigger
 .text.rtimer_arch_now
                0x002010dc       0x2c contiki-cc2538dk.a(rtimer-arch.o)
                0x002010dc                rtimer_arch_now
 .text.rtimer_arch_schedule
                0x00201108       0x58 contiki-cc2538dk.a(rtimer-arch.o)
                0x00201108                rtimer_arch_schedule
 .text.rtimer_isr
                0x00201160       0x24 contiki-cc2538dk.a(rtimer-arch.o)
                0x00201160                rtimer_isr
 .text.permit_pm1
                0x00201184       0x2c contiki-cc2538dk.a(uart.o)
 .text.uart_isr
                0x002011b0       0x64 contiki-cc2538dk.a(uart.o)
 .text.uart_init
                0x00201214      0x1ac contiki-cc2538dk.a(uart.o)
                0x00201214                uart_init
 .text.uart_set_input
                0x002013c0       0x10 contiki-cc2538dk.a(uart.o)
                0x002013c0                uart_set_input
 .text.uart_write_byte
                0x002013d0       0x1c contiki-cc2538dk.a(uart.o)
                0x002013d0                uart_write_byte
 .text.watchdog_init
                0x002013ec        0xc contiki-cc2538dk.a(watchdog.o)
                0x002013ec                watchdog_init
 .text.watchdog_start
                0x002013f8        0xc contiki-cc2538dk.a(watchdog.o)
                0x002013f8                watchdog_start
 .text.watchdog_periodic
                0x00201404       0x10 contiki-cc2538dk.a(watchdog.o)
                0x00201404                watchdog_periodic
 .text.nvic_init
                0x00201414       0x3c contiki-cc2538dk.a(nvic.o)
                0x00201414                nvic_init
 .text.nvic_interrupt_enable
                0x00201450       0x18 contiki-cc2538dk.a(nvic.o)
                0x00201450                nvic_interrupt_enable
 .text.nvic_interrupt_disable
                0x00201468       0x18 contiki-cc2538dk.a(nvic.o)
                0x00201468                nvic_interrupt_disable
 .text.nvic_interrupt_unpend
                0x00201480       0x18 contiki-cc2538dk.a(nvic.o)
                0x00201480                nvic_interrupt_unpend
 .text.sys_ctrl_init
                0x00201498       0x28 contiki-cc2538dk.a(sys-ctrl.o)
                0x00201498                sys_ctrl_init
 .text.gpio_register_callback
                0x002014c0       0x10 contiki-cc2538dk.a(gpio.o)
                0x002014c0                gpio_register_callback
 .text.notify   0x002014d0       0x30 contiki-cc2538dk.a(gpio.o)
                0x002014d0                notify
 .text.gpio_port_isr
                0x00201500       0x50 contiki-cc2538dk.a(gpio.o)
 .text.gpio_init
                0x00201550       0x10 contiki-cc2538dk.a(gpio.o)
                0x00201550                gpio_init
 .text.ioc_init
                0x00201560       0x1c contiki-cc2538dk.a(ioc.o)
                0x00201560                ioc_init
 .text.ioc_set_over
                0x0020157c       0x14 contiki-cc2538dk.a(ioc.o)
                0x0020157c                ioc_set_over
 .text.ioc_set_sel
                0x00201590       0x14 contiki-cc2538dk.a(ioc.o)
                0x00201590                ioc_set_sel
 .text.adc_init
                0x002015a4       0x10 contiki-cc2538dk.a(adc.o)
                0x002015a4                adc_init
 .text.adc_get  0x002015b4       0x78 contiki-cc2538dk.a(adc.o)
                0x002015b4                adc_get
 .text.crypto_isr
                0x0020162c       0x24 contiki-cc2538dk.a(crypto.o)
                0x0020162c                crypto_isr
 .text.on       0x00201650       0x2c contiki-cc2538dk.a(cc2538-rf.o)
 .text.off      0x0020167c       0x38 contiki-cc2538dk.a(cc2538-rf.o)
 .text.set_channel
                0x002016b4       0x48 contiki-cc2538dk.a(cc2538-rf.o)
 .text.channel_clear
                0x002016fc       0x3c contiki-cc2538dk.a(cc2538-rf.o)
 .text.receiving_packet
                0x00201738       0x18 contiki-cc2538dk.a(cc2538-rf.o)
 .text.pending_packet
                0x00201750       0x10 contiki-cc2538dk.a(cc2538-rf.o)
 .text.get_value
                0x00201760      0x118 contiki-cc2538dk.a(cc2538-rf.o)
 .text.prepare  0x00201878       0x64 contiki-cc2538dk.a(cc2538-rf.o)
 .text.transmit
                0x002018dc       0x8c contiki-cc2538dk.a(cc2538-rf.o)
 .text.set_frame_filtering
                0x00201968       0x18 contiki-cc2538dk.a(cc2538-rf.o)
 .text.set_value
                0x00201980       0xd4 contiki-cc2538dk.a(cc2538-rf.o)
 .text.get_object
                0x00201a54       0x30 contiki-cc2538dk.a(cc2538-rf.o)
 .text.set_object
                0x00201a84       0x30 contiki-cc2538dk.a(cc2538-rf.o)
 .text.read     0x00201ab4       0xc4 contiki-cc2538dk.a(cc2538-rf.o)
 .text.init     0x00201b78       0xcc contiki-cc2538dk.a(cc2538-rf.o)
 .text.process_thread_cc2538_rf_process
                0x00201c44       0x74 contiki-cc2538dk.a(cc2538-rf.o)
 .text.cc2538_rf_rx_tx_isr
                0x00201cb8       0x18 contiki-cc2538dk.a(cc2538-rf.o)
                0x00201cb8                cc2538_rf_rx_tx_isr
 .text.cc2538_rf_err_isr
                0x00201cd0       0x28 contiki-cc2538dk.a(cc2538-rf.o)
                0x00201cd0                cc2538_rf_err_isr
 .text.udma_init
                0x00201cf8       0x30 contiki-cc2538dk.a(udma.o)
                0x00201cf8                udma_init
 .text.udma_set_channel_src
                0x00201d28       0x10 contiki-cc2538dk.a(udma.o)
                0x00201d28                udma_set_channel_src
 .text.udma_set_channel_dst
                0x00201d38       0x14 contiki-cc2538dk.a(udma.o)
                0x00201d38                udma_set_channel_dst
 .text.udma_set_channel_control_word
                0x00201d4c       0x14 contiki-cc2538dk.a(udma.o)
                0x00201d4c                udma_set_channel_control_word
 .text.udma_channel_enable
                0x00201d60       0x18 contiki-cc2538dk.a(udma.o)
                0x00201d60                udma_channel_enable
 .text.udma_channel_mask_set
                0x00201d78       0x18 contiki-cc2538dk.a(udma.o)
                0x00201d78                udma_channel_mask_set
 .text.udma_channel_sw_request
                0x00201d90       0x18 contiki-cc2538dk.a(udma.o)
                0x00201d90                udma_channel_sw_request
 .text.udma_channel_get_mode
                0x00201da8       0x1c contiki-cc2538dk.a(udma.o)
                0x00201da8                udma_channel_get_mode
 .text.udma_isr
                0x00201dc4       0x10 contiki-cc2538dk.a(udma.o)
                0x00201dc4                udma_isr
 .text.udma_err_isr
                0x00201dd4        0xc contiki-cc2538dk.a(udma.o)
                0x00201dd4                udma_err_isr
 .text.select_32_mhz_xosc
                0x00201de0       0x2c contiki-cc2538dk.a(lpm.o)
 .text.lpm_exit
                0x00201e0c       0x34 contiki-cc2538dk.a(lpm.o)
                0x00201e0c                lpm_exit
 .text.lpm_enter
                0x00201e40       0xb0 contiki-cc2538dk.a(lpm.o)
                0x00201e40                lpm_enter
 .text.lpm_register_peripheral
                0x00201ef0       0x20 contiki-cc2538dk.a(lpm.o)
                0x00201ef0                lpm_register_peripheral
 .text.lpm_init
                0x00201f10       0x24 contiki-cc2538dk.a(lpm.o)
                0x00201f10                lpm_init
 .text.putchar  0x00201f34       0x40 contiki-cc2538dk.a(dbg.o)
                0x00201f34                putchar
 .text.ieee_addr_cpy_to
                0x00201f74       0x74 contiki-cc2538dk.a(ieee-addr.o)
                0x00201f74                ieee_addr_cpy_to
 .text.slip_arch_init
                0x00201fe8        0xc contiki-cc2538dk.a(slip-arch.o)
                0x00201fe8                slip_arch_init
 .text.process_thread_slip_process
                0x00201ff4      0x16c contiki-cc2538dk.a(slip.o)
 .text.slip_set_input_callback
                0x00202160        0xc contiki-cc2538dk.a(slip.o)
                0x00202160                slip_set_input_callback
 .text.slip_send
                0x0020216c       0x5c contiki-cc2538dk.a(slip.o)
                0x0020216c                slip_send
 .text.slip_input_byte
                0x002021c8       0xbc contiki-cc2538dk.a(slip.o)
                0x002021c8                slip_input_byte
 .text.printf   0x00202284       0x20 contiki-cc2538dk.a(dbg-printf.o)
                0x00202284                printf
 .text.vsnprintf
                0x002022a4       0x28 contiki-cc2538dk.a(dbg-snprintf.o)
                0x002022a4                vsnprintf
 .text.fill_space
                0x002022cc       0x34 contiki-cc2538dk.a(strformat.o)
 .text.format_str_v
                0x00202300      0x6e8 contiki-cc2538dk.a(strformat.o)
                0x00202300                format_str_v
 .text.process_thread_ctimer_process
                0x002029e8       0x80 contiki-cc2538dk.a(ctimer.o)
 .text.ctimer_init
                0x00202a68       0x28 contiki-cc2538dk.a(ctimer.o)
                0x00202a68                ctimer_init
 .text.ctimer_set
                0x00202a90       0x40 contiki-cc2538dk.a(ctimer.o)
                0x00202a90                ctimer_set
 .text.ctimer_reset
                0x00202ad0       0x38 contiki-cc2538dk.a(ctimer.o)
                0x00202ad0                ctimer_reset
 .text.ctimer_stop
                0x00202b08       0x2c contiki-cc2538dk.a(ctimer.o)
                0x00202b08                ctimer_stop
 .text.update_time
                0x00202b34       0x44 contiki-cc2538dk.a(etimer.o)
 .text.etimer_request_poll
                0x00202b78        0xc contiki-cc2538dk.a(etimer.o)
                0x00202b78                etimer_request_poll
 .text.process_thread_etimer_process
                0x00202b84       0x94 contiki-cc2538dk.a(etimer.o)
 .text.add_timer
                0x00202c18       0x40 contiki-cc2538dk.a(etimer.o)
 .text.etimer_pending
                0x00202c58       0x10 contiki-cc2538dk.a(etimer.o)
                0x00202c58                etimer_pending
 .text.etimer_stop
                0x00202c68       0x34 contiki-cc2538dk.a(etimer.o)
                0x00202c68                etimer_stop
 .text.call_process.part.0
                0x00202c9c       0x38 contiki-cc2538dk.a(process.o)
 .text.exit_process
                0x00202cd4       0x80 contiki-cc2538dk.a(process.o)
 .text.do_poll  0x00202d54       0x30 contiki-cc2538dk.a(process.o)
 .text.process_alloc_event
                0x00202d84       0x10 contiki-cc2538dk.a(process.o)
                0x00202d84                process_alloc_event
 .text.process_init
                0x00202d94       0x30 contiki-cc2538dk.a(process.o)
                0x00202d94                process_init
 .text.process_run
                0x00202dc4       0xb0 contiki-cc2538dk.a(process.o)
                0x00202dc4                process_run
 .text.process_nevents
                0x00202e74       0x14 contiki-cc2538dk.a(process.o)
                0x00202e74                process_nevents
 .text.process_post
                0x00202e88       0x44 contiki-cc2538dk.a(process.o)
                0x00202e88                process_post
 .text.process_post_synch
                0x00202ecc       0x14 contiki-cc2538dk.a(process.o)
                0x00202ecc                process_post_synch
 .text.process_start
                0x00202ee0       0x30 contiki-cc2538dk.a(process.o)
                0x00202ee0                process_start
 .text.process_poll
                0x00202f10       0x18 contiki-cc2538dk.a(process.o)
                0x00202f10                process_poll
 .text.rtimer_set
                0x00202f28       0x24 contiki-cc2538dk.a(rtimer.o)
                0x00202f28                rtimer_set
 .text.rtimer_run_next
                0x00202f4c       0x28 contiki-cc2538dk.a(rtimer.o)
                0x00202f4c                rtimer_run_next
 .text.process_thread_serial_line_process
                0x00202f74       0x98 contiki-cc2538dk.a(serial-line.o)
 .text.serial_line_input_byte
                0x0020300c       0x44 contiki-cc2538dk.a(serial-line.o)
                0x0020300c                serial_line_input_byte
 .text.serial_line_init
                0x00203050       0x24 contiki-cc2538dk.a(serial-line.o)
                0x00203050                serial_line_init
 .text.random_rand
                0x00203074       0x20 contiki-cc2538dk.a(random.o)
                0x00203074                random_rand
 .text.random_init
                0x00203094       0x78 contiki-cc2538dk.a(random.o)
                0x00203094                random_init
 .text.sicslowpan_init
                0x0020310c       0x24 contiki-cc2538dk.a(sicslowpan.o)
                0x0020310c                sicslowpan_init
 .text.set_packet_attrs
                0x00203130       0x44 contiki-cc2538dk.a(sicslowpan.o)
 .text.compress_addr_64
                0x00203174       0x90 contiki-cc2538dk.a(sicslowpan.o)
 .text.addr_context_lookup_by_prefix
                0x00203204       0x28 contiki-cc2538dk.a(sicslowpan.o)
 .text.send_packet
                0x0020322c       0x24 contiki-cc2538dk.a(sicslowpan.o)
 .text.packet_sent
                0x00203250       0x28 contiki-cc2538dk.a(sicslowpan.o)
 .text.uncompress_addr
                0x00203278       0xa4 contiki-cc2538dk.a(sicslowpan.o)
 .text.output   0x0020331c      0x6c0 contiki-cc2538dk.a(sicslowpan.o)
 .text.input    0x002039dc      0x5ec contiki-cc2538dk.a(sicslowpan.o)
 .text.upper_layer_chksum
                0x00203fc8       0x54 contiki-cc2538dk.a(uip6.o)
 .text.ext_hdr_options_process
                0x0020401c       0xb0 contiki-cc2538dk.a(uip6.o)
 .text.uip_add32
                0x002040cc       0x54 contiki-cc2538dk.a(uip6.o)
                0x002040cc                uip_add32
 .text.unlikely.uip_add_rcv_nxt
                0x00204120       0x2c contiki-cc2538dk.a(uip6.o)
 .text.uip_init
                0x0020414c       0x6c contiki-cc2538dk.a(uip6.o)
                0x0020414c                uip_init
 .text.remove_ext_hdr
                0x002041b8       0x60 contiki-cc2538dk.a(uip6.o)
                0x002041b8                remove_ext_hdr
 .text.uip_unlisten
                0x00204218       0x34 contiki-cc2538dk.a(uip6.o)
                0x00204218                uip_unlisten
 .text.uip_listen
                0x0020424c       0x30 contiki-cc2538dk.a(uip6.o)
                0x0020424c                uip_listen
 .text.uip_process
                0x0020427c      0xdbc contiki-cc2538dk.a(uip6.o)
                0x0020427c                uip_process
 .text.uip_send
                0x00205038       0x44 contiki-cc2538dk.a(uip6.o)
                0x00205038                uip_send
 .text.uip_ds6_prefix_add
                0x0020507c       0x64 contiki-cc2538dk.a(uip-ds6.o)
                0x0020507c                uip_ds6_prefix_add
 .text.uip_ds6_is_addr_onlink
                0x002050e0       0x40 contiki-cc2538dk.a(uip-ds6.o)
                0x002050e0                uip_ds6_is_addr_onlink
 .text.uip_ds6_addr_lookup
                0x00205120       0x2c contiki-cc2538dk.a(uip-ds6.o)
                0x00205120                uip_ds6_addr_lookup
 .text.uip_ds6_get_link_local
                0x0020514c       0x40 contiki-cc2538dk.a(uip-ds6.o)
                0x0020514c                uip_ds6_get_link_local
 .text.uip_ds6_maddr_add
                0x0020518c       0x4c contiki-cc2538dk.a(uip-ds6.o)
                0x0020518c                uip_ds6_maddr_add
 .text.uip_ds6_addr_add
                0x002051d8       0x94 contiki-cc2538dk.a(uip-ds6.o)
                0x002051d8                uip_ds6_addr_add
 .text.uip_ds6_maddr_lookup
                0x0020526c       0x2c contiki-cc2538dk.a(uip-ds6.o)
                0x0020526c                uip_ds6_maddr_lookup
 .text.uip_ds6_addr_rm
                0x00205298       0x44 contiki-cc2538dk.a(uip-ds6.o)
                0x00205298                uip_ds6_addr_rm
 .text.uip_ds6_periodic
                0x002052dc       0x50 contiki-cc2538dk.a(uip-ds6.o)
                0x002052dc                uip_ds6_periodic
 .text.uip_ds6_select_src
                0x0020532c       0x94 contiki-cc2538dk.a(uip-ds6.o)
                0x0020532c                uip_ds6_select_src
 .text.uip_ds6_compute_reachable_time
                0x002053c0       0x28 contiki-cc2538dk.a(uip-ds6.o)
                0x002053c0                uip_ds6_compute_reachable_time
 .text.uip_ds6_init
                0x002053e8       0xe0 contiki-cc2538dk.a(uip-ds6.o)
                0x002053e8                uip_ds6_init
 .text.uip_ds6_nbr_rm
                0x002054c8       0x20 contiki-cc2538dk.a(uip-ds6-nbr.o)
                0x002054c8                uip_ds6_nbr_rm
 .text.uip_ds6_neighbors_init
                0x002054e8       0x14 contiki-cc2538dk.a(uip-ds6-nbr.o)
                0x002054e8                uip_ds6_neighbors_init
 .text.uip_ds6_nbr_add
                0x002054fc       0x60 contiki-cc2538dk.a(uip-ds6-nbr.o)
                0x002054fc                uip_ds6_nbr_add
 .text.uip_ds6_nbr_get_ll
                0x0020555c       0x10 contiki-cc2538dk.a(uip-ds6-nbr.o)
                0x0020555c                uip_ds6_nbr_get_ll
 .text.uip_ds6_nbr_lookup
                0x0020556c       0x38 contiki-cc2538dk.a(uip-ds6-nbr.o)
                0x0020556c                uip_ds6_nbr_lookup
 .text.uip_ds6_nbr_ll_lookup
                0x002055a4       0x10 contiki-cc2538dk.a(uip-ds6-nbr.o)
                0x002055a4                uip_ds6_nbr_ll_lookup
 .text.uip_ds6_link_neighbor_callback
                0x002055b4       0x2c contiki-cc2538dk.a(uip-ds6-nbr.o)
                0x002055b4                uip_ds6_link_neighbor_callback
 .text.uip_ds6_neighbor_periodic
                0x002055e0      0x10c contiki-cc2538dk.a(uip-ds6-nbr.o)
                0x002055e0                uip_ds6_neighbor_periodic
 .text.call_route_callback
                0x002056ec       0x48 contiki-cc2538dk.a(uip-ds6-route.o)
 .text.uip_ds6_route_init
                0x00205734       0x48 contiki-cc2538dk.a(uip-ds6-route.o)
                0x00205734                uip_ds6_route_init
 .text.uip_ds6_route_nexthop
                0x0020577c       0x1c contiki-cc2538dk.a(uip-ds6-route.o)
                0x0020577c                uip_ds6_route_nexthop
 .text.uip_ds6_route_head
                0x00205798        0xc contiki-cc2538dk.a(uip-ds6-route.o)
                0x00205798                uip_ds6_route_head
 .text.uip_ds6_route_lookup
                0x002057a4       0x64 contiki-cc2538dk.a(uip-ds6-route.o)
                0x002057a4                uip_ds6_route_lookup
 .text.uip_ds6_route_rm
                0x00205808       0x9c contiki-cc2538dk.a(uip-ds6-route.o)
                0x00205808                uip_ds6_route_rm
 .text.rm_routelist
                0x002058a4       0x2c contiki-cc2538dk.a(uip-ds6-route.o)
 .text.uip_ds6_route_add
                0x002058d0       0xfc contiki-cc2538dk.a(uip-ds6-route.o)
                0x002058d0                uip_ds6_route_add
 .text.uip_ds6_defrt_rm
                0x002059cc       0x44 contiki-cc2538dk.a(uip-ds6-route.o)
                0x002059cc                uip_ds6_defrt_rm
 .text.uip_ds6_defrt_lookup
                0x00205a10       0x2c contiki-cc2538dk.a(uip-ds6-route.o)
                0x00205a10                uip_ds6_defrt_lookup
 .text.uip_ds6_defrt_add
                0x00205a3c       0x64 contiki-cc2538dk.a(uip-ds6-route.o)
                0x00205a3c                uip_ds6_defrt_add
 .text.uip_ds6_defrt_choose
                0x00205aa0       0x30 contiki-cc2538dk.a(uip-ds6-route.o)
                0x00205aa0                uip_ds6_defrt_choose
 .text.uip_ds6_defrt_periodic
                0x00205ad0       0x30 contiki-cc2538dk.a(uip-ds6-route.o)
                0x00205ad0                uip_ds6_defrt_periodic
 .text.echo_reply_input
                0x00205b00       0xe4 contiki-cc2538dk.a(uip-icmp6.o)
 .text.echo_request_input
                0x00205be4      0x100 contiki-cc2538dk.a(uip-icmp6.o)
 .text.uip_icmp6_input
                0x00205ce4       0x38 contiki-cc2538dk.a(uip-icmp6.o)
                0x00205ce4                uip_icmp6_input
 .text.uip_icmp6_register_input_handler
                0x00205d1c        0xc contiki-cc2538dk.a(uip-icmp6.o)
                0x00205d1c                uip_icmp6_register_input_handler
 .text.uip_icmp6_error_output
                0x00205d28      0x144 contiki-cc2538dk.a(uip-icmp6.o)
                0x00205d28                uip_icmp6_error_output
 .text.uip_icmp6_send
                0x00205e6c       0x8c contiki-cc2538dk.a(uip-icmp6.o)
                0x00205e6c                uip_icmp6_send
 .text.uip_icmp6_init
                0x00205ef8       0x1c contiki-cc2538dk.a(uip-icmp6.o)
                0x00205ef8                uip_icmp6_init
 .text.na_input
                0x00205f14      0x1c8 contiki-cc2538dk.a(uip-nd6.o)
 .text.ns_input
                0x002060dc      0x254 contiki-cc2538dk.a(uip-nd6.o)
 .text.uip_nd6_ns_output
                0x00206330      0x164 contiki-cc2538dk.a(uip-nd6.o)
                0x00206330                uip_nd6_ns_output
 .text.uip_nd6_init
                0x00206494       0x1c contiki-cc2538dk.a(uip-nd6.o)
                0x00206494                uip_nd6_init
 .text.psock_send
                0x002064b0       0x98 contiki-cc2538dk.a(psock.o)
                0x002064b0                psock_send
 .text.psock_newdata
                0x00206548       0x28 contiki-cc2538dk.a(psock.o)
                0x00206548                psock_newdata
 .text.psock_readto
                0x00206570       0xa4 contiki-cc2538dk.a(psock.o)
                0x00206570                psock_readto
 .text.start_periodic_tcp_timer
                0x00206614       0x1c contiki-cc2538dk.a(tcpip.o)
 .text.tcpip_output
                0x00206630       0x10 contiki-cc2538dk.a(tcpip.o)
                0x00206630                tcpip_output
 .text.tcpip_set_outputfunc
                0x00206640        0xc contiki-cc2538dk.a(tcpip.o)
                0x00206640                tcpip_set_outputfunc
 .text.tcp_listen
                0x0020664c       0x3c contiki-cc2538dk.a(tcpip.o)
                0x0020664c                tcp_listen
 .text.tcp_attach
                0x00206688       0x10 contiki-cc2538dk.a(tcpip.o)
                0x00206688                tcp_attach
 .text.tcpip_icmp6_call
                0x00206698       0x28 contiki-cc2538dk.a(tcpip.o)
                0x00206698                tcpip_icmp6_call
 .text.tcpip_input
                0x002066c0       0x24 contiki-cc2538dk.a(tcpip.o)
                0x002066c0                tcpip_input
 .text.tcpip_ipv6_output
                0x002066e4      0x144 contiki-cc2538dk.a(tcpip.o)
                0x002066e4                tcpip_ipv6_output
 .text.process_thread_tcpip_process
                0x00206828      0x1ec contiki-cc2538dk.a(tcpip.o)
 .text.tcpip_uipcall
                0x00206a14       0x7c contiki-cc2538dk.a(tcpip.o)
                0x00206a14                tcpip_uipcall
 .text.uip_debug_ipaddr_print
                0x00206a90       0x64 contiki-cc2538dk.a(uip-debug.o)
                0x00206a90                uip_debug_ipaddr_print
 .text.rpl_get_mode
                0x00206af4        0xc contiki-cc2538dk.a(rpl.o)
                0x00206af4                rpl_get_mode
 .text.rpl_purge_routes
                0x00206b00       0x64 contiki-cc2538dk.a(rpl.o)
                0x00206b00                rpl_purge_routes
 .text.rpl_link_neighbor_callback
                0x00206b64       0x70 contiki-cc2538dk.a(rpl.o)
                0x00206b64                rpl_link_neighbor_callback
 .text.rpl_ipv6_neighbor_callback
                0x00206bd4       0x28 contiki-cc2538dk.a(rpl.o)
                0x00206bd4                rpl_ipv6_neighbor_callback
 .text.rpl_init
                0x00206bfc       0x58 contiki-cc2538dk.a(rpl.o)
                0x00206bfc                rpl_init
 .text.rpl_set_preferred_parent
                0x00206c54       0x28 contiki-cc2538dk.a(rpl-dag.o)
 .text.set_ip_from_prefix
                0x00206c7c       0x2c contiki-cc2538dk.a(rpl-dag.o)
 .text.find_parent_any_dag_any_instance
                0x00206ca8       0x1c contiki-cc2538dk.a(rpl-dag.o)
 .text.rpl_get_nbr
                0x00206cc4       0x28 contiki-cc2538dk.a(rpl-dag.o)
                0x00206cc4                rpl_get_nbr
 .text.rpl_dag_init
                0x00206cec       0x14 contiki-cc2538dk.a(rpl-dag.o)
                0x00206cec                rpl_dag_init
 .text.rpl_get_parent
                0x00206d00       0x10 contiki-cc2538dk.a(rpl-dag.o)
                0x00206d00                rpl_get_parent
 .text.rpl_get_parent_ipaddr
                0x00206d10       0x18 contiki-cc2538dk.a(rpl-dag.o)
                0x00206d10                rpl_get_parent_ipaddr
 .text.rpl_alloc_instance
                0x00206d28       0x34 contiki-cc2538dk.a(rpl-dag.o)
                0x00206d28                rpl_alloc_instance
 .text.rpl_add_parent
                0x00206d5c       0x44 contiki-cc2538dk.a(rpl-dag.o)
                0x00206d5c                rpl_add_parent
 .text.rpl_select_parent
                0x00206da0       0x6c contiki-cc2538dk.a(rpl-dag.o)
                0x00206da0                rpl_select_parent
 .text.rpl_remove_parent
                0x00206e0c       0x1c contiki-cc2538dk.a(rpl-dag.o)
                0x00206e0c                rpl_remove_parent
 .text.remove_parents.constprop.4
                0x00206e28       0x2c contiki-cc2538dk.a(rpl-dag.o)
 .text.rpl_get_any_dag
                0x00206e54       0x18 contiki-cc2538dk.a(rpl-dag.o)
                0x00206e54                rpl_get_any_dag
 .text.rpl_get_instance
                0x00206e6c       0x20 contiki-cc2538dk.a(rpl-dag.o)
                0x00206e6c                rpl_get_instance
 .text.rpl_set_root
                0x00206e8c      0x108 contiki-cc2538dk.a(rpl-dag.o)
                0x00206e8c                rpl_set_root
 .text.rpl_find_of
                0x00206f94       0x14 contiki-cc2538dk.a(rpl-dag.o)
                0x00206f94                rpl_find_of
 .text.rpl_join_instance
                0x00206fa8      0x124 contiki-cc2538dk.a(rpl-dag.o)
                0x00206fa8                rpl_join_instance
 .text.rpl_local_repair
                0x002070cc       0x58 contiki-cc2538dk.a(rpl-dag.o)
                0x002070cc                rpl_local_repair
 .text.rpl_recalculate_ranks
                0x00207124       0x3c contiki-cc2538dk.a(rpl-dag.o)
                0x00207124                rpl_recalculate_ranks
 .text.rpl_lock_parent
                0x00207160       0x10 contiki-cc2538dk.a(rpl-dag.o)
                0x00207160                rpl_lock_parent
 .text.rpl_verify_header
                0x00207170       0x9c contiki-cc2538dk.a(rpl-ext-header.)
                0x00207170                rpl_verify_header
 .text.rpl_update_header_empty
                0x0020720c      0x138 contiki-cc2538dk.a(rpl-ext-header.)
                0x0020720c                rpl_update_header_empty
 .text.rpl_update_header_final
                0x00207344       0x88 contiki-cc2538dk.a(rpl-ext-header.)
                0x00207344                rpl_update_header_final
 .text.rpl_invert_header
                0x002073cc       0x68 contiki-cc2538dk.a(rpl-ext-header.)
                0x002073cc                rpl_invert_header
 .text.rpl_insert_header
                0x00207434       0x1c contiki-cc2538dk.a(rpl-ext-header.)
                0x00207434                rpl_insert_header
 .text.dao_ack_input
                0x00207450        0xc contiki-cc2538dk.a(rpl-icmp6.o)
 .text.dio_input
                0x0020745c      0x280 contiki-cc2538dk.a(rpl-icmp6.o)
 .text.dis_output
                0x002076dc       0x54 contiki-cc2538dk.a(rpl-icmp6.o)
                0x002076dc                dis_output
 .text.dio_output
                0x00207730      0x20c contiki-cc2538dk.a(rpl-icmp6.o)
                0x00207730                dio_output
 .text.dis_input
                0x0020793c       0x34 contiki-cc2538dk.a(rpl-icmp6.o)
 .text.dao_output_target
                0x00207970       0xe0 contiki-cc2538dk.a(rpl-icmp6.o)
                0x00207970                dao_output_target
 .text.dao_output
                0x00207a50       0x64 contiki-cc2538dk.a(rpl-icmp6.o)
                0x00207a50                dao_output
 .text.dao_ack_output
                0x00207ab4       0x34 contiki-cc2538dk.a(rpl-icmp6.o)
                0x00207ab4                dao_ack_output
 .text.dao_input
                0x00207ae8      0x224 contiki-cc2538dk.a(rpl-icmp6.o)
 .text.rpl_icmp6_register_handlers
                0x00207d0c       0x30 contiki-cc2538dk.a(rpl-icmp6.o)
                0x00207d0c                rpl_icmp6_register_handlers
 .text.new_dio_interval
                0x00207d3c       0x58 contiki-cc2538dk.a(rpl-timers.o)
 .text.handle_periodic_timer
                0x00207d94       0x38 contiki-cc2538dk.a(rpl-timers.o)
 .text.set_dao_lifetime_timer
                0x00207dcc       0x3c contiki-cc2538dk.a(rpl-timers.o)
 .text.handle_dio_timer
                0x00207e08       0x80 contiki-cc2538dk.a(rpl-timers.o)
 .text.schedule_dao
                0x00207e88       0x54 contiki-cc2538dk.a(rpl-timers.o)
 .text.handle_dao_timer
                0x00207edc       0x58 contiki-cc2538dk.a(rpl-timers.o)
 .text.rpl_reset_periodic_timer
                0x00207f34       0x34 contiki-cc2538dk.a(rpl-timers.o)
                0x00207f34                rpl_reset_periodic_timer
 .text.rpl_schedule_probing
                0x00207f68       0x30 contiki-cc2538dk.a(rpl-timers.o)
                0x00207f68                rpl_schedule_probing
 .text.handle_probing_timer
                0x00207f98       0xd4 contiki-cc2538dk.a(rpl-timers.o)
 .text.index_from_key
                0x0020806c       0x20 contiki-cc2538dk.a(nbr-table.o)
 .text.index_from_lladdr
                0x0020808c       0x40 contiki-cc2538dk.a(nbr-table.o)
 .text.key_from_item
                0x002080cc       0x2c contiki-cc2538dk.a(nbr-table.o)
 .text.nbr_get_bit.constprop.0
                0x002080f8       0x30 contiki-cc2538dk.a(nbr-table.o)
 .text.nbr_table_register
                0x00208128       0x28 contiki-cc2538dk.a(nbr-table.o)
                0x00208128                nbr_table_register
 .text.nbr_table_head
                0x00208150       0x34 contiki-cc2538dk.a(nbr-table.o)
                0x00208150                nbr_table_head
 .text.nbr_table_add_lladdr
                0x00208184      0x11c contiki-cc2538dk.a(nbr-table.o)
                0x00208184                nbr_table_add_lladdr
 .text.nbr_table_remove
                0x002082a0       0x2c contiki-cc2538dk.a(nbr-table.o)
                0x002082a0                nbr_table_remove
 .text.nbr_table_lock
                0x002082cc       0x14 contiki-cc2538dk.a(nbr-table.o)
                0x002082cc                nbr_table_lock
 .text.nbr_table_unlock
                0x002082e0       0x14 contiki-cc2538dk.a(nbr-table.o)
                0x002082e0                nbr_table_unlock
 .text.netstack_init
                0x002082f4       0x30 contiki-cc2538dk.a(netstack.o)
                0x002082f4                netstack_init
 .text.packetbuf_compact
                0x00208324       0x34 contiki-cc2538dk.a(packetbuf.o)
                0x00208324                packetbuf_compact
 .text.packetbuf_copyto
                0x00208358       0x50 contiki-cc2538dk.a(packetbuf.o)
                0x00208358                packetbuf_copyto
 .text.packetbuf_hdrreduce
                0x002083a8       0x2c contiki-cc2538dk.a(packetbuf.o)
                0x002083a8                packetbuf_hdrreduce
 .text.packetbuf_set_datalen
                0x002083d4        0xc contiki-cc2538dk.a(packetbuf.o)
                0x002083d4                packetbuf_set_datalen
 .text.packetbuf_dataptr
                0x002083e0       0x14 contiki-cc2538dk.a(packetbuf.o)
                0x002083e0                packetbuf_dataptr
 .text.packetbuf_hdrptr
                0x002083f4       0x14 contiki-cc2538dk.a(packetbuf.o)
                0x002083f4                packetbuf_hdrptr
 .text.packetbuf_datalen
                0x00208408        0xc contiki-cc2538dk.a(packetbuf.o)
                0x00208408                packetbuf_datalen
 .text.packetbuf_hdrlen
                0x00208414       0x1c contiki-cc2538dk.a(packetbuf.o)
                0x00208414                packetbuf_hdrlen
 .text.packetbuf_totlen
                0x00208430       0x14 contiki-cc2538dk.a(packetbuf.o)
                0x00208430                packetbuf_totlen
 .text.packetbuf_hdralloc
                0x00208444       0x28 contiki-cc2538dk.a(packetbuf.o)
                0x00208444                packetbuf_hdralloc
 .text.packetbuf_attr_clear
                0x0020846c       0x38 contiki-cc2538dk.a(packetbuf.o)
                0x0020846c                packetbuf_attr_clear
 .text.packetbuf_clear
                0x002084a4       0x30 contiki-cc2538dk.a(packetbuf.o)
                0x002084a4                packetbuf_clear
 .text.packetbuf_copyfrom
                0x002084d4       0x2c contiki-cc2538dk.a(packetbuf.o)
                0x002084d4                packetbuf_copyfrom
 .text.packetbuf_attr_copyto
                0x00208500       0x34 contiki-cc2538dk.a(packetbuf.o)
                0x00208500                packetbuf_attr_copyto
 .text.packetbuf_attr_copyfrom
                0x00208534       0x34 contiki-cc2538dk.a(packetbuf.o)
                0x00208534                packetbuf_attr_copyfrom
 .text.packetbuf_set_attr
                0x00208568       0x10 contiki-cc2538dk.a(packetbuf.o)
                0x00208568                packetbuf_set_attr
 .text.packetbuf_attr
                0x00208578        0xc contiki-cc2538dk.a(packetbuf.o)
                0x00208578                packetbuf_attr
 .text.packetbuf_set_addr
                0x00208584       0x18 contiki-cc2538dk.a(packetbuf.o)
                0x00208584                packetbuf_set_addr
 .text.packetbuf_addr
                0x0020859c       0x10 contiki-cc2538dk.a(packetbuf.o)
                0x0020859c                packetbuf_addr
 .text.packetbuf_holds_broadcast
                0x002085ac       0x10 contiki-cc2538dk.a(packetbuf.o)
                0x002085ac                packetbuf_holds_broadcast
 .text.queuebuf_init
                0x002085bc       0x1c contiki-cc2538dk.a(queuebuf.o)
                0x002085bc                queuebuf_init
 .text.queuebuf_numfree
                0x002085d8        0xc contiki-cc2538dk.a(queuebuf.o)
                0x002085d8                queuebuf_numfree
 .text.queuebuf_new_from_packetbuf
                0x002085e4       0x44 contiki-cc2538dk.a(queuebuf.o)
                0x002085e4                queuebuf_new_from_packetbuf
 .text.queuebuf_free
                0x00208628       0x2c contiki-cc2538dk.a(queuebuf.o)
                0x00208628                queuebuf_free
 .text.queuebuf_to_packetbuf
                0x00208654       0x30 contiki-cc2538dk.a(queuebuf.o)
                0x00208654                queuebuf_to_packetbuf
 .text.input_packet
                0x00208684        0xc contiki-cc2538dk.a(csma.o)
 .text.on       0x00208690        0xc contiki-cc2538dk.a(csma.o)
 .text.off      0x0020869c        0xc contiki-cc2538dk.a(csma.o)
 .text.channel_check_interval
                0x002086a8       0x10 contiki-cc2538dk.a(csma.o)
 .text.transmit_packet_list
                0x002086b8       0x30 contiki-cc2538dk.a(csma.o)
 .text.send_packet
                0x002086e8      0x148 contiki-cc2538dk.a(csma.o)
 .text.init     0x00208830       0x24 contiki-cc2538dk.a(csma.o)
 .text.free_packet
                0x00208854       0x90 contiki-cc2538dk.a(csma.o)
 .text.packet_sent
                0x002088e4       0xf8 contiki-cc2538dk.a(csma.o)
 .text.create_frame.isra.0
                0x002089dc      0x110 contiki-cc2538dk.a(framer-802154.o)
 .text.framer_canonical_create_and_secure
                0x00208aec       0x30 contiki-cc2538dk.a(framer.o)
                0x00208aec                framer_canonical_create_and_secure
 .text.init     0x00208b1c       0x40 contiki-cc2538dk.a(contikimac.o)
 .text.on       0x00208b5c       0x2c contiki-cc2538dk.a(contikimac.o)
 .text.off      0x00208b88       0x38 contiki-cc2538dk.a(contikimac.o)
 .text.recv_burst_off
                0x00208bc0       0x14 contiki-cc2538dk.a(contikimac.o)
 .text.powercycle_turn_radio_off
                0x00208bd4       0x1c contiki-cc2538dk.a(contikimac.o)
 .text.turn_off
                0x00208bf0       0x38 contiki-cc2538dk.a(contikimac.o)
 .text.turn_on  0x00208c28       0x40 contiki-cc2538dk.a(contikimac.o)
 .text.schedule_powercycle_fixed
                0x00208c68       0x38 contiki-cc2538dk.a(contikimac.o)
 .text.input_packet
                0x00208ca0       0xa8 contiki-cc2538dk.a(contikimac.o)
 .text.send_packet.isra.7
                0x00208d48      0x1f8 contiki-cc2538dk.a(contikimac.o)
 .text.qsend_list
                0x00208f40       0xc0 contiki-cc2538dk.a(contikimac.o)
 .text.powercycle
                0x00209000      0x20c contiki-cc2538dk.a(contikimac.o)
 .text.input    0x0020920c        0xc contiki-cc2538dk.a(nullsec.o)
 .text.send     0x00209218       0x20 contiki-cc2538dk.a(nullsec.o)
 .text.leds_init
                0x00209238       0x14 contiki-cc2538dk.a(leds.o)
                0x00209238                leds_init
 .text.leds_on  0x0020924c       0x10 contiki-cc2538dk.a(leds.o)
                0x0020924c                leds_on
 .text.leds_off
                0x0020925c       0x14 contiki-cc2538dk.a(leds.o)
                0x0020925c                leds_off
 .text.leds_arch_init
                0x00209270       0x10 contiki-cc2538dk.a(leds-arch.o)
                0x00209270                leds_arch_init
 .text.leds_arch_set
                0x00209280        0xc contiki-cc2538dk.a(leds-arch.o)
                0x00209280                leds_arch_set
 .text.stimer_expired
                0x0020928c       0x20 contiki-cc2538dk.a(stimer.o)
                0x0020928c                stimer_expired
 .text.frame802154_parse
                0x002092ac      0x120 contiki-cc2538dk.a(frame802154.o)
                0x002092ac                frame802154_parse
 .text.mac_sequence_is_duplicate
                0x002093cc       0x38 contiki-cc2538dk.a(mac-sequence.o)
                0x002093cc                mac_sequence_is_duplicate
 .text.mac_sequence_register_seqno
                0x00209404       0x64 contiki-cc2538dk.a(mac-sequence.o)
                0x00209404                mac_sequence_register_seqno
 .text          0x00209468       0x30 /usr/bin/../lib/gcc/arm-none-eabi/4.9.3/armv7-m/libgcc.a(_aeabi_uldivmod.o)
                0x00209468                __aeabi_uldivmod
 .text          0x00209498       0x60 /usr/bin/../lib/gcc/arm-none-eabi/4.9.3/armv7-m/libgcc.a(bpabi.o)
                0x00209498                __gnu_ldivmod_helper
                0x002094c8                __gnu_uldivmod_helper
 .text          0x002094f8        0x4 /usr/bin/../lib/gcc/arm-none-eabi/4.9.3/armv7-m/libgcc.a(_dvmd_tls.o)
                0x002094f8                __aeabi_ldiv0
                0x002094f8                __aeabi_idiv0
 .text          0x002094fc      0x2ac /usr/bin/../lib/gcc/arm-none-eabi/4.9.3/armv7-m/libgcc.a(_divdi3.o)
                0x002094fc                __divdi3
 .text          0x002097a8      0x270 /usr/bin/../lib/gcc/arm-none-eabi/4.9.3/armv7-m/libgcc.a(_udivdi3.o)
                0x002097a8                __udivdi3
 .text.memcmp   0x00209a18       0x64 /usr/bin/../lib/gcc/arm-none-eabi/4.9.3/../../../../arm-none-eabi/lib/armv7-m/libc.a(lib_a-memcmp.o)
                0x00209a18                memcmp
 .text          0x00209a7c       0xec /usr/bin/../lib/gcc/arm-none-eabi/4.9.3/../../../../arm-none-eabi/lib/armv7-m/libc.a(lib_a-memcpy.o)
                0x00209a7c                memcpy
 .text.memmove  0x00209b68       0xc8 /usr/bin/../lib/gcc/arm-none-eabi/4.9.3/../../../../arm-none-eabi/lib/armv7-m/libc.a(lib_a-memmove.o)
                0x00209b68                memmove
 .text.memset   0x00209c30       0x9c /usr/bin/../lib/gcc/arm-none-eabi/4.9.3/../../../../arm-none-eabi/lib/armv7-m/libc.a(lib_a-memset.o)
                0x00209c30                memset
 .text.strcpy   0x00209ccc       0xbc /usr/bin/../lib/gcc/arm-none-eabi/4.9.3/../../../../arm-none-eabi/lib/armv7-m/libc.a(lib_a-strcpy.o)
                0x00209ccc                strcpy
 .text.strlen   0x00209d88       0x5c /usr/bin/../lib/gcc/arm-none-eabi/4.9.3/../../../../arm-none-eabi/lib/armv7-m/libc.a(lib_a-strlen.o)
                0x00209d88                strlen
 .text.strncmp  0x00209de4       0x94 /usr/bin/../lib/gcc/arm-none-eabi/4.9.3/../../../../arm-none-eabi/lib/armv7-m/libc.a(lib_a-strncmp.o)
                0x00209de4                strncmp
 .text.strncpy  0x00209e78       0x68 /usr/bin/../lib/gcc/arm-none-eabi/4.9.3/../../../../arm-none-eabi/lib/armv7-m/libc.a(lib_a-strncpy.o)
                0x00209e78                strncpy
 .text.default_handler
                0x00209ee0        0x2 obj_cc2538dk/startup-gcc.o
                0x00209ee0                default_handler
                0x00209ee0                usb_isr
 .text.nmi_handler
                0x00209ee2        0x6 obj_cc2538dk/startup-gcc.o
                0x00209ee2                nmi_handler
 .text.fade     0x00209ee8       0x54 contiki-cc2538dk.a(contiki-main.o)
 .text.config   0x00209f3c       0x40 contiki-cc2538dk.a(button-sensor.o)
 .text.status   0x00209f7c        0x4 contiki-cc2538dk.a(als-sensor.o)
 .text.clock_isr
                0x00209f80        0x4 contiki-cc2538dk.a(clock.o)
                0x00209f80                clock_isr
 .text.rtimer_arch_init
                0x00209f84        0x2 contiki-cc2538dk.a(rtimer-arch.o)
                0x00209f84                rtimer_arch_init
 .text.uart0_isr
                0x00209f86        0x6 contiki-cc2538dk.a(uart.o)
                0x00209f86                uart0_isr
 .text.uart1_isr
                0x00209f8c        0x6 contiki-cc2538dk.a(uart.o)
                0x00209f8c                uart1_isr
 .text.cpu_cpsie
                0x00209f92        0x8 contiki-cc2538dk.a(cpu.o)
                0x00209f92                cpu_cpsie
 .text.cpu_cpsid
                0x00209f9a        0x8 contiki-cc2538dk.a(cpu.o)
                0x00209f9a                cpu_cpsid
 .text.gpio_port_a_isr
                0x00209fa2        0x6 contiki-cc2538dk.a(gpio.o)
                0x00209fa2                gpio_port_a_isr
 .text.gpio_port_b_isr
                0x00209fa8        0x6 contiki-cc2538dk.a(gpio.o)
                0x00209fa8                gpio_port_b_isr
 .text.gpio_port_c_isr
                0x00209fae        0x6 contiki-cc2538dk.a(gpio.o)
                0x00209fae                gpio_port_c_isr
 .text.gpio_port_d_isr
                0x00209fb4        0x6 contiki-cc2538dk.a(gpio.o)
                0x00209fb4                gpio_port_d_isr
 .text.send     0x00209fba       0x12 contiki-cc2538dk.a(cc2538-rf.o)
 .text.dbg_send_bytes
                0x00209fcc       0x20 contiki-cc2538dk.a(dbg.o)
                0x00209fcc                dbg_send_bytes
 .text.puts     0x00209fec       0x20 contiki-cc2538dk.a(dbg.o)
                0x00209fec                puts
 .text.slip_arch_writeb
                0x0020a00c        0x8 contiki-cc2538dk.a(slip-arch.o)
                0x0020a00c                slip_arch_writeb
 .text.configure
                0x0020a014        0x4 contiki-cc2538dk.a(cc2538-temp-sen)
 .text.status   0x0020a018        0x4 contiki-cc2538dk.a(cc2538-temp-sen)
 .text.value    0x0020a01c       0x34 contiki-cc2538dk.a(cc2538-temp-sen)
 .text.configure
                0x0020a050        0x4 contiki-cc2538dk.a(vdd3-sensor.o)
 .text.status   0x0020a054        0x4 contiki-cc2538dk.a(vdd3-sensor.o)
 .text.value    0x0020a058       0x2a contiki-cc2538dk.a(vdd3-sensor.o)
 .text.write_str
                0x0020a082       0x10 contiki-cc2538dk.a(dbg-printf.o)
 .text.buffer_str
                0x0020a092       0x28 contiki-cc2538dk.a(dbg-snprintf.o)
 .text.snprintf
                0x0020a0ba       0x1a contiki-cc2538dk.a(dbg-snprintf.o)
                0x0020a0ba                snprintf
 .text.autostart_start
                0x0020a0d4       0x14 contiki-cc2538dk.a(autostart.o)
                0x0020a0d4                autostart_start
 .text.energest_init
                0x0020a0e8        0x2 contiki-cc2538dk.a(energest.o)
                0x0020a0e8                energest_init
 .text.etimer_set
                0x0020a0ea       0x12 contiki-cc2538dk.a(etimer.o)
                0x0020a0ea                etimer_set
 .text.etimer_reset
                0x0020a0fc       0x12 contiki-cc2538dk.a(etimer.o)
                0x0020a0fc                etimer_reset
 .text.etimer_restart
                0x0020a10e       0x12 contiki-cc2538dk.a(etimer.o)
                0x0020a10e                etimer_restart
 .text.etimer_expired
                0x0020a120        0xa contiki-cc2538dk.a(etimer.o)
                0x0020a120                etimer_expired
 .text.etimer_expiration_time
                0x0020a12a        0x6 contiki-cc2538dk.a(etimer.o)
                0x0020a12a                etimer_expiration_time
 .text.call_process
                0x0020a130        0xc contiki-cc2538dk.a(process.o)
 .text.rtimer_init
                0x0020a13c        0x4 contiki-cc2538dk.a(rtimer.o)
                0x0020a13c                rtimer_init
 .text.timer_set
                0x0020a140        0xe contiki-cc2538dk.a(timer.o)
                0x0020a140                timer_set
 .text.timer_reset
                0x0020a14e        0xa contiki-cc2538dk.a(timer.o)
                0x0020a14e                timer_reset
 .text.timer_restart
                0x0020a158        0xc contiki-cc2538dk.a(timer.o)
                0x0020a158                timer_restart
 .text.timer_expired
                0x0020a164       0x1c contiki-cc2538dk.a(timer.o)
                0x0020a164                timer_expired
 .text.list_init
                0x0020a180        0x6 contiki-cc2538dk.a(list.o)
                0x0020a180                list_init
 .text.list_head
                0x0020a186        0x4 contiki-cc2538dk.a(list.o)
                0x0020a186                list_head
 .text.list_tail
                0x0020a18a       0x10 contiki-cc2538dk.a(list.o)
                0x0020a18a                list_tail
 .text.list_remove
                0x0020a19a       0x28 contiki-cc2538dk.a(list.o)
                0x0020a19a                list_remove
 .text.list_add
                0x0020a1c2       0x1e contiki-cc2538dk.a(list.o)
                0x0020a1c2                list_add
 .text.list_push
                0x0020a1e0       0x12 contiki-cc2538dk.a(list.o)
                0x0020a1e0                list_push
 .text.list_length
                0x0020a1f2        0xe contiki-cc2538dk.a(list.o)
                0x0020a1f2                list_length
 .text.list_item_next
                0x0020a200        0x6 contiki-cc2538dk.a(list.o)
                0x0020a200                list_item_next
 .text.memb_init
                0x0020a206       0x20 contiki-cc2538dk.a(memb.o)
                0x0020a206                memb_init
 .text.memb_alloc
                0x0020a226       0x28 contiki-cc2538dk.a(memb.o)
                0x0020a226                memb_alloc
 .text.memb_free
                0x0020a24e       0x2c contiki-cc2538dk.a(memb.o)
                0x0020a24e                memb_free
 .text.memb_inmemb
                0x0020a27a       0x1c contiki-cc2538dk.a(memb.o)
                0x0020a27a                memb_inmemb
 .text.memb_numfree
                0x0020a296       0x1c contiki-cc2538dk.a(memb.o)
                0x0020a296                memb_numfree
 .text.ringbuf_init
                0x0020a2b2        0xe contiki-cc2538dk.a(ringbuf.o)
                0x0020a2b2                ringbuf_init
 .text.ringbuf_put
                0x0020a2c0       0x28 contiki-cc2538dk.a(ringbuf.o)
                0x0020a2c0                ringbuf_put
 .text.ringbuf_get
                0x0020a2e8       0x20 contiki-cc2538dk.a(ringbuf.o)
                0x0020a2e8                ringbuf_get
 .text.chksum   0x0020a308       0x38 contiki-cc2538dk.a(uip6.o)
 .text.uip_icmp6chksum
                0x0020a340        0x6 contiki-cc2538dk.a(uip6.o)
                0x0020a340                uip_icmp6chksum
 .text.uip_tcpchksum
                0x0020a346        0x6 contiki-cc2538dk.a(uip6.o)
                0x0020a346                uip_tcpchksum
 .text.uip_udpchksum
                0x0020a34c        0x6 contiki-cc2538dk.a(uip6.o)
                0x0020a34c                uip_udpchksum
 .text.uip_htonl
                0x0020a352       0x14 contiki-cc2538dk.a(uip6.o)
                0x0020a352                uip_htonl
 .text.uip_ds6_list_loop
                0x0020a366       0x48 contiki-cc2538dk.a(uip-ds6.o)
                0x0020a366                uip_ds6_list_loop
 .text.uip_ds6_maddr_rm
                0x0020a3ae        0x8 contiki-cc2538dk.a(uip-ds6.o)
                0x0020a3ae                uip_ds6_maddr_rm
 .text.uip_ds6_set_addr_iid
                0x0020a3b6       0x12 contiki-cc2538dk.a(uip-ds6.o)
                0x0020a3b6                uip_ds6_set_addr_iid
 .text.get_match_length
                0x0020a3c8       0x3a contiki-cc2538dk.a(uip-ds6.o)
                0x0020a3c8                get_match_length
 .text.uip_ds6_nbr_ipaddr_from_lladdr
                0x0020a402        0x4 contiki-cc2538dk.a(uip-ds6-nbr.o)
                0x0020a402                uip_ds6_nbr_ipaddr_from_lladdr
 .text.uip_ds6_nbr_lladdr_from_ipaddr
                0x0020a406       0x12 contiki-cc2538dk.a(uip-ds6-nbr.o)
                0x0020a406                uip_ds6_nbr_lladdr_from_ipaddr
 .text.uip_ds6_route_next
                0x0020a418        0x8 contiki-cc2538dk.a(uip-ds6-route.o)
                0x0020a418                uip_ds6_route_next
 .text.rm_routelist_callback
                0x0020a420        0x4 contiki-cc2538dk.a(uip-ds6-route.o)
 .text.psock_datalen
                0x0020a424        0xa contiki-cc2538dk.a(psock.o)
                0x0020a424                psock_datalen
 .text.psock_init
                0x0020a42e       0x16 contiki-cc2538dk.a(psock.o)
                0x0020a42e                psock_init
 .text.rpl_remove_routes
                0x0020a444       0x1e contiki-cc2538dk.a(rpl.o)
                0x0020a444                rpl_remove_routes
 .text.rpl_remove_routes_by_nexthop
                0x0020a462       0x36 contiki-cc2538dk.a(rpl.o)
                0x0020a462                rpl_remove_routes_by_nexthop
 .text.rpl_add_route
                0x0020a498       0x28 contiki-cc2538dk.a(rpl.o)
                0x0020a498                rpl_add_route
 .text.lollipop_greater_than
                0x0020a4c0       0x34 contiki-cc2538dk.a(rpl-dag.o)
 .text.check_prefix
                0x0020a4f4       0x58 contiki-cc2538dk.a(rpl-dag.o)
 .text.rpl_set_prefix
                0x0020a54c       0x6c contiki-cc2538dk.a(rpl-dag.o)
                0x0020a54c                rpl_set_prefix
 .text.rpl_set_default_route
                0x0020a5b8       0x38 contiki-cc2538dk.a(rpl-dag.o)
                0x0020a5b8                rpl_set_default_route
 .text.rpl_find_parent
                0x0020a5f0       0x16 contiki-cc2538dk.a(rpl-dag.o)
                0x0020a5f0                rpl_find_parent
 .text.rpl_find_parent_any_dag
                0x0020a606       0x1e contiki-cc2538dk.a(rpl-dag.o)
                0x0020a606                rpl_find_parent_any_dag
 .text.rpl_select_dag
                0x0020a624      0x152 contiki-cc2538dk.a(rpl-dag.o)
                0x0020a624                rpl_select_dag
 .text.rpl_nullify_parent
                0x0020a776       0x48 contiki-cc2538dk.a(rpl-dag.o)
                0x0020a776                rpl_nullify_parent
 .text.nbr_callback
                0x0020a7be        0x4 contiki-cc2538dk.a(rpl-dag.o)
 .text.rpl_free_dag
                0x0020a7c2       0x2e contiki-cc2538dk.a(rpl-dag.o)
                0x0020a7c2                rpl_free_dag
 .text.rpl_move_parent
                0x0020a7f0       0x48 contiki-cc2538dk.a(rpl-dag.o)
                0x0020a7f0                rpl_move_parent
 .text.rpl_repair_root
                0x0020a838       0x48 contiki-cc2538dk.a(rpl-dag.o)
                0x0020a838                rpl_repair_root
 .text.rpl_alloc_dag
                0x0020a880       0x48 contiki-cc2538dk.a(rpl-dag.o)
                0x0020a880                rpl_alloc_dag
 .text.rpl_process_parent_event
                0x0020a8c8       0x60 contiki-cc2538dk.a(rpl-dag.o)
                0x0020a8c8                rpl_process_parent_event
 .text.rpl_add_dag
                0x0020a928      0x100 contiki-cc2538dk.a(rpl-dag.o)
                0x0020a928                rpl_add_dag
 .text.rpl_process_dio
                0x0020aa28      0x29c contiki-cc2538dk.a(rpl-dag.o)
                0x0020aa28                rpl_process_dio
 .text.get32    0x0020acc4       0x18 contiki-cc2538dk.a(rpl-icmp6.o)
 .text.set32    0x0020acdc       0x12 contiki-cc2538dk.a(rpl-icmp6.o)
 .text.get16    0x0020acee        0xc contiki-cc2538dk.a(rpl-icmp6.o)
 .text.set16    0x0020acfa        0xa contiki-cc2538dk.a(rpl-icmp6.o)
 .text.reset    0x0020ad04        0x2 contiki-cc2538dk.a(rpl-mrhof.o)
 .text.update_metric_container
                0x0020ad06        0x6 contiki-cc2538dk.a(rpl-mrhof.o)
 .text.calculate_rank
                0x0020ad0c       0x34 contiki-cc2538dk.a(rpl-mrhof.o)
 .text.neighbor_link_callback
                0x0020ad40       0x46 contiki-cc2538dk.a(rpl-mrhof.o)
 .text.best_dag
                0x0020ad86       0x2c contiki-cc2538dk.a(rpl-mrhof.o)
 .text.best_parent
                0x0020adb2       0x5a contiki-cc2538dk.a(rpl-mrhof.o)
 .text.rpl_reset_dio_timer
                0x0020ae0c       0x1c contiki-cc2538dk.a(rpl-timers.o)
                0x0020ae0c                rpl_reset_dio_timer
 .text.rpl_schedule_dao
                0x0020ae28        0x8 contiki-cc2538dk.a(rpl-timers.o)
                0x0020ae28                rpl_schedule_dao
 .text.linkaddr_copy
                0x0020ae30        0xa contiki-cc2538dk.a(linkaddr.o)
                0x0020ae30                linkaddr_copy
 .text.linkaddr_cmp
                0x0020ae3a       0x10 contiki-cc2538dk.a(linkaddr.o)
                0x0020ae3a                linkaddr_cmp
 .text.nbr_set_bit
                0x0020ae4a       0x38 contiki-cc2538dk.a(nbr-table.o)
 .text.item_from_key
                0x0020ae82       0x22 contiki-cc2538dk.a(nbr-table.o)
 .text.nbr_table_next
                0x0020aea4       0x2e contiki-cc2538dk.a(nbr-table.o)
                0x0020aea4                nbr_table_next
 .text.nbr_table_get_from_lladdr
                0x0020aed2       0x32 contiki-cc2538dk.a(nbr-table.o)
                0x0020aed2                nbr_table_get_from_lladdr
 .text.nbr_table_get_lladdr
                0x0020af04        0xc contiki-cc2538dk.a(nbr-table.o)
                0x0020af04                nbr_table_get_lladdr
 .text.queuebuf_update_attr_from_packetbuf
                0x0020af10        0xc contiki-cc2538dk.a(queuebuf.o)
                0x0020af10                queuebuf_update_attr_from_packetbuf
 .text.queuebuf_update_from_packetbuf
                0x0020af1c       0x1c contiki-cc2538dk.a(queuebuf.o)
                0x0020af1c                queuebuf_update_from_packetbuf
 .text.queuebuf_attr
                0x0020af38        0xc contiki-cc2538dk.a(queuebuf.o)
                0x0020af38                queuebuf_attr
 .text.parse    0x0020af44       0x8e contiki-cc2538dk.a(framer-802154.o)
 .text.create   0x0020afd2        0x6 contiki-cc2538dk.a(framer-802154.o)
 .text.hdr_length
                0x0020afd8        0x6 contiki-cc2538dk.a(framer-802154.o)
 .text.mac_call_sent_callback
                0x0020afde       0x16 contiki-cc2538dk.a(mac.o)
                0x0020afde                mac_call_sent_callback
 .text.duty_cycle
                0x0020aff4        0x4 contiki-cc2538dk.a(contikimac.o)
 .text.qsend_packet
                0x0020aff8       0x22 contiki-cc2538dk.a(contikimac.o)
 .text.bootstrap
                0x0020b01a        0x2 contiki-cc2538dk.a(nullsec.o)
 .text.on_frame_created
                0x0020b01c        0x4 contiki-cc2538dk.a(nullsec.o)
 .text.get_overhead
                0x0020b020        0x4 contiki-cc2538dk.a(nullsec.o)
 .text.stimer_set
                0x0020b024        0xe contiki-cc2538dk.a(stimer.o)
                0x0020b024                stimer_set
 .text.field_len
                0x0020b032       0x70 contiki-cc2538dk.a(frame802154.o)
 .text.frame802154_hdrlen
                0x0020b0a2       0x2c contiki-cc2538dk.a(frame802154.o)
                0x0020b0a2                frame802154_hdrlen
 .text.frame802154_create
                0x0020b0ce       0xc4 contiki-cc2538dk.a(frame802154.o)
                0x0020b0ce                frame802154_create
 *(SORT(.rodata*))
 *fill*         0x0020b192        0x2 00000000
 .rodata.autostart_processes
                0x0020b194        0xc border-router.co
                0x0020b194                autostart_processes
 .rodata.rpl_interface
                0x0020b1a0        0x8 obj_cc2538dk/slip-bridge.o
                0x0020b1a0                rpl_interface
 .rodata.button_select_sensor
                0x0020b1a8       0x10 contiki-cc2538dk.a(button-sensor.o)
                0x0020b1a8                button_select_sensor
 .rodata.button_up_sensor
                0x0020b1b8       0x10 contiki-cc2538dk.a(button-sensor.o)
                0x0020b1b8                button_up_sensor
 .rodata.button_left_sensor
                0x0020b1c8       0x10 contiki-cc2538dk.a(button-sensor.o)
                0x0020b1c8                button_left_sensor
 .rodata.button_right_sensor
                0x0020b1d8       0x10 contiki-cc2538dk.a(button-sensor.o)
                0x0020b1d8                button_right_sensor
 .rodata.button_down_sensor
                0x0020b1e8       0x10 contiki-cc2538dk.a(button-sensor.o)
                0x0020b1e8                button_down_sensor
 .rodata.als_sensor
                0x0020b1f8       0x10 contiki-cc2538dk.a(als-sensor.o)
                0x0020b1f8                als_sensor
 .rodata.uart_regs
                0x0020b208       0x58 contiki-cc2538dk.a(uart.o)
 .rodata.cc2538_rf_driver
                0x0020b260       0x38 contiki-cc2538dk.a(cc2538-rf.o)
                0x0020b260                cc2538_rf_driver
 .rodata.output_power
                0x0020b298       0x70 contiki-cc2538dk.a(cc2538-rf.o)
 .rodata.cc2538_temp_sensor
                0x0020b308       0x10 contiki-cc2538dk.a(cc2538-temp-sen)
                0x0020b308                cc2538_temp_sensor
 .rodata.vdd3_sensor
                0x0020b318       0x10 contiki-cc2538dk.a(vdd3-sensor.o)
                0x0020b318                vdd3_sensor
 .rodata.sicslowpan_driver
                0x0020b328        0xc contiki-cc2538dk.a(sicslowpan.o)
                0x0020b328                sicslowpan_driver
 .rodata.csma_driver
                0x0020b334       0x1c contiki-cc2538dk.a(csma.o)
                0x0020b334                csma_driver
 .rodata.framer_802154
                0x0020b350       0x10 contiki-cc2538dk.a(framer-802154.o)
                0x0020b350                framer_802154
 .rodata.contikimac_driver
                0x0020b360       0x20 contiki-cc2538dk.a(contikimac.o)
                0x0020b360                contikimac_driver
 .rodata.nullsec_driver
                0x0020b380       0x18 contiki-cc2538dk.a(nullsec.o)
                0x0020b380                nullsec_driver
 .rodata.str1.1
                0x0020b398       0xbd border-router.co
                                 0xc1 (size before relaxing)
 .rodata.str1.1
                0x0020b455       0xa1 obj_cc2538dk/slip-bridge.o
 .rodata.http_index_html
                0x0020b4f6        0xc obj_cc2538dk/httpd-simple.o
                0x0020b4f6                http_index_html
 .rodata.http_header_404
                0x0020b502       0x5d obj_cc2538dk/httpd-simple.o
                0x0020b502                http_header_404
 .rodata.http_header_200
                0x0020b55f       0x56 obj_cc2538dk/httpd-simple.o
                0x0020b55f                http_header_200
 .rodata.http_content_type_html
                0x0020b5b5       0x1c obj_cc2538dk/httpd-simple.o
                0x0020b5b5                http_content_type_html
 .rodata.str1.1
                0x0020b5d1       0x68 obj_cc2538dk/httpd-simple.o
 .rodata.http_get
                0x0020b639        0x5 obj_cc2538dk/httpd-simple.o
                0x0020b639                http_get
 .rodata.str1.1
                0x0020b63e       0x71 contiki-cc2538dk.a(contiki-main.o)
 .rodata.str1.1
                0x0020b6af        0x8 contiki-cc2538dk.a(sensors.o)
 .rodata.str1.1
                0x0020b6b7        0x7 contiki-cc2538dk.a(button-sensor.o)
 .rodata.str1.1
                0x0020b6be        0x4 contiki-cc2538dk.a(als-sensor.o)
 .rodata.str1.1
                0x0020b6c2       0x11 contiki-cc2538dk.a(cc2538-rf.o)
 .rodata.str1.1
                0x0020b6d3       0x21 contiki-cc2538dk.a(slip.o)
 .rodata.str1.1
                0x0020b6f4       0x14 contiki-cc2538dk.a(cc2538-temp-sen)
 .rodata.str1.1
                0x0020b708        0x5 contiki-cc2538dk.a(vdd3-sensor.o)
 .rodata.buffer.4159
                0x0020b70d       0x10 contiki-cc2538dk.a(strformat.o)
 .rodata.str1.1
                0x0020b71d       0x24 contiki-cc2538dk.a(strformat.o)
                                 0x37 (size before relaxing)
 .rodata.buffer.4150
                0x0020b741       0x10 contiki-cc2538dk.a(strformat.o)
 .rodata.str1.1
                0x0020b751        0xf contiki-cc2538dk.a(ctimer.o)
 .rodata.str1.1
                0x0020b760        0xc contiki-cc2538dk.a(etimer.o)
 .rodata.str1.1
                0x0020b76c        0xe contiki-cc2538dk.a(serial-line.o)
 .rodata        0x0020b77a        0x2 contiki-cc2538dk.a(sicslowpan.o)
 .rodata.ttl_values
                0x0020b77c        0x4 contiki-cc2538dk.a(sicslowpan.o)
 .rodata.unc_llconf
                0x0020b780        0x4 contiki-cc2538dk.a(sicslowpan.o)
                0x0020b780                unc_llconf
 .rodata.llprefix
                0x0020b784        0x2 contiki-cc2538dk.a(sicslowpan.o)
                0x0020b784                llprefix
 .rodata.unc_mxconf
                0x0020b786        0x4 contiki-cc2538dk.a(sicslowpan.o)
                0x0020b786                unc_mxconf
 .rodata.str1.1
                0x0020b78a        0xb contiki-cc2538dk.a(sicslowpan.o)
 .rodata.unc_ctxconf
                0x0020b795        0x4 contiki-cc2538dk.a(sicslowpan.o)
                0x0020b795                unc_ctxconf
 .rodata.str1.1
                0x0020b799        0xd contiki-cc2538dk.a(tcpip.o)
 .rodata.str1.1
                0x0020b7a6       0x23 contiki-cc2538dk.a(uip-debug.o)
                                 0x29 (size before relaxing)
 .rodata.linkaddr_null
                0x0020b7c9        0x8 contiki-cc2538dk.a(linkaddr.o)
                0x0020b7c9                linkaddr_null
 .rodata.str1.1
                0x0020b7d1        0x5 contiki-cc2538dk.a(csma.o)
 .rodata.str1.1
                0x0020b7d6        0xb contiki-cc2538dk.a(contikimac.o)
 .rodata.str1.1
                0x0020b7e1        0x8 contiki-cc2538dk.a(nullsec.o)
                0x0020b7e9                _etext = .

.glue_7         0x0020b7ec        0x0
 .glue_7        0x00000000        0x0 linker stubs

.glue_7t        0x0020b7ec        0x0
 .glue_7t       0x00000000        0x0 linker stubs

.vfp11_veneer   0x0020b7ec        0x0
 .vfp11_veneer  0x00000000        0x0 linker stubs

.v4_bx          0x0020b7ec        0x0
 .v4_bx         0x00000000        0x0 linker stubs

.iplt           0x0020b7ec        0x0
 .iplt          0x00000000        0x0 obj_cc2538dk/startup-gcc.o

.socdata        0x20000000       0x40
 *(SORT(.udma_channel_control_table))
 .udma_channel_control_table
                0x20000000       0x40 contiki-cc2538dk.a(udma.o)

.data           0x20000040      0x1ea load address 0x0020b7ec
                0x20000040                _data = .
 *(SORT(.data*))
 .data.border_router_process
                0x20000040       0x10 border-router.co
                0x20000040                border_router_process
 .data.webserver_nogui_process
                0x20000050       0x10 border-router.co
                0x20000050                webserver_nogui_process
 .data.conns    0x20000060        0xc obj_cc2538dk/httpd-simple.o
 .data.sensors_process
                0x2000006c       0x10 contiki-cc2538dk.a(sensors.o)
                0x2000006c                sensors_process
 .data.sensors  0x2000007c       0x24 contiki-cc2538dk.a(smartrf-sensors)
                0x2000007c                sensors
 .data.cc2538_rf_process
                0x200000a0       0x10 contiki-cc2538dk.a(cc2538-rf.o)
                0x200000a0                cc2538_rf_process
 .data.slip_process
                0x200000b0       0x10 contiki-cc2538dk.a(slip.o)
                0x200000b0                slip_process
 .data.ctxt     0x200000c0        0x8 contiki-cc2538dk.a(dbg-printf.o)
 .data.ctimer_process
                0x200000c8       0x10 contiki-cc2538dk.a(ctimer.o)
                0x200000c8                ctimer_process
 .data.etimer_process
                0x200000d8       0x10 contiki-cc2538dk.a(etimer.o)
                0x200000d8                etimer_process
 .data.serial_line_process
                0x200000e8       0x10 contiki-cc2538dk.a(serial-line.o)
                0x200000e8                serial_line_process
 .data.ds6_neighbors
                0x200000f8        0x4 contiki-cc2538dk.a(uip-ds6-nbr.o)
                0x200000f8                ds6_neighbors
 .data.ds6_neighbors_struct
                0x200000fc       0x10 contiki-cc2538dk.a(uip-ds6-nbr.o)
 .data.defaultroutermemb
                0x2000010c        0xc contiki-cc2538dk.a(uip-ds6-route.o)
 .data.nbr_routes_struct
                0x20000118       0x10 contiki-cc2538dk.a(uip-ds6-route.o)
 .data.routememb
                0x20000128        0xc contiki-cc2538dk.a(uip-ds6-route.o)
 .data.neighborroutememb
                0x20000134        0xc contiki-cc2538dk.a(uip-ds6-route.o)
 .data.echo_request_handler
                0x20000140        0xc contiki-cc2538dk.a(uip-icmp6.o)
 .data.echo_reply_handler
                0x2000014c        0xc contiki-cc2538dk.a(uip-icmp6.o)
 .data.ns_input_handler
                0x20000158        0xc contiki-cc2538dk.a(uip-nd6.o)
 .data.na_input_handler
                0x20000164        0xc contiki-cc2538dk.a(uip-nd6.o)
 .data.tcpip_process
                0x20000170       0x10 contiki-cc2538dk.a(tcpip.o)
                0x20000170                tcpip_process
 .data.rpl_parents
                0x20000180        0x4 contiki-cc2538dk.a(rpl-dag.o)
                0x20000180                rpl_parents
 .data.rpl_parents_struct
                0x20000184       0x10 contiki-cc2538dk.a(rpl-dag.o)
 .data.dao_ack_handler
                0x20000194        0xc contiki-cc2538dk.a(rpl-icmp6.o)
 .data.dis_handler
                0x200001a0        0xc contiki-cc2538dk.a(rpl-icmp6.o)
 .data.dao_handler
                0x200001ac        0xc contiki-cc2538dk.a(rpl-icmp6.o)
 .data.dio_handler
                0x200001b8        0xc contiki-cc2538dk.a(rpl-icmp6.o)
 .data.rpl_mrhof
                0x200001c4       0x1c contiki-cc2538dk.a(rpl-mrhof.o)
                0x200001c4                rpl_mrhof
 .data.neighbor_addr_mem
                0x200001e0        0xc contiki-cc2538dk.a(nbr-table.o)
 .data.bufmem   0x200001ec        0xc contiki-cc2538dk.a(queuebuf.o)
 .data.buframmem
                0x200001f8        0xc contiki-cc2538dk.a(queuebuf.o)
 .data.metadata_memb
                0x20000204        0xc contiki-cc2538dk.a(csma.o)
 .data.neighbor_memb
                0x20000210        0xc contiki-cc2538dk.a(csma.o)
 .data.packet_memb
                0x2000021c        0xc contiki-cc2538dk.a(csma.o)
 .data.rf_channel
                0x20000228        0x1 contiki-cc2538dk.a(cc2538-rf.o)
 .data.dao_sequence
                0x20000229        0x1 contiki-cc2538dk.a(rpl-icmp6.o)
                0x2000022a                _edata = .
                0x0020b7ec                _ldata = LOADADDR (.data)

.igot.plt       0x2000022c        0x0 load address 0x0020b9d6
 .igot.plt      0x00000000        0x0 obj_cc2538dk/startup-gcc.o

.ARM.exidx      0x0020b9d8        0x8
 *(SORT(.ARM.exidx*))
 .ARM.exidx     0x0020b9d8        0x8 /usr/bin/../lib/gcc/arm-none-eabi/4.9.3/armv7-m/libgcc.a(_divdi3.o)
 .ARM.exidx     0x0020b9e0        0x0 /usr/bin/../lib/gcc/arm-none-eabi/4.9.3/armv7-m/libgcc.a(_udivdi3.o)
                                  0x8 (size before relaxing)

.bss            0x20000230     0x1efc
                0x20000230                _bss = .
 *(SORT(.bss*))
 .bss.rt_ticks_startup
                0x20000230        0x8 contiki-cc2538dk.a(clock.o)
 .bss.rt_ticks_epoch
                0x20000238        0x8 contiki-cc2538dk.a(clock.o)
 .bss.et.8423   0x20000240       0x10 border-router.co
 .bss.r.8381    0x20000250        0x4 border-router.co
 .bss.blen      0x20000254        0x4 border-router.co
 .bss.nbr.8382  0x20000258        0x4 border-router.co
 .bss.conns_memb_mem
                0x2000025c       0xf0 obj_cc2538dk/httpd-simple.o
 .bss.i.4710    0x2000034c        0x4 contiki-cc2538dk.a(sensors.o)
 .bss.events.4711
                0x20000350        0x4 contiki-cc2538dk.a(sensors.o)
 .bss.debouncetimer
                0x20000354        0x8 contiki-cc2538dk.a(button-sensor.o)
 .bss.next_trigger
                0x2000035c        0x4 contiki-cc2538dk.a(rtimer-arch.o)
 .bss.input_handler
                0x20000360        0x8 contiki-cc2538dk.a(uart.o)
 .bss.interrupt_disable
                0x20000368        0x4 contiki-cc2538dk.a(nvic.o)
 .bss.interrupt_pend
                0x2000036c        0x4 contiki-cc2538dk.a(nvic.o)
 .bss.interrupt_unpend
                0x20000370        0x4 contiki-cc2538dk.a(nvic.o)
 .bss.interrupt_enable
                0x20000374        0x4 contiki-cc2538dk.a(nvic.o)
 .bss.gpio_callbacks
                0x20000378       0x80 contiki-cc2538dk.a(gpio.o)
 .bss.ioc_sel   0x200003f8        0x4 contiki-cc2538dk.a(ioc.o)
 .bss.ioc_over  0x200003fc        0x4 contiki-cc2538dk.a(ioc.o)
 .bss.notification_process
                0x20000400        0x4 contiki-cc2538dk.a(crypto.o)
 .bss.periph_permit_pm1_funcs
                0x20000404        0xc contiki-cc2538dk.a(lpm.o)
 .bss.input_callback
                0x20000410        0x4 contiki-cc2538dk.a(slip.o)
 .bss.ctimer_list_list
                0x20000414        0x4 contiki-cc2538dk.a(ctimer.o)
 .bss.timerlist
                0x20000418        0x4 contiki-cc2538dk.a(etimer.o)
 .bss.next_expiration
                0x2000041c        0x4 contiki-cc2538dk.a(etimer.o)
 .bss.data.5352
                0x20000420        0x4 contiki-cc2538dk.a(process.o)
 .bss.process_current
                0x20000424        0x4 contiki-cc2538dk.a(process.o)
                0x20000424                process_current
 .bss.p.5354    0x20000428        0x4 contiki-cc2538dk.a(process.o)
 .bss.process_list
                0x2000042c        0x4 contiki-cc2538dk.a(process.o)
                0x2000042c                process_list
 .bss.events    0x20000430      0x180 contiki-cc2538dk.a(process.o)
 .bss.receiver.5353
                0x200005b0        0x4 contiki-cc2538dk.a(process.o)
 .bss.next_rtimer
                0x200005b4        0x4 contiki-cc2538dk.a(rtimer.o)
 .bss.rxbuf     0x200005b8        0x8 contiki-cc2538dk.a(serial-line.o)
 .bss.ptr.4695  0x200005c0        0x4 contiki-cc2538dk.a(serial-line.o)
 .bss.context   0x200005c4        0x4 contiki-cc2538dk.a(sicslowpan.o)
 .bss.last_rssi
                0x200005c8        0x4 contiki-cc2538dk.a(sicslowpan.o)
 .bss.hc06_ptr  0x200005cc        0x4 contiki-cc2538dk.a(sicslowpan.o)
 .bss.reass_timer
                0x200005d0        0x8 contiki-cc2538dk.a(sicslowpan.o)
 .bss.packetbuf_ptr
                0x200005d8        0x4 contiki-cc2538dk.a(sicslowpan.o)
 .bss.packetbuf_payload_len
                0x200005dc        0x4 contiki-cc2538dk.a(sicslowpan.o)
 .bss.last_tx_status
                0x200005e0        0x4 contiki-cc2538dk.a(sicslowpan.o)
 .bss.sicslowpan_aligned_buf
                0x200005e4       0x8c contiki-cc2538dk.a(sicslowpan.o)
 .bss.callback  0x20000670        0x4 contiki-cc2538dk.a(sicslowpan.o)
 .bss.locmaddr  0x20000674        0x4 contiki-cc2538dk.a(uip-ds6.o)
 .bss.locprefix
                0x20000678        0x4 contiki-cc2538dk.a(uip-ds6.o)
 .bss.locaddr   0x2000067c        0x4 contiki-cc2538dk.a(uip-ds6.o)
 .bss._ds6_neighbors_mem
                0x20000680      0x320 contiki-cc2538dk.a(uip-ds6-nbr.o)
 .bss.defaultroutermemb_memb_mem
                0x200009a0       0x40 contiki-cc2538dk.a(uip-ds6-route.o)
 .bss.num_routes
                0x200009e0        0x4 contiki-cc2538dk.a(uip-ds6-route.o)
 .bss.defaultrouterlist_list
                0x200009e4        0x4 contiki-cc2538dk.a(uip-ds6-route.o)
 .bss._nbr_routes_mem
                0x200009e8       0xa0 contiki-cc2538dk.a(uip-ds6-route.o)
 .bss.routelist_list
                0x20000a88        0x4 contiki-cc2538dk.a(uip-ds6-route.o)
 .bss.routememb_memb_mem
                0x20000a8c      0x320 contiki-cc2538dk.a(uip-ds6-route.o)
 .bss.neighborroutememb_memb_mem
                0x20000dac       0xa0 contiki-cc2538dk.a(uip-ds6-route.o)
 .bss.notificationlist_list
                0x20000e4c        0x4 contiki-cc2538dk.a(uip-ds6-route.o)
 .bss.echo_reply_callback_list_list
                0x20000e50        0x4 contiki-cc2538dk.a(uip-icmp6.o)
 .bss.input_handler_list_list
                0x20000e54        0x4 contiki-cc2538dk.a(uip-icmp6.o)
 .bss.defrt     0x20000e58        0x4 contiki-cc2538dk.a(uip-nd6.o)
 .bss.nbr       0x20000e5c        0x4 contiki-cc2538dk.a(uip-nd6.o)
 .bss.nd6_opt_llao
                0x20000e60        0x4 contiki-cc2538dk.a(uip-nd6.o)
 .bss.addr      0x20000e64        0x4 contiki-cc2538dk.a(uip-nd6.o)
 .bss.s         0x20000e68       0x44 contiki-cc2538dk.a(tcpip.o)
 .bss.periodic  0x20000eac       0x10 contiki-cc2538dk.a(tcpip.o)
 .bss.outputfunc
                0x20000ebc        0x4 contiki-cc2538dk.a(tcpip.o)
 .bss._rpl_parents_mem
                0x20000ec0      0x190 contiki-cc2538dk.a(rpl-dag.o)
 .bss.periodic_timer
                0x20001050       0x20 contiki-cc2538dk.a(rpl-timers.o)
 .bss.nbr_table_keys_list
                0x20001070        0x4 contiki-cc2538dk.a(nbr-table.o)
 .bss.neighbor_addr_mem_memb_mem
                0x20001074       0xf0 contiki-cc2538dk.a(nbr-table.o)
 .bss.all_tables
                0x20001164       0x20 contiki-cc2538dk.a(nbr-table.o)
 .bss.num_tables
                0x20001184        0x4 contiki-cc2538dk.a(nbr-table.o)
 .bss.packetbufptr
                0x20001188        0x4 contiki-cc2538dk.a(packetbuf.o)
 .bss.packetbuf_aligned
                0x2000118c       0xb0 contiki-cc2538dk.a(packetbuf.o)
 .bss.bufmem_memb_mem
                0x2000123c       0x10 contiki-cc2538dk.a(queuebuf.o)
 .bss.metadata_memb_memb_mem
                0x2000124c       0x30 contiki-cc2538dk.a(csma.o)
 .bss.neighbor_list_list
                0x2000127c        0x4 contiki-cc2538dk.a(csma.o)
 .bss.packet_memb_memb_mem
                0x20001280       0x30 contiki-cc2538dk.a(csma.o)
 .bss.neighbor_memb_memb_mem
                0x200012b0       0x70 contiki-cc2538dk.a(csma.o)
 .bss.cycle_start
                0x20001320        0x4 contiki-cc2538dk.a(contikimac.o)
 .bss.we_are_receiving_burst
                0x20001324        0x4 contiki-cc2538dk.a(contikimac.o)
 .bss.rt        0x20001328        0xc contiki-cc2538dk.a(contikimac.o)
 .bss.start.6966
                0x20001334        0x4 contiki-cc2538dk.a(contikimac.o)
 .bss.ct.7040   0x20001338       0x20 contiki-cc2538dk.a(contikimac.o)
 .bss.prefix    0x20001358       0x10 border-router.co
 .bss.last_sender
                0x20001368       0x10 obj_cc2538dk/slip-bridge.o
 .bss.end       0x20001378        0x2 contiki-cc2538dk.a(slip.o)
 .bss.pkt_end   0x2000137a        0x2 contiki-cc2538dk.a(slip.o)
 .bss.begin     0x2000137c        0x2 contiki-cc2538dk.a(slip.o)
 .bss.reass_tag
                0x2000137e        0x2 contiki-cc2538dk.a(sicslowpan.o)
 .bss.sicslowpan_len
                0x20001380        0x2 contiki-cc2538dk.a(sicslowpan.o)
 .bss.my_tag    0x20001382        0x2 contiki-cc2538dk.a(sicslowpan.o)
 .bss.processed_ip_in_len
                0x20001384        0x2 contiki-cc2538dk.a(sicslowpan.o)
 .bss.tmp16     0x20001386        0x2 contiki-cc2538dk.a(uip6.o)
 .bss.lastport  0x20001388        0x2 contiki-cc2538dk.a(uip6.o)
 .bss.loc_fipaddr
                0x2000138a       0x10 contiki-cc2538dk.a(uip-ds6.o)
 .bss.tmp_ipaddr
                0x2000139a       0x10 contiki-cc2538dk.a(uip-icmp6.o)
 .bss.next_dis  0x200013aa        0x2 contiki-cc2538dk.a(rpl-timers.o)
 .bss.buflen    0x200013ac        0x2 contiki-cc2538dk.a(packetbuf.o)
 .bss.bufptr    0x200013ae        0x2 contiki-cc2538dk.a(packetbuf.o)
 .bss.buframmem_memb_mem
                0x200013b0      0x2c0 contiki-cc2538dk.a(queuebuf.o)
 .bss.seqno.6225
                0x20001670        0x2 contiki-cc2538dk.a(csma.o)
 .bss.pt        0x20001672        0x2 contiki-cc2538dk.a(contikimac.o)
 .bss.prefix_set
                0x20001674        0x1 border-router.co
 .bss.buf       0x20001675      0x100 border-router.co
 .bss.conns_memb_count
                0x20001775        0x2 obj_cc2538dk/httpd-simple.o
 .bss.num_sensors
                0x20001777        0x1 contiki-cc2538dk.a(sensors.o)
 .bss.rf_flags  0x20001778        0x1 contiki-cc2538dk.a(cc2538-rf.o)
 .bss.max_pm    0x20001779        0x1 contiki-cc2538dk.a(lpm.o)
 .bss.debug_frame.5453
                0x2000177a        0x1 contiki-cc2538dk.a(dbg.o)
 .bss.rxbuf     0x2000177b       0x9c contiki-cc2538dk.a(slip.o)
 .bss.state     0x20001817        0x1 contiki-cc2538dk.a(slip.o)
 .bss.initialized
                0x20001818        0x1 contiki-cc2538dk.a(ctimer.o)
 .bss.snum.5369
                0x20001819        0x1 contiki-cc2538dk.a(process.o)
 .bss.fevent    0x2000181a        0x1 contiki-cc2538dk.a(process.o)
 .bss.ev.5351   0x2000181b        0x1 contiki-cc2538dk.a(process.o)
 .bss.nevents   0x2000181c        0x1 contiki-cc2538dk.a(process.o)
 .bss.poll_requested
                0x2000181d        0x1 contiki-cc2538dk.a(process.o)
 .bss.lastevent
                0x2000181e        0x1 contiki-cc2538dk.a(process.o)
 .bss.rxbuf_data
                0x2000181f       0x80 contiki-cc2538dk.a(serial-line.o)
 .bss.overflow.4688
                0x2000189f        0x1 contiki-cc2538dk.a(serial-line.o)
 .bss.buf.4694  0x200018a0       0x80 contiki-cc2538dk.a(serial-line.o)
 .bss.uncomp_hdr_len
                0x20001920        0x1 contiki-cc2538dk.a(sicslowpan.o)
 .bss.addr_contexts
                0x20001921        0xa contiki-cc2538dk.a(sicslowpan.o)
 .bss.packetbuf_hdr_len
                0x2000192b        0x1 contiki-cc2538dk.a(sicslowpan.o)
 .bss.uip_ext_len
                0x2000192c        0x1 contiki-cc2538dk.a(uip6.o)
                0x2000192c                uip_ext_len
 .bss.uip_ext_bitmap
                0x2000192d        0x1 contiki-cc2538dk.a(uip6.o)
                0x2000192d                uip_ext_bitmap
 .bss.iss       0x2000192e        0x4 contiki-cc2538dk.a(uip6.o)
 .bss.uip_ext_opt_offset
                0x20001932        0x1 contiki-cc2538dk.a(uip6.o)
                0x20001932                uip_ext_opt_offset
 .bss.c         0x20001933        0x1 contiki-cc2538dk.a(uip6.o)
 .bss.opt       0x20001934        0x1 contiki-cc2538dk.a(uip6.o)
 .bss.defaultroutermemb_memb_count
                0x20001935        0x2 contiki-cc2538dk.a(uip-ds6-route.o)
 .bss.neighborroutememb_memb_count
                0x20001937       0x14 contiki-cc2538dk.a(uip-ds6-route.o)
 .bss.routememb_memb_count
                0x2000194b       0x14 contiki-cc2538dk.a(uip-ds6-route.o)
 .bss.nd6_opt_offset
                0x2000195f        0x1 contiki-cc2538dk.a(uip-nd6.o)
 .bss.i.7773    0x20001960        0x1 contiki-cc2538dk.a(tcpip.o)
 .bss.i.7833    0x20001961        0x1 contiki-cc2538dk.a(tcpip.o)
 .bss.i.7821    0x20001962        0x1 contiki-cc2538dk.a(tcpip.o)
 .bss.i.7735    0x20001963        0x1 contiki-cc2538dk.a(tcpip.o)
 .bss.mode      0x20001964        0x1 contiki-cc2538dk.a(rpl.o)
 .bss.dio_send_ok
                0x20001965        0x1 contiki-cc2538dk.a(rpl-timers.o)
 .bss.neighbor_addr_mem_memb_count
                0x20001966       0x14 contiki-cc2538dk.a(nbr-table.o)
 .bss.locked_map
                0x2000197a       0x14 contiki-cc2538dk.a(nbr-table.o)
 .bss.used_map  0x2000198e       0x14 contiki-cc2538dk.a(nbr-table.o)
 .bss.hdrptr    0x200019a2        0x1 contiki-cc2538dk.a(packetbuf.o)
 .bss.buframmem_memb_count
                0x200019a3        0x4 contiki-cc2538dk.a(queuebuf.o)
 .bss.bufmem_memb_count
                0x200019a7        0x4 contiki-cc2538dk.a(queuebuf.o)
 .bss.packet_memb_memb_count
                0x200019ab        0x4 contiki-cc2538dk.a(csma.o)
 .bss.metadata_memb_memb_count
                0x200019af        0x4 contiki-cc2538dk.a(csma.o)
 .bss.initialized.6224
                0x200019b3        0x1 contiki-cc2538dk.a(csma.o)
 .bss.neighbor_memb_memb_count
                0x200019b4        0x2 contiki-cc2538dk.a(csma.o)
 .bss.mac_dsn   0x200019b6        0x1 contiki-cc2538dk.a(framer-802154.o)
 .bss.initialized
                0x200019b7        0x1 contiki-cc2538dk.a(framer-802154.o)
 .bss.radio_is_on
                0x200019b8        0x1 contiki-cc2538dk.a(contikimac.o)
 .bss.we_are_sending
                0x200019b9        0x1 contiki-cc2538dk.a(contikimac.o)
 .bss.contikimac_keep_radio_on
                0x200019ba        0x1 contiki-cc2538dk.a(contikimac.o)
 .bss.periods.6968
                0x200019bb        0x1 contiki-cc2538dk.a(contikimac.o)
 .bss.packet_seen.6960
                0x200019bc        0x1 contiki-cc2538dk.a(contikimac.o)
 .bss.count.6961
                0x200019bd        0x1 contiki-cc2538dk.a(contikimac.o)
 .bss.contikimac_is_on
                0x200019be        0x1 contiki-cc2538dk.a(contikimac.o)
 .bss.silence_periods.6967
                0x200019bf        0x1 contiki-cc2538dk.a(contikimac.o)
 .bss.leds      0x200019c0        0x1 contiki-cc2538dk.a(leds.o)
 .bss.received_seqnos
                0x200019c1       0x90 contiki-cc2538dk.a(mac-sequence.o)
 *(SORT(COMMON))
 *fill*         0x20001a51        0x3 
 COMMON         0x20001a54      0x3f0 contiki-cc2538dk.a(uip6.o)
                0x20001a54                uip_len
                0x20001a58                uip_sappdata
                0x20001a5c                uip_acc32
                0x20001a60                uip_lladdr
                0x20001a68                uip_aligned_buf
                0x20001af4                uip_flags
                0x20001af8                uip_next_hdr
                0x20001afc                uip_udp_conn
                0x20001b00                uip_appdata
                0x20001b04                uip_conn
                0x20001b08                uip_conns
                0x20001ce8                uip_icmp6_conns
                0x20001cf0                uip_listenports
                0x20001d00                uip_slen
                0x20001d04                uip_udp_conns
 COMMON         0x20001e44      0x174 contiki-cc2538dk.a(uip-ds6.o)
                0x20001e44                uip_ds6_timer_ra
                0x20001e4c                uip_ds6_if
                0x20001f44                uip_ds6_netif_addr_list_offset
                0x20001f45                uip_ds6_addr_size
                0x20001f48                uip_ds6_prefix_list
                0x20001fa8                uip_ds6_timer_periodic
 COMMON         0x20001fb8      0x128 contiki-cc2538dk.a(rpl-dag.o)
                0x20001fb8                default_instance
                0x20001fbc                instance_table
 COMMON         0x200020e0       0x2e contiki-cc2538dk.a(packetbuf.o)
                0x200020e0                packetbuf_addrs
                0x200020f0                packetbuf_attrs
 COMMON         0x2000210e        0x1 contiki-cc2538dk.a(sensors.o)
                0x2000210e                sensors_event
 COMMON         0x2000210f        0x9 contiki-cc2538dk.a(smartrf-sensors)
                0x2000210f                sensors_flags
 COMMON         0x20002118        0x1 contiki-cc2538dk.a(slip.o)
                0x20002118                slip_active
 COMMON         0x20002119        0x1 contiki-cc2538dk.a(serial-line.o)
                0x20002119                serial_line_event_message
 COMMON         0x2000211a        0x8 contiki-cc2538dk.a(sicslowpan.o)
                0x2000211a                frag_sender
 COMMON         0x20002122        0x2 contiki-cc2538dk.a(tcpip.o)
                0x20002122                tcpip_event
                0x20002123                tcpip_icmp6_event
 COMMON         0x20002124        0x8 contiki-cc2538dk.a(linkaddr.o)
                0x20002124                linkaddr_node_addr
                0x2000212c                _ebss = .

.stack          0x2000212c      0x800
 *(SORT(.stack))
 .stack         0x2000212c      0x800 obj_cc2538dk/startup-gcc.o

.flashcca       0x0027ffd4       0x2c
 *(SORT(.flashcca))
 .flashcca      0x0027ffd4       0x2c obj_cc2538dk/startup-gcc.o
                0x0027ffd4                __cca
OUTPUT(border-router.elf elf32-littlearm)

.rel.dyn        0x00280000        0x0
 .rel.iplt      0x00000000        0x0 obj_cc2538dk/startup-gcc.o

.comment        0x00000000       0x70
 .comment       0x00000000       0x70 obj_cc2538dk/startup-gcc.o
                                 0x71 (size before relaxing)
 .comment       0x00000000       0x71 border-router.co
 .comment       0x00000000       0x71 obj_cc2538dk/slip-bridge.o
 .comment       0x00000000       0x71 obj_cc2538dk/httpd-simple.o
 .comment       0x00000000       0x71 contiki-cc2538dk.a(contiki-main.o)
 .comment       0x00000000       0x71 contiki-cc2538dk.a(sensors.o)
 .comment       0x00000000       0x71 contiki-cc2538dk.a(smartrf-sensors)
 .comment       0x00000000       0x71 contiki-cc2538dk.a(button-sensor.o)
 .comment       0x00000000       0x71 contiki-cc2538dk.a(als-sensor.o)
 .comment       0x00000000       0x71 contiki-cc2538dk.a(clock.o)
 .comment       0x00000000       0x71 contiki-cc2538dk.a(rtimer-arch.o)
 .comment       0x00000000       0x71 contiki-cc2538dk.a(uart.o)
 .comment       0x00000000       0x71 contiki-cc2538dk.a(watchdog.o)
 .comment       0x00000000       0x71 contiki-cc2538dk.a(nvic.o)
 .comment       0x00000000       0x71 contiki-cc2538dk.a(cpu.o)
 .comment       0x00000000       0x71 contiki-cc2538dk.a(sys-ctrl.o)
 .comment       0x00000000       0x71 contiki-cc2538dk.a(gpio.o)
 .comment       0x00000000       0x71 contiki-cc2538dk.a(ioc.o)
 .comment       0x00000000       0x71 contiki-cc2538dk.a(adc.o)
 .comment       0x00000000       0x71 contiki-cc2538dk.a(crypto.o)
 .comment       0x00000000       0x71 contiki-cc2538dk.a(cc2538-rf.o)
 .comment       0x00000000       0x71 contiki-cc2538dk.a(udma.o)
 .comment       0x00000000       0x71 contiki-cc2538dk.a(lpm.o)
 .comment       0x00000000       0x71 contiki-cc2538dk.a(dbg.o)
 .comment       0x00000000       0x71 contiki-cc2538dk.a(ieee-addr.o)
 .comment       0x00000000       0x71 contiki-cc2538dk.a(slip-arch.o)
 .comment       0x00000000       0x71 contiki-cc2538dk.a(slip.o)
 .comment       0x00000000       0x71 contiki-cc2538dk.a(cc2538-temp-sen)
 .comment       0x00000000       0x71 contiki-cc2538dk.a(vdd3-sensor.o)
 .comment       0x00000000       0x71 contiki-cc2538dk.a(dbg-printf.o)
 .comment       0x00000000       0x71 contiki-cc2538dk.a(dbg-snprintf.o)
 .comment       0x00000000       0x71 contiki-cc2538dk.a(strformat.o)
 .comment       0x00000000       0x71 contiki-cc2538dk.a(autostart.o)
 .comment       0x00000000       0x71 contiki-cc2538dk.a(ctimer.o)
 .comment       0x00000000       0x71 contiki-cc2538dk.a(energest.o)
 .comment       0x00000000       0x71 contiki-cc2538dk.a(etimer.o)
 .comment       0x00000000       0x71 contiki-cc2538dk.a(process.o)
 .comment       0x00000000       0x71 contiki-cc2538dk.a(rtimer.o)
 .comment       0x00000000       0x71 contiki-cc2538dk.a(timer.o)
 .comment       0x00000000       0x71 contiki-cc2538dk.a(serial-line.o)
 .comment       0x00000000       0x71 contiki-cc2538dk.a(list.o)
 .comment       0x00000000       0x71 contiki-cc2538dk.a(memb.o)
 .comment       0x00000000       0x71 contiki-cc2538dk.a(random.o)
 .comment       0x00000000       0x71 contiki-cc2538dk.a(ringbuf.o)
 .comment       0x00000000       0x71 contiki-cc2538dk.a(sicslowpan.o)
 .comment       0x00000000       0x71 contiki-cc2538dk.a(uip6.o)
 .comment       0x00000000       0x71 contiki-cc2538dk.a(uip-ds6.o)
 .comment       0x00000000       0x71 contiki-cc2538dk.a(uip-ds6-nbr.o)
 .comment       0x00000000       0x71 contiki-cc2538dk.a(uip-ds6-route.o)
 .comment       0x00000000       0x71 contiki-cc2538dk.a(uip-icmp6.o)
 .comment       0x00000000       0x71 contiki-cc2538dk.a(uip-nd6.o)
 .comment       0x00000000       0x71 contiki-cc2538dk.a(psock.o)
 .comment       0x00000000       0x71 contiki-cc2538dk.a(tcpip.o)
 .comment       0x00000000       0x71 contiki-cc2538dk.a(uip-debug.o)
 .comment       0x00000000       0x71 contiki-cc2538dk.a(rpl.o)