Archive member included because of file (symbol)

contiki-sky.a(contiki-sky-pla)
                              obj_sky/contiki-sky-main.o (init_platform)
contiki-sky.a(button-sensor.o)
                              border-router.co (button_sensor)
contiki-sky.a(ds2411.o)       obj_sky/contiki-sky-main.o (ds2411_init)
contiki-sky.a(xmem.o)         obj_sky/contiki-sky-main.o (xmem_init)
contiki-sky.a(node-id.o)      obj_sky/contiki-sky-main.o (node_id_restore)
contiki-sky.a(sensors.o)      border-router.co (sensors_event)
contiki-sky.a(cc2420.o)       obj_sky/contiki-sky-main.o (cc2420_set_pan_addr)
contiki-sky.a(cc2420-arch.o)  contiki-sky.a(cc2420.o) (cc2420_arch_init)
contiki-sky.a(uart1.o)        obj_sky/contiki-sky-main.o (uart1_active)
contiki-sky.a(slip_uart1.o)   obj_sky/slip-bridge.o (slip_arch_writeb)
contiki-sky.a(slip.o)         obj_sky/slip-bridge.o (slip_process)
contiki-sky.a(msp430.o)       contiki-sky.a(uart1.o) (msp430_add_lpm_req)
contiki-sky.a(clock.o)        obj_sky/contiki-sky-main.o (clock_init)
contiki-sky.a(leds.o)         obj_sky/contiki-sky-main.o (leds_init)
contiki-sky.a(leds-arch.o)    contiki-sky.a(leds.o) (leds_arch_init)
contiki-sky.a(watchdog.o)     obj_sky/contiki-sky-main.o (watchdog_start)
contiki-sky.a(rtimer-arch.o)  obj_sky/contiki-sky-main.o (rtimer_arch_now)
contiki-sky.a(autostart.o)    obj_sky/contiki-sky-main.o (autostart_start)
contiki-sky.a(ctimer.o)       obj_sky/contiki-sky-main.o (ctimer_init)
contiki-sky.a(energest.o)     obj_sky/contiki-sky-main.o (energest_init)
contiki-sky.a(etimer.o)       contiki-sky.a(clock.o) (etimer_request_poll)
contiki-sky.a(process.o)      border-router.co (process_current)
contiki-sky.a(rtimer.o)       obj_sky/contiki-sky-main.o (rtimer_init)
contiki-sky.a(timer.o)        obj_sky/httpd-simple.o (timer_set)
contiki-sky.a(list.o)         contiki-sky.a(ctimer.o) (list_init)
contiki-sky.a(memb.o)         obj_sky/httpd-simple.o (memb_init)
contiki-sky.a(random.o)       obj_sky/contiki-sky-main.o (random_init)
contiki-sky.a(sicslowpan.o)   obj_sky/contiki-sky-main.o (sicslowpan_driver)
contiki-sky.a(uip6.o)         border-router.co (uip_aligned_buf)
contiki-sky.a(uip-ds6.o)      contiki-sky.a(uip6.o) (uip_ds6_is_addr_onlink)
contiki-sky.a(uip-ds6-nbr.o)  border-router.co (ds6_neighbors)
contiki-sky.a(uip-ds6-route.o)
                              contiki-sky.a(uip-ds6.o) (uip_ds6_route_init)
contiki-sky.a(uip-icmp6.o)    contiki-sky.a(uip6.o) (uip_icmp6_input)
contiki-sky.a(uip-nd6.o)      contiki-sky.a(uip6.o) (uip_nd6_init)
contiki-sky.a(psock.o)        border-router.co (psock_send)
contiki-sky.a(tcpip.o)        contiki-sky.a(sicslowpan.o) (tcpip_set_outputfunc)
contiki-sky.a(uip-debug.o)    border-router.co (uip_debug_ipaddr_print)
contiki-sky.a(rpl.o)          contiki-sky.a(uip-ds6-nbr.o) (rpl_link_neighbor_callback)
contiki-sky.a(rpl-dag.o)      contiki-sky.a(rpl.o) (default_instance)
contiki-sky.a(rpl-ext-header.)
                              contiki-sky.a(uip6.o) (rpl_verify_header)
contiki-sky.a(rpl-icmp6.o)    contiki-sky.a(rpl.o) (dao_output_target)
contiki-sky.a(rpl-mrhof.o)    contiki-sky.a(rpl.o) (rpl_mrhof)
contiki-sky.a(rpl-timers.o)   contiki-sky.a(rpl.o) (rpl_reset_periodic_timer)
contiki-sky.a(csma.o)         border-router.co (csma_driver)
contiki-sky.a(framer-802154.o)
                              contiki-sky.a(sicslowpan.o) (framer_802154)
contiki-sky.a(framer.o)       contiki-sky.a(framer-802154.o) (framer_canonical_create_and_secure)
contiki-sky.a(mac.o)          contiki-sky.a(csma.o) (mac_call_sent_callback)
contiki-sky.a(linkaddr.o)     obj_sky/contiki-sky-main.o (linkaddr_copy)
contiki-sky.a(nbr-table.o)    contiki-sky.a(uip-ds6-nbr.o) (nbr_table_register)
contiki-sky.a(packetbuf.o)    contiki-sky.a(framer.o) (packetbuf_compact)
contiki-sky.a(queuebuf.o)     obj_sky/contiki-sky-main.o (queuebuf_init)
contiki-sky.a(contikimac.o)   obj_sky/contiki-sky-main.o (contikimac_driver)
contiki-sky.a(nullsec.o)      obj_sky/contiki-sky-main.o (nullsec_driver)
contiki-sky.a(spi.o)          contiki-sky.a(xmem.o) (spi_init)
contiki-sky.a(compower.o)     contiki-sky.a(contikimac.o) (compower_idle_activity)
contiki-sky.a(stimer.o)       contiki-sky.a(uip-ds6.o) (stimer_set)
contiki-sky.a(frame802154.o)  contiki-sky.a(framer-802154.o) (frame802154_hdrlen)
contiki-sky.a(mac-sequence.o)
                              contiki-sky.a(contikimac.o) (mac_sequence_is_duplicate)
/usr/local/msp430/bin/../lib/gcc/msp430/4.7.0/mmpy-16/libgcc.a(_mulsi3.o)
                              contiki-sky.a(rpl-timers.o) (__mulsi3)
/usr/local/msp430/bin/../lib/gcc/msp430/4.7.0/mmpy-16/libgcc.a(_udivmod16.o)
                              contiki-sky.a(rpl-dag.o) (__udivhi3)
/usr/local/msp430/bin/../lib/gcc/msp430/4.7.0/mmpy-16/libgcc.a(_divmod16.o)
                              contiki-sky.a(sicslowpan.o) (__divhi3)
/usr/local/msp430/bin/../lib/gcc/msp430/4.7.0/mmpy-16/libgcc.a(_udivmod32.o)
[...]
Memory Configuration

Name             Origin             Length             Attributes
sfr              0x00000000         0x00000010
peripheral_8bit  0x00000010         0x000000f0
peripheral_16bit 0x00000100         0x00000100
ram_mirror       0x00000200         0x00000800         xw
infomem          0x00001000         0x00000100
infob            0x00001000         0x00000080
infoa            0x00001080         0x00000080
ram              0x00001100         0x00002800         xw
rom              0x00004000         0x0000bfe0         xr
vectors          0x0000ffe0         0x00000020
bsl              0x00000000         0x00000000
infoc            0x00000000         0x00000000
infod            0x00000000         0x00000000
ram2             0x00000000         0x00000000         xw
usbram           0x00000000         0x00000000         xw
far_rom          0x00000000         0x00000000
*default*        0x00000000         0xffffffff

Linker script and memory map

LOAD /usr/local/msp430/bin/../lib/gcc/msp430/4.7.0/mmpy-16/crt0ivtbl16.o
LOAD border-router.co
LOAD obj_sky/slip-bridge.o
LOAD obj_sky/httpd-simple.o
LOAD obj_sky/contiki-sky-main.o
LOAD contiki-sky.a
LOAD /usr/local/msp430/bin/../lib/gcc/msp430/4.7.0/mmpy-16/libgcc.a
LOAD /usr/local/msp430/bin/../lib/gcc/msp430/4.7.0/../../../../msp430/lib/mmpy-16/libc.a
LOAD /usr/local/msp430/bin/../lib/gcc/msp430/4.7.0/mmpy-16/libgcc.a
LOAD /usr/local/msp430/bin/../lib/gcc/msp430/4.7.0/mmpy-16/libcrt0.a
                0x00000080                PROVIDE (__info_segment_size, 0x80)
                0x00001000                PROVIDE (__infob, 0x1000)
                0x00001080                PROVIDE (__infoa, 0x1080)
                0x00000000                __IE1 = 0x0
                0x00000002                __IFG1 = 0x2
                0x00000004                __ME1 = 0x4
                0x00000001                __IE2 = 0x1
                0x00000003                __IFG2 = 0x3
                0x00000005                __ME2 = 0x5
                0x00000120                __WDTCTL = 0x120
                0x00000130                __MPY = 0x130
                0x00000132                __MPYS = 0x132
                0x00000134                __MAC = 0x134
                0x00000136                __MACS = 0x136
                0x00000138                __OP2 = 0x138
                0x0000013a                __RESLO = 0x13a
                0x0000013c                __RESHI = 0x13c
                0x0000013e                __SUMEXT = 0x13e
                0x00000020                __P1IN = 0x20
                0x00000021                __P1OUT = 0x21
                0x00000022                __P1DIR = 0x22
                0x00000023                __P1IFG = 0x23
                0x00000024                __P1IES = 0x24
                0x00000025                __P1IE = 0x25
                0x00000026                __P1SEL = 0x26
                0x00000028                __P2IN = 0x28
                0x00000029                __P2OUT = 0x29
                0x0000002a                __P2DIR = 0x2a
                0x0000002b                __P2IFG = 0x2b
                0x0000002c                __P2IES = 0x2c
                0x0000002d                __P2IE = 0x2d
                0x0000002e                __P2SEL = 0x2e
                0x00000018                __P3IN = 0x18
                0x00000019                __P3OUT = 0x19
                0x0000001a                __P3DIR = 0x1a
                0x0000001b                __P3SEL = 0x1b
                0x0000001c                __P4IN = 0x1c
                0x0000001d                __P4OUT = 0x1d
                0x0000001e                __P4DIR = 0x1e
                0x0000001f                __P4SEL = 0x1f
                0x00000030                __P5IN = 0x30
                0x00000031                __P5OUT = 0x31
                0x00000032                __P5DIR = 0x32
                0x00000033                __P5SEL = 0x33
                0x00000034                __P6IN = 0x34
                0x00000035                __P6OUT = 0x35
                0x00000036                __P6DIR = 0x36
                0x00000037                __P6SEL = 0x37
                0x00000070                __U0CTL = 0x70
                0x00000071                __U0TCTL = 0x71
                0x00000072                __U0RCTL = 0x72
                0x00000073                __U0MCTL = 0x73
                0x00000074                __U0BR0 = 0x74
                0x00000075                __U0BR1 = 0x75
                0x00000076                __U0RXBUF = 0x76
                0x00000077                __U0TXBUF = 0x77
                0x00000078                __U1CTL = 0x78
                0x00000079                __U1TCTL = 0x79
                0x0000007a                __U1RCTL = 0x7a
                0x0000007b                __U1MCTL = 0x7b
                0x0000007c                __U1BR0 = 0x7c
                0x0000007d                __U1BR1 = 0x7d
                0x0000007e                __U1RXBUF = 0x7e
                0x0000007f                __U1TXBUF = 0x7f
                0x00000050                __I2CIE = 0x50
                0x00000051                __I2CIFG = 0x51
                0x00000052                __I2CNDAT = 0x52
                0x00000071                __I2CTCTL = 0x71
                0x00000072                __I2CDCTL = 0x72
                0x00000073                __I2CPSC = 0x73
                0x00000074                __I2CSCLH = 0x74
                0x00000075                __I2CSCLL = 0x75
                0x00000076                __I2CDRB = 0x76
                0x00000076                __I2CDRW = 0x76
                0x00000118                __I2COA = 0x118
                0x0000011a                __I2CSA = 0x11a
                0x0000011c                __I2CIV = 0x11c
                0x0000012e                __TAIV = 0x12e
                0x00000160                __TACTL = 0x160
                0x00000162                __TACCTL0 = 0x162
                0x00000164                __TACCTL1 = 0x164
                0x00000166                __TACCTL2 = 0x166
                0x00000170                __TAR = 0x170
                0x00000172                __TACCR0 = 0x172
                0x00000174                __TACCR1 = 0x174
                0x00000176                __TACCR2 = 0x176
                0x0000011e                __TBIV = 0x11e
                0x00000180                __TBCTL = 0x180
                0x00000182                __TBCCTL0 = 0x182
                0x00000184                __TBCCTL1 = 0x184
                0x00000186                __TBCCTL2 = 0x186
                0x00000188                __TBCCTL3 = 0x188
                0x0000018a                __TBCCTL4 = 0x18a
                0x0000018c                __TBCCTL5 = 0x18c
                0x0000018e                __TBCCTL6 = 0x18e
                0x00000190                __TBR = 0x190
                0x00000192                __TBCCR0 = 0x192
                0x00000194                __TBCCR1 = 0x194
                0x00000196                __TBCCR2 = 0x196
                0x00000198                __TBCCR3 = 0x198
                0x0000019a                __TBCCR4 = 0x19a
                0x0000019c                __TBCCR5 = 0x19c
                0x0000019e                __TBCCR6 = 0x19e
                0x00000056                __DCOCTL = 0x56
                0x00000057                __BCSCTL1 = 0x57
                0x00000058                __BCSCTL2 = 0x58
                0x00000055                __SVSCTL = 0x55
                0x00000128                __FCTL1 = 0x128
                0x0000012a                __FCTL2 = 0x12a
                0x0000012c                __FCTL3 = 0x12c
                0x00000059                __CACTL1 = 0x59
                0x0000005a                __CACTL2 = 0x5a
                0x0000005b                __CAPD = 0x5b
                0x000001a0                __ADC12CTL0 = 0x1a0
                0x000001a2                __ADC12CTL1 = 0x1a2
                0x000001a4                __ADC12IFG = 0x1a4
                0x000001a6                __ADC12IE = 0x1a6
                0x000001a8                __ADC12IV = 0x1a8
                0x00000140                __ADC12MEM0 = 0x140
                0x00000142                __ADC12MEM1 = 0x142
                0x00000144                __ADC12MEM2 = 0x144
                0x00000146                __ADC12MEM3 = 0x146
                0x00000148                __ADC12MEM4 = 0x148
                0x0000014a                __ADC12MEM5 = 0x14a
                0x0000014c                __ADC12MEM6 = 0x14c
                0x0000014e                __ADC12MEM7 = 0x14e
                0x00000150                __ADC12MEM8 = 0x150
                0x00000152                __ADC12MEM9 = 0x152
                0x00000154                __ADC12MEM10 = 0x154
                0x00000156                __ADC12MEM11 = 0x156
                0x00000158                __ADC12MEM12 = 0x158
                0x0000015a                __ADC12MEM13 = 0x15a
                0x0000015c                __ADC12MEM14 = 0x15c
                0x0000015e                __ADC12MEM15 = 0x15e
                0x00000080                __ADC12MCTL0 = 0x80
                0x00000081                __ADC12MCTL1 = 0x81
                0x00000082                __ADC12MCTL2 = 0x82
                0x00000083                __ADC12MCTL3 = 0x83
                0x00000084                __ADC12MCTL4 = 0x84
                0x00000085                __ADC12MCTL5 = 0x85
                0x00000086                __ADC12MCTL6 = 0x86
                0x00000087                __ADC12MCTL7 = 0x87
                0x00000088                __ADC12MCTL8 = 0x88
                0x00000089                __ADC12MCTL9 = 0x89
                0x0000008a                __ADC12MCTL10 = 0x8a
                0x0000008b                __ADC12MCTL11 = 0x8b
                0x0000008c                __ADC12MCTL12 = 0x8c
                0x0000008d                __ADC12MCTL13 = 0x8d
                0x0000008e                __ADC12MCTL14 = 0x8e
                0x0000008f                __ADC12MCTL15 = 0x8f
                0x000001c0                __DAC12_0CTL = 0x1c0
                0x000001c2                __DAC12_1CTL = 0x1c2
                0x000001c8                __DAC12_0DAT = 0x1c8
                0x000001ca                __DAC12_1DAT = 0x1ca
                0x00000122                __DMACTL0 = 0x122
                0x00000124                __DMACTL1 = 0x124
                0x000001e0                __DMA0CTL = 0x1e0
                0x000001e8                __DMA1CTL = 0x1e8
                0x000001f0                __DMA2CTL = 0x1f0
                0x000001e2                __DMA0SA = 0x1e2
                0x000001e4                __DMA0DA = 0x1e4
                0x000001e6                __DMA0SZ = 0x1e6
                0x000001ea                __DMA1SA = 0x1ea
                0x000001ec                __DMA1DA = 0x1ec
                0x000001ee                __DMA1SZ = 0x1ee
                0x000001f2                __DMA2SA = 0x1f2
                0x000001f4                __DMA2DA = 0x1f4
                0x000001f6                __DMA2SZ = 0x1f6

.hash
 *(.hash)

.dynsym
 *(.dynsym)

.dynstr
 *(.dynstr)

.gnu.version
 *(.gnu.version)

.gnu.version_d
 *(.gnu.version_d)

.gnu.version_r
 *(.gnu.version_r)

.rel.init
 *(.rel.init)

.rela.init
 *(.rela.init)

.rel.fini
 *(.rel.fini)

.rela.fini
 *(.rela.fini)

.rel.text
 *(.rel.text .rel.text.* .rel.gnu.linkonce.t.*)

.rela.text
 *(.rela.text .rela.text.* .rela.gnu.linkonce.t.*)

.rel.rodata
 *(.rel.rodata .rel.rodata.* .rel.gnu.linkonce.r.*)

.rela.rodata
 *(.rela.rodata .rela.rodata.* .rela.gnu.linkonce.r.*)

.rel.data
 *(.rel.data .rel.data.* .rel.gnu.linkonce.d.*)

.rela.data
 *(.rela.data .rela.data.* .rela.gnu.linkonce.d.*)

.rel.bss
 *(.rel.bss .rel.bss.* .rel.gnu.linkonce.b.*)

.rela.bss
 *(.rela.bss .rela.bss.* .rela.gnu.linkonce.b.*)

.rel.ctors
 *(.rel.ctors)

.rela.ctors
 *(.rela.ctors)

.rel.dtors
 *(.rel.dtors)

.rela.dtors
 *(.rela.dtors)

.rel.got
 *(.rel.got)

.rela.got
 *(.rela.got)

.rel.plt
 *(.rel.plt)

.rela.plt
 *(.rela.plt)

.text           0x00004000     0xb3ca
                0x00004000                . = ALIGN (0x2)
 *(.init .init.*)
 *(.init0)
 .init0         0x00004000        0x0 /usr/local/msp430/bin/../lib/gcc/msp430/4.7.0/mmpy-16/libcrt0.a(_reset_vector__.o)
                0x00004000                _reset_vector__
 *(.init1)
 .init1         0x00004000        0xc /usr/local/msp430/bin/../lib/gcc/msp430/4.7.0/mmpy-16/libcrt0.a(__watchdog_support.o)
                0x00004000                __watchdog_support
 *(.init2)
 .init2         0x0000400c        0x4 /usr/local/msp430/bin/../lib/gcc/msp430/4.7.0/mmpy-16/libcrt0.a(__init_stack.o)
                0x0000400c                __init_stack
 *(.init3)
 .init3         0x00004010        0x0 /usr/local/msp430/bin/../lib/gcc/msp430/4.7.0/mmpy-16/libcrt0.a(__low_level_init.o)
                0x00004010                __low_level_init
 *(.init4)
 .init4         0x00004010       0x18 /usr/local/msp430/bin/../lib/gcc/msp430/4.7.0/mmpy-16/libcrt0.a(_copy_data.o)
                0x00004010                __do_copy_data
 .init4         0x00004028       0x16 /usr/local/msp430/bin/../lib/gcc/msp430/4.7.0/mmpy-16/libcrt0.a(_clear_bss.o)
                0x00004028                __do_clear_bss
 *(.init5)
 *(.init6)
 *(.init7)
 *(.init8)
 *(.init9)
 .init9         0x0000403e      0x2d6 obj_sky/contiki-sky-main.o
                0x0000403e                main
 *(.fini9)
 .fini9         0x00004314        0x0 /usr/local/msp430/bin/../lib/gcc/msp430/4.7.0/mmpy-16/libcrt0.a(__stop_progExec__.o)
                0x00004314                __stop_progExec__
 *(.fini8)
 *(.fini7)
 *(.fini6)
 *(.fini5)
 *(.fini4)
 *(.fini3)
 *(.fini2)
 *(.fini1)
 *(.fini0)
 .fini0         0x00004314        0x6 /usr/local/msp430/bin/../lib/gcc/msp430/4.7.0/mmpy-16/libcrt0.a(_endless_loop__.o)
                0x00004314                _endless_loop__
 *(.fini .fini.*)
                0x0000431a                . = ALIGN (0x2)
                0x0000431a                __ctors_start = .
 *(.ctors)
                0x0000431a                __ctors_end = .
                0x0000431a                __dtors_start = .
 *(.dtors)
                0x0000431a                __dtors_end = .
                0x0000431a                . = ALIGN (0x2)
 *(.text .text.* .gnu.linkonce.t.*)
 .text          0x0000431a        0x4 /usr/local/msp430/bin/../lib/gcc/msp430/4.7.0/mmpy-16/crt0ivtbl16.o
                0x0000431a                __isr_14
                0x0000431a                __isr_11
                0x0000431a                __isr_2
                0x0000431a                __isr_7
                0x0000431a                __isr_0
                0x0000431a                __isr_8
                0x0000431a                __isr_3
                0x0000431a                __isr_12
                0x0000431a                __isr_13
                0x0000431a                __isr_9
 .text.process_thread_webserver_nogui_process
                0x0000431e       0x40 border-router.co
 .text.ipaddr_add
                0x0000435e       0xc6 border-router.co
 .text.generate_routes
                0x00004424      0x290 border-router.co
 .text.httpd_simple_get_script
                0x000046b4        0x6 border-router.co
                0x000046b4                httpd_simple_get_script
 .text.request_prefix
                0x000046ba       0x1e border-router.co
                0x000046ba                request_prefix
 .text.process_thread_border_router_process
                0x000046d8      0x120 border-router.co
 .text.set_prefix_64
                0x000047f8       0x5e border-router.co
                0x000047f8                set_prefix_64
 .text.init     0x00004856       0x1e obj_sky/slip-bridge.o
 .text.slip_input_callback
                0x00004874       0xe0 obj_sky/slip-bridge.o
 .text.output   0x00004954       0x4a obj_sky/slip-bridge.o
 .text.uip_clear_buf
                0x0000499e        0x6 obj_sky/slip-bridge.o
                0x0000499e                uip_clear_buf
 .text.putchar  0x000049a4       0x3c obj_sky/slip-bridge.o
                0x000049a4                putchar
 .text.handle_input
                0x000049e0       0xf2 obj_sky/httpd-simple.o
 .text.send_headers
                0x00004ad2       0x6a obj_sky/httpd-simple.o
 .text.handle_output
                0x00004b3c       0xf4 obj_sky/httpd-simple.o
 .text.httpd_appcall
                0x00004c30       0xd0 obj_sky/httpd-simple.o
                0x00004c30                httpd_appcall
 .text.httpd_init
                0x00004d00       0x12 obj_sky/httpd-simple.o
                0x00004d00                httpd_init
 .text.start_network_layer
                0x00004d12       0xa2 obj_sky/contiki-sky-main.o
 .text.init_platform
                0x00004db4        0xc contiki-sky.a(contiki-sky-pla)
                0x00004db4                init_platform
 .text.status   0x00004dc0       0x18 contiki-sky.a(button-sensor.o)
 .text.value    0x00004dd8       0x20 contiki-sky.a(button-sensor.o)
 .text.configure
                0x00004df8       0x4c contiki-sky.a(button-sensor.o)
 .text.irq_p2   0x00004e44       0x88 contiki-sky.a(button-sensor.o)
                0x00004e44                irq_p2
                0x00004e44                __isr_1
 .text.owreadb  0x00004ecc       0x50 contiki-sky.a(ds2411.o)
 .text.ds2411_init
                0x00004f1c      0x120 contiki-sky.a(ds2411.o)
                0x00004f1c                ds2411_init
 .text.wait_ready
                0x0000503c       0x4a contiki-sky.a(xmem.o)
 .text.xmem_init
                0x00005086       0x3c contiki-sky.a(xmem.o)
                0x00005086                xmem_init
 .text.xmem_pread
                0x000050c2       0xe0 contiki-sky.a(xmem.o)
                0x000050c2                xmem_pread
 .text.node_id_restore
                0x000051a2       0x38 contiki-sky.a(node-id.o)
                0x000051a2                node_id_restore
 .text.process_thread_sensors_process
                0x000051da       0xc2 contiki-sky.a(sensors.o)
 .text.sensors_changed
                0x0000529c       0x2a contiki-sky.a(sensors.o)
                0x0000529c                sensors_changed
 .text.get_object
                0x000052c6        0x4 contiki-sky.a(cc2420.o)
 .text.set_object
                0x000052ca        0x4 contiki-sky.a(cc2420.o)
 .text.strobe   0x000052ce       0x1c contiki-sky.a(cc2420.o)
 .text.getreg   0x000052ea       0x4c contiki-sky.a(cc2420.o)
 .text.setreg   0x00005336       0x4c contiki-sky.a(cc2420.o)
 .text.write_ram
                0x00005382       0x7c contiki-sky.a(cc2420.o)
 .text.write_fifo_buf
                0x000053fe       0x3c contiki-sky.a(cc2420.o)
 .text.get_status
                0x0000543a       0x20 contiki-sky.a(cc2420.o)
 .text.set_txpower
                0x0000545a       0x24 contiki-sky.a(cc2420.o)
 .text.cc2420_receiving_packet
                0x0000547e        0xc contiki-sky.a(cc2420.o)
 .text.pending_packet
                0x0000548a        0x8 contiki-sky.a(cc2420.o)
 .text.on       0x00005492       0x1e contiki-sky.a(cc2420.o)
 .text.wait_for_transmission
                0x000054b0       0x22 contiki-sky.a(cc2420.o)
 .text.wait_for_status
                0x000054d2       0x28 contiki-sky.a(cc2420.o)
 .text.getrxdata
                0x000054fa       0x50 contiki-sky.a(cc2420.o)
 .text.flushrx  0x0000554a       0x1a contiki-sky.a(cc2420.o)
 .text.off      0x00005564       0x56 contiki-sky.a(cc2420.o)
 .text.RELEASE_LOCK
                0x000055ba       0x28 contiki-sky.a(cc2420.o)
 .text.set_key  0x000055e2       0x18 contiki-sky.a(cc2420.o)
 .text.cc2420_prepare
                0x000055fa       0x3c contiki-sky.a(cc2420.o)
 .text.cc2420_on
                0x00005636       0x22 contiki-sky.a(cc2420.o)
                0x00005636                cc2420_on
 .text.cc2420_off
                0x00005658       0x30 contiki-sky.a(cc2420.o)
                0x00005658                cc2420_off
 .text.cc2420_cca
                0x00005688       0x68 contiki-sky.a(cc2420.o)
 .text.cc2420_read
                0x000056f0       0xac contiki-sky.a(cc2420.o)
 .text.process_thread_cc2420_process
                0x0000579c       0x54 contiki-sky.a(cc2420.o)
 .text.encrypt  0x000057f0       0x88 contiki-sky.a(cc2420.o)
 .text.cc2420_set_channel
                0x00005878       0x3c contiki-sky.a(cc2420.o)
                0x00005878                cc2420_set_channel
 .text.cc2420_set_pan_addr
                0x000058b4       0x4c contiki-sky.a(cc2420.o)
                0x000058b4                cc2420_set_pan_addr
 .text.cc2420_interrupt
                0x00005900       0x16 contiki-sky.a(cc2420.o)
                0x00005900                cc2420_interrupt
 .text.cc2420_set_txpower
                0x00005916        0xe contiki-sky.a(cc2420.o)
                0x00005916                cc2420_set_txpower
 .text.cc2420_get_txpower
                0x00005924       0x1e contiki-sky.a(cc2420.o)
                0x00005924                cc2420_get_txpower
 .text.cc2420_transmit
                0x00005942      0x110 contiki-sky.a(cc2420.o)
 .text.cc2420_send
                0x00005a52       0x12 contiki-sky.a(cc2420.o)
 .text.cc2420_rssi
                0x00005a64       0x4c contiki-sky.a(cc2420.o)
                0x00005a64                cc2420_rssi
 .text.get_value
                0x00005ab0       0xa8 contiki-sky.a(cc2420.o)
 .text.cc2420_set_cca_threshold
                0x00005b58       0x16 contiki-sky.a(cc2420.o)
                0x00005b58                cc2420_set_cca_threshold
 .text.set_value
                0x00005b6e       0x86 contiki-sky.a(cc2420.o)
 .text.cc2420_init
                0x00005bf4       0xd8 contiki-sky.a(cc2420.o)
                0x00005bf4                cc2420_init
 .text.cc2420_port1_interrupt
                0x00005ccc       0x62 contiki-sky.a(cc2420-arch.o)
                0x00005ccc                __isr_4
                0x00005ccc                cc2420_port1_interrupt
 .text.cc2420_arch_init
                0x00005d2e       0x1a contiki-sky.a(cc2420-arch.o)
                0x00005d2e                cc2420_arch_init
 .text.handle_rxdma_timer
                0x00005d48       0x3a contiki-sky.a(uart1.o)
 .text.uart1_active
                0x00005d82       0x18 contiki-sky.a(uart1.o)
                0x00005d82                uart1_active
 .text.uart1_set_input
                0x00005d9a       0x20 contiki-sky.a(uart1.o)
                0x00005d9a                uart1_set_input
 .text.uart1_writeb
                0x00005dba       0x18 contiki-sky.a(uart1.o)
                0x00005dba                uart1_writeb
 .text.uart1_init
                0x00005dd2       0xf4 contiki-sky.a(uart1.o)
                0x00005dd2                uart1_init
 .text.slip_arch_writeb
                0x00005ec6        0x6 contiki-sky.a(slip_uart1.o)
                0x00005ec6                slip_arch_writeb
 .text.slip_arch_init
                0x00005ecc        0xa contiki-sky.a(slip_uart1.o)
                0x00005ecc                slip_arch_init
 .text.process_thread_slip_process
                0x00005ed6      0x162 contiki-sky.a(slip.o)
 .text.slip_set_input_callback
                0x00006038        0x6 contiki-sky.a(slip.o)
                0x00006038                slip_set_input_callback
 .text.slip_send
                0x0000603e       0x5e contiki-sky.a(slip.o)
                0x0000603e                slip_send
 .text.slip_input_byte
                0x0000609c       0xbc contiki-sky.a(slip.o)
                0x0000609c                slip_input_byte
 .text.msp430_init_dco
                0x00006158       0x82 contiki-sky.a(msp430.o)
                0x00006158                msp430_init_dco
 .text.msp430_add_lpm_req
                0x000061da        0xc contiki-sky.a(msp430.o)
                0x000061da                msp430_add_lpm_req
 .text.msp430_cpu_init
                0x000061e6       0x2a contiki-sky.a(msp430.o)
                0x000061e6                msp430_cpu_init
 .text.splhigh_
                0x00006210        0x8 contiki-sky.a(msp430.o)
                0x00006210                splhigh_
 .text.msp430_sync_dco
                0x00006218       0x6c contiki-sky.a(msp430.o)
                0x00006218                msp430_sync_dco
 .text.timera1  0x00006284      0x11e contiki-sky.a(clock.o)
                0x00006284                __isr_5
                0x00006284                timera1
 .text.clock_time
                0x000063a2       0x1a contiki-sky.a(clock.o)
                0x000063a2                clock_time
 .text.clock_init
                0x000063bc       0x28 contiki-sky.a(clock.o)
                0x000063bc                clock_init
 .text.clock_delay
                0x000063e4        0xc contiki-sky.a(clock.o)
                0x000063e4                clock_delay
 .text.clock_seconds
                0x000063f0       0x1a contiki-sky.a(clock.o)
                0x000063f0                clock_seconds
 .text.show_leds
                0x0000640a       0xf0 contiki-sky.a(leds.o)
 .text.leds_init
                0x000064fa        0xa contiki-sky.a(leds.o)
                0x000064fa                leds_init
 .text.leds_on  0x00006504        0xa contiki-sky.a(leds.o)
                0x00006504                leds_on
 .text.leds_off
                0x0000650e        0xe contiki-sky.a(leds.o)
                0x0000650e                leds_off
 .text.leds_arch_init
                0x0000651c        0xe contiki-sky.a(leds-arch.o)
                0x0000651c                leds_arch_init
 .text.leds_arch_set
                0x0000652a       0x38 contiki-sky.a(leds-arch.o)
                0x0000652a                leds_arch_set
 .text.watchdog_interrupt
                0x00006562        0x6 contiki-sky.a(watchdog.o)
                0x00006562                __isr_10
                0x00006562                watchdog_interrupt
 .text.watchdog_start
                0x00006568       0x14 contiki-sky.a(watchdog.o)
                0x00006568                watchdog_start
 .text.watchdog_periodic
                0x0000657c       0x12 contiki-sky.a(watchdog.o)
                0x0000657c                watchdog_periodic
 .text.watchdog_stop
                0x0000658e       0x16 contiki-sky.a(watchdog.o)
                0x0000658e                watchdog_stop
 .text.watchdog_init
                0x000065a4       0x12 contiki-sky.a(watchdog.o)
                0x000065a4                watchdog_init
 .text.rtimer_arch_init
                0x000065b6        0xe contiki-sky.a(rtimer-arch.o)
                0x000065b6                rtimer_arch_init
 .text.rtimer_arch_now
                0x000065c4        0xe contiki-sky.a(rtimer-arch.o)
                0x000065c4                rtimer_arch_now
 .text.timera0  0x000065d2       0x70 contiki-sky.a(rtimer-arch.o)
                0x000065d2                __isr_6
                0x000065d2                timera0
 .text.rtimer_arch_schedule
                0x00006642        0x6 contiki-sky.a(rtimer-arch.o)
                0x00006642                rtimer_arch_schedule
 .text.autostart_start
                0x00006648       0x16 contiki-sky.a(autostart.o)
                0x00006648                autostart_start
 .text.process_thread_ctimer_process
                0x0000665e       0xa8 contiki-sky.a(ctimer.o)
 .text.ctimer_init
                0x00006706       0x18 contiki-sky.a(ctimer.o)
                0x00006706                ctimer_init
 .text.ctimer_set
                0x0000671e       0x50 contiki-sky.a(ctimer.o)
                0x0000671e                ctimer_set
 .text.ctimer_reset
                0x0000676e       0x30 contiki-sky.a(ctimer.o)
                0x0000676e                ctimer_reset
 .text.ctimer_stop
                0x0000679e       0x28 contiki-sky.a(ctimer.o)
                0x0000679e                ctimer_stop
 .text.energest_init
                0x000067c6       0x26 contiki-sky.a(energest.o)
                0x000067c6                energest_init
 .text.energest_type_time
                0x000067ec       0x48 contiki-sky.a(energest.o)
                0x000067ec                energest_type_time
 .text.energest_type_set
                0x00006834        0xe contiki-sky.a(energest.o)
                0x00006834                energest_type_set
 .text.energest_flush
                0x00006842       0x48 contiki-sky.a(energest.o)
                0x00006842                energest_flush
 .text.update_time
                0x0000688a       0x78 contiki-sky.a(etimer.o)
 .text.etimer_request_poll
                0x00006902        0xa contiki-sky.a(etimer.o)
                0x00006902                etimer_request_poll
 .text.process_thread_etimer_process
                0x0000690c       0xcc contiki-sky.a(etimer.o)
 .text.add_timer
                0x000069d8       0x40 contiki-sky.a(etimer.o)
 .text.etimer_set
                0x00006a18       0x12 contiki-sky.a(etimer.o)
                0x00006a18                etimer_set
 .text.etimer_reset
                0x00006a2a       0x12 contiki-sky.a(etimer.o)
                0x00006a2a                etimer_reset
 .text.etimer_restart
                0x00006a3c       0x12 contiki-sky.a(etimer.o)
                0x00006a3c                etimer_restart
 .text.etimer_expired
                0x00006a4e        0xe contiki-sky.a(etimer.o)
                0x00006a4e                etimer_expired
 .text.etimer_expiration_time
                0x00006a5c       0x14 contiki-sky.a(etimer.o)
                0x00006a5c                etimer_expiration_time
 .text.etimer_pending
                0x00006a70        0xc contiki-sky.a(etimer.o)
                0x00006a70                etimer_pending
 .text.etimer_next_expiration_time
                0x00006a7c       0x16 contiki-sky.a(etimer.o)
                0x00006a7c                etimer_next_expiration_time
 .text.etimer_stop
                0x00006a92       0x3e contiki-sky.a(etimer.o)
                0x00006a92                etimer_stop
 .text.call_process
                0x00006ad0       0x46 contiki-sky.a(process.o)
 .text.exit_process
                0x00006b16       0x96 contiki-sky.a(process.o)
 .text.do_poll  0x00006bac       0x30 contiki-sky.a(process.o)
 .text.process_alloc_event
                0x00006bdc        0xe contiki-sky.a(process.o)
                0x00006bdc                process_alloc_event
 .text.process_init
                0x00006bea       0x1c contiki-sky.a(process.o)
                0x00006bea                process_init
 .text.process_run
                0x00006c06       0xa2 contiki-sky.a(process.o)
                0x00006c06                process_run
 .text.process_nevents
                0x00006ca8        0xe contiki-sky.a(process.o)
                0x00006ca8                process_nevents
 .text.process_post
                0x00006cb6       0x54 contiki-sky.a(process.o)
                0x00006cb6                process_post
 .text.process_post_synch
                0x00006d0a       0x12 contiki-sky.a(process.o)
                0x00006d0a                process_post_synch
 .text.process_start
                0x00006d1c       0x36 contiki-sky.a(process.o)
                0x00006d1c                process_start
 .text.process_poll
                0x00006d52       0x18 contiki-sky.a(process.o)
                0x00006d52                process_poll
 .text.rtimer_init
                0x00006d6a        0x6 contiki-sky.a(rtimer.o)
                0x00006d6a                rtimer_init
 .text.rtimer_set
                0x00006d70       0x24 contiki-sky.a(rtimer.o)
                0x00006d70                rtimer_set
 .text.rtimer_run_next
                0x00006d94       0x26 contiki-sky.a(rtimer.o)
                0x00006d94                rtimer_run_next
 .text.timer_set
                0x00006dba       0x1c contiki-sky.a(timer.o)
                0x00006dba                timer_set
 .text.timer_reset
                0x00006dd6        0xe contiki-sky.a(timer.o)
                0x00006dd6                timer_reset
 .text.timer_restart
                0x00006de4       0x14 contiki-sky.a(timer.o)
                0x00006de4                timer_restart
 .text.timer_expired
                0x00006df8       0x2a contiki-sky.a(timer.o)
                0x00006df8                timer_expired
 .text.list_init
                0x00006e22        0x6 contiki-sky.a(list.o)
                0x00006e22                list_init
 .text.list_head
                0x00006e28        0x4 contiki-sky.a(list.o)
                0x00006e28                list_head
 .text.list_tail
                0x00006e2c       0x12 contiki-sky.a(list.o)
                0x00006e2c                list_tail
 .text.list_remove
                0x00006e3e       0x34 contiki-sky.a(list.o)
                0x00006e3e                list_remove
 .text.list_push
                0x00006e72       0x1a contiki-sky.a(list.o)
                0x00006e72                list_push
 .text.list_add
                0x00006e8c       0x2a contiki-sky.a(list.o)
                0x00006e8c                list_add
 .text.list_length
                0x00006eb6       0x10 contiki-sky.a(list.o)
                0x00006eb6                list_length
 .text.list_item_next
                0x00006ec6        0xc contiki-sky.a(list.o)
                0x00006ec6                list_item_next
 .text.memb_init
                0x00006ed2       0x36 contiki-sky.a(memb.o)
                0x00006ed2                memb_init
 .text.memb_alloc
                0x00006f08       0x3e contiki-sky.a(memb.o)
                0x00006f08                memb_alloc
 .text.memb_free
                0x00006f46       0x3a contiki-sky.a(memb.o)
                0x00006f46                memb_free
 .text.memb_inmemb
                0x00006f80       0x2a contiki-sky.a(memb.o)
                0x00006f80                memb_inmemb
 .text.memb_numfree
                0x00006faa       0x26 contiki-sky.a(memb.o)
                0x00006faa                memb_numfree
 .text.random_init
                0x00006fd0        0x6 contiki-sky.a(random.o)
                0x00006fd0                random_init
 .text.random_rand
                0x00006fd6        0x6 contiki-sky.a(random.o)
                0x00006fd6                random_rand
 .text.set_packet_attrs
                0x00006fdc       0x46 contiki-sky.a(sicslowpan.o)
 .text.addr_context_lookup_by_number
                0x00007022       0x32 contiki-sky.a(sicslowpan.o)
 .text.compress_addr_64
                0x00007054       0xae contiki-sky.a(sicslowpan.o)
 .text.uncompress_addr
                0x00007102       0xb4 contiki-sky.a(sicslowpan.o)
 .text.input    0x000071b6      0x64e contiki-sky.a(sicslowpan.o)
 .text.sicslowpan_init
                0x00007804       0x26 contiki-sky.a(sicslowpan.o)
                0x00007804                sicslowpan_init
 .text.addr_context_lookup_by_prefix
                0x0000782a       0x4c contiki-sky.a(sicslowpan.o)
 .text.packet_sent
                0x00007876       0x22 contiki-sky.a(sicslowpan.o)
 .text.send_packet
                0x00007898       0x1a contiki-sky.a(sicslowpan.o)
 .text.output   0x000078b2      0x6c6 contiki-sky.a(sicslowpan.o)
 .text.chksum   0x00007f78       0x32 contiki-sky.a(uip6.o)
 .text.upper_layer_chksum
                0x00007faa       0x56 contiki-sky.a(uip6.o)
 .text.ext_hdr_options_process
                0x00008000       0xd0 contiki-sky.a(uip6.o)
 .text.uip_add32
                0x000080d0       0x68 contiki-sky.a(uip6.o)
                0x000080d0                uip_add32
 .text.uip_add_rcv_nxt
                0x00008138       0x2e contiki-sky.a(uip6.o)
 .text.uip_icmp6chksum
                0x00008166        0xa contiki-sky.a(uip6.o)
                0x00008166                uip_icmp6chksum
 .text.uip_tcpchksum
                0x00008170        0xa contiki-sky.a(uip6.o)
                0x00008170                uip_tcpchksum
 .text.uip_udpchksum
                0x0000817a        0xa contiki-sky.a(uip6.o)
                0x0000817a                uip_udpchksum
 .text.uip_init
                0x00008184       0x7a contiki-sky.a(uip6.o)
                0x00008184                uip_init
 .text.remove_ext_hdr
                0x000081fe       0x58 contiki-sky.a(uip6.o)
                0x000081fe                remove_ext_hdr
 .text.uip_unlisten
                0x00008256       0x2a contiki-sky.a(uip6.o)
                0x00008256                uip_unlisten
 .text.uip_listen
                0x00008280       0x2c contiki-sky.a(uip6.o)
                0x00008280                uip_listen
 .text.uip_process
                0x000082ac      0xe8e contiki-sky.a(uip6.o)
                0x000082ac                uip_process
 .text.uip_htonl
                0x0000913a       0x2e contiki-sky.a(uip6.o)
                0x0000913a                uip_htonl
 .text.uip_send
                0x00009168       0x48 contiki-sky.a(uip6.o)
                0x00009168                uip_send
 .text.uip_ds6_list_loop
                0x000091b0       0x86 contiki-sky.a(uip-ds6.o)
                0x000091b0                uip_ds6_list_loop
 .text.uip_ds6_prefix_add
                0x00009236       0x80 contiki-sky.a(uip-ds6.o)
                0x00009236                uip_ds6_prefix_add
 .text.uip_ds6_is_addr_onlink
                0x000092b6       0x54 contiki-sky.a(uip-ds6.o)
                0x000092b6                uip_ds6_is_addr_onlink
 .text.uip_ds6_addr_lookup
                0x0000930a       0x2a contiki-sky.a(uip-ds6.o)
                0x0000930a                uip_ds6_addr_lookup
 .text.uip_ds6_get_link_local
                0x00009334       0x3e contiki-sky.a(uip-ds6.o)
                0x00009334                uip_ds6_get_link_local
 .text.uip_ds6_maddr_add
                0x00009372       0x4c contiki-sky.a(uip-ds6.o)
                0x00009372                uip_ds6_maddr_add
 .text.uip_ds6_addr_add
                0x000093be       0xc4 contiki-sky.a(uip-ds6.o)
                0x000093be                uip_ds6_addr_add
 .text.uip_ds6_maddr_rm
                0x00009482        0xa contiki-sky.a(uip-ds6.o)
                0x00009482                uip_ds6_maddr_rm
 .text.uip_ds6_maddr_lookup
                0x0000948c       0x2a contiki-sky.a(uip-ds6.o)
                0x0000948c                uip_ds6_maddr_lookup
 .text.uip_ds6_addr_rm
                0x000094b6       0x54 contiki-sky.a(uip-ds6.o)
                0x000094b6                uip_ds6_addr_rm
 .text.uip_ds6_periodic
                0x0000950a       0x4a contiki-sky.a(uip-ds6.o)
                0x0000950a                uip_ds6_periodic
 .text.uip_ds6_set_addr_iid
                0x00009554       0x14 contiki-sky.a(uip-ds6.o)
                0x00009554                uip_ds6_set_addr_iid
 .text.get_match_length
                0x00009568       0x44 contiki-sky.a(uip-ds6.o)
                0x00009568                get_match_length
 .text.uip_ds6_select_src
                0x000095ac       0xaa contiki-sky.a(uip-ds6.o)
                0x000095ac                uip_ds6_select_src
 .text.uip_ds6_compute_reachable_time
                0x00009656       0x3e contiki-sky.a(uip-ds6.o)
                0x00009656                uip_ds6_compute_reachable_time
 .text.uip_ds6_init
                0x00009694      0x154 contiki-sky.a(uip-ds6.o)
                0x00009694                uip_ds6_init
 .text.uip_ds6_nbr_rm
                0x000097e8       0x1a contiki-sky.a(uip-ds6-nbr.o)
                0x000097e8                uip_ds6_nbr_rm
 .text.uip_ds6_neighbors_init
                0x00009802        0xe contiki-sky.a(uip-ds6-nbr.o)
                0x00009802                uip_ds6_neighbors_init
 .text.uip_ds6_nbr_add
                0x00009810       0x60 contiki-sky.a(uip-ds6-nbr.o)
                0x00009810                uip_ds6_nbr_add
 .text.uip_ds6_nbr_get_ll
                0x00009870        0xc contiki-sky.a(uip-ds6-nbr.o)
                0x00009870                uip_ds6_nbr_get_ll
 .text.uip_ds6_nbr_lookup
                0x0000987c       0x42 contiki-sky.a(uip-ds6-nbr.o)
                0x0000987c                uip_ds6_nbr_lookup
 .text.uip_ds6_nbr_ll_lookup
                0x000098be        0xc contiki-sky.a(uip-ds6-nbr.o)
                0x000098be                uip_ds6_nbr_ll_lookup
 .text.uip_ds6_nbr_ipaddr_from_lladdr
                0x000098ca        0x6 contiki-sky.a(uip-ds6-nbr.o)
                0x000098ca                uip_ds6_nbr_ipaddr_from_lladdr
 .text.uip_ds6_nbr_lladdr_from_ipaddr
                0x000098d0       0x12 contiki-sky.a(uip-ds6-nbr.o)
                0x000098d0                uip_ds6_nbr_lladdr_from_ipaddr
 .text.uip_ds6_link_neighbor_callback
                0x000098e2       0x2a contiki-sky.a(uip-ds6-nbr.o)
                0x000098e2                uip_ds6_link_neighbor_callback
 .text.uip_ds6_neighbor_periodic
                0x0000990c       0x60 contiki-sky.a(uip-ds6-nbr.o)
                0x0000990c                uip_ds6_neighbor_periodic
 .text.call_route_callback
                0x0000996c       0x4c contiki-sky.a(uip-ds6-route.o)
 .text.uip_ds6_route_init
                0x000099b8       0x36 contiki-sky.a(uip-ds6-route.o)
                0x000099b8                uip_ds6_route_init
 .text.uip_ds6_route_nexthop
                0x000099ee       0x1a contiki-sky.a(uip-ds6-route.o)
                0x000099ee                uip_ds6_route_nexthop
 .text.uip_ds6_route_head
                0x00009a08        0xa contiki-sky.a(uip-ds6-route.o)
                0x00009a08                uip_ds6_route_head
 .text.uip_ds6_route_next
                0x00009a12        0xe contiki-sky.a(uip-ds6-route.o)
                0x00009a12                uip_ds6_route_next
 .text.uip_ds6_route_lookup
                0x00009a20       0x8c contiki-sky.a(uip-ds6-route.o)
                0x00009a20                uip_ds6_route_lookup
 .text.uip_ds6_route_rm
                0x00009aac       0xa6 contiki-sky.a(uip-ds6-route.o)
                0x00009aac                uip_ds6_route_rm
 .text.rm_routelist
                0x00009b52       0x34 contiki-sky.a(uip-ds6-route.o)
 .text.rm_routelist_callback
                0x00009b86        0x6 contiki-sky.a(uip-ds6-route.o)
 .text.uip_ds6_route_add
                0x00009b8c      0x10c contiki-sky.a(uip-ds6-route.o)
                0x00009b8c                uip_ds6_route_add
 .text.uip_ds6_defrt_rm
                0x00009c98       0x48 contiki-sky.a(uip-ds6-route.o)
                0x00009c98                uip_ds6_defrt_rm
 .text.uip_ds6_defrt_lookup
                0x00009ce0       0x36 contiki-sky.a(uip-ds6-route.o)
                0x00009ce0                uip_ds6_defrt_lookup
 .text.uip_ds6_defrt_add
                0x00009d16       0x74 contiki-sky.a(uip-ds6-route.o)
                0x00009d16                uip_ds6_defrt_add
 .text.uip_ds6_defrt_choose
                0x00009d8a       0x3a contiki-sky.a(uip-ds6-route.o)
                0x00009d8a                uip_ds6_defrt_choose
 .text.uip_ds6_defrt_periodic
                0x00009dc4       0x38 contiki-sky.a(uip-ds6-route.o)
                0x00009dc4                uip_ds6_defrt_periodic
 .text.echo_reply_input
                0x00009dfc      0x110 contiki-sky.a(uip-icmp6.o)
 .text.echo_request_input
                0x00009f0c      0x12c contiki-sky.a(uip-icmp6.o)
 .text.uip_icmp6_input
                0x0000a038       0x48 contiki-sky.a(uip-icmp6.o)
                0x0000a038                uip_icmp6_input
 .text.uip_icmp6_register_input_handler
                0x0000a080        0xc contiki-sky.a(uip-icmp6.o)
                0x0000a080                uip_icmp6_register_input_handler
 .text.uip_icmp6_error_output
                0x0000a08c      0x17e contiki-sky.a(uip-icmp6.o)
                0x0000a08c                uip_icmp6_error_output
 .text.uip_icmp6_send
                0x0000a20a       0x94 contiki-sky.a(uip-icmp6.o)
                0x0000a20a                uip_icmp6_send
 .text.uip_icmp6_init
                0x0000a29e       0x12 contiki-sky.a(uip-icmp6.o)
                0x0000a29e                uip_icmp6_init
 .text.uip_nd6_init
                0x0000a2b0        0x2 contiki-sky.a(uip-nd6.o)
                0x0000a2b0                uip_nd6_init
 .text.psock_send
                0x0000a2b2       0xae contiki-sky.a(psock.o)
                0x0000a2b2                psock_send
 .text.psock_datalen
                0x0000a360        0xc contiki-sky.a(psock.o)
                0x0000a360                psock_datalen
 .text.psock_newdata
                0x0000a36c       0x26 contiki-sky.a(psock.o)
                0x0000a36c                psock_newdata
 .text.psock_readto
                0x0000a392       0xbc contiki-sky.a(psock.o)
                0x0000a392                psock_readto
 .text.psock_init
                0x0000a44e       0x22 contiki-sky.a(psock.o)
                0x0000a44e                psock_init
 .text.start_periodic_tcp_timer
                0x0000a470       0x16 contiki-sky.a(tcpip.o)
 .text.tcpip_output
                0x0000a486       0x10 contiki-sky.a(tcpip.o)
                0x0000a486                tcpip_output
 .text.tcpip_set_outputfunc
                0x0000a496        0x6 contiki-sky.a(tcpip.o)
                0x0000a496                tcpip_set_outputfunc
 .text.tcp_listen
                0x0000a49c       0x3a contiki-sky.a(tcpip.o)
                0x0000a49c                tcp_listen
 .text.tcp_attach
                0x0000a4d6        0xc contiki-sky.a(tcpip.o)
                0x0000a4d6                tcp_attach
 .text.tcpip_input
                0x0000a4e2       0x16 contiki-sky.a(tcpip.o)
                0x0000a4e2                tcpip_input
 .text.tcpip_ipv6_output
                0x0000a4f8       0xea contiki-sky.a(tcpip.o)
                0x0000a4f8                tcpip_ipv6_output
 .text.process_thread_tcpip_process
                0x0000a5e2      0x1d8 contiki-sky.a(tcpip.o)
 .text.tcpip_uipcall
                0x0000a7ba       0x70 contiki-sky.a(tcpip.o)
                0x0000a7ba                tcpip_uipcall
 .text.uip_debug_ipaddr_print
                0x0000a82a       0x7e contiki-sky.a(uip-debug.o)
                0x0000a82a                uip_debug_ipaddr_print
 .text.rpl_get_mode
                0x0000a8a8        0x6 contiki-sky.a(rpl.o)
                0x0000a8a8                rpl_get_mode
 .text.rpl_purge_routes
                0x0000a8ae       0x96 contiki-sky.a(rpl.o)
                0x0000a8ae                rpl_purge_routes
 .text.rpl_remove_routes
                0x0000a944       0x22 contiki-sky.a(rpl.o)
                0x0000a944                rpl_remove_routes
 .text.rpl_remove_routes_by_nexthop
                0x0000a966       0x46 contiki-sky.a(rpl.o)
                0x0000a966                rpl_remove_routes_by_nexthop
 .text.rpl_add_route
                0x0000a9ac       0x48 contiki-sky.a(rpl.o)
                0x0000a9ac                rpl_add_route
 .text.rpl_link_neighbor_callback
                0x0000a9f4       0x7c contiki-sky.a(rpl.o)
                0x0000a9f4                rpl_link_neighbor_callback
 .text.rpl_ipv6_neighbor_callback
                0x0000aa70       0x1e contiki-sky.a(rpl.o)
                0x0000aa70                rpl_ipv6_neighbor_callback
 .text.rpl_init
                0x0000aa8e       0x4a contiki-sky.a(rpl.o)
                0x0000aa8e                rpl_init
 .text.lollipop_greater_than
                0x0000aad8       0x3c contiki-sky.a(rpl-dag.o)
 .text.find_parent_any_dag_any_instance
                0x0000ab14       0x14 contiki-sky.a(rpl-dag.o)
 .text.rpl_set_preferred_parent
                0x0000ab28       0x30 contiki-sky.a(rpl-dag.o)
 .text.set_ip_from_prefix
                0x0000ab58       0x38 contiki-sky.a(rpl-dag.o)
 .text.check_prefix
                0x0000ab90       0x80 contiki-sky.a(rpl-dag.o)
 .text.rpl_get_nbr
                0x0000ac10       0x1e contiki-sky.a(rpl-dag.o)
                0x0000ac10                rpl_get_nbr
 .text.rpl_dag_init
                0x0000ac2e        0xe contiki-sky.a(rpl-dag.o)
                0x0000ac2e                rpl_dag_init
 .text.rpl_get_parent
                0x0000ac3c        0xc contiki-sky.a(rpl-dag.o)
                0x0000ac3c                rpl_get_parent
 .text.rpl_get_parent_ipaddr
                0x0000ac48       0x10 contiki-sky.a(rpl-dag.o)
                0x0000ac48                rpl_get_parent_ipaddr
 .text.rpl_set_prefix
                0x0000ac58       0x8e contiki-sky.a(rpl-dag.o)
                0x0000ac58                rpl_set_prefix
 .text.rpl_set_default_route
                0x0000ace6       0x64 contiki-sky.a(rpl-dag.o)
                0x0000ace6                rpl_set_default_route
 .text.rpl_alloc_instance
                0x0000ad4a       0x34 contiki-sky.a(rpl-dag.o)
                0x0000ad4a                rpl_alloc_instance
 .text.rpl_add_parent
                0x0000ad7e       0x56 contiki-sky.a(rpl-dag.o)
                0x0000ad7e                rpl_add_parent
 .text.rpl_find_parent
                0x0000add4       0x1c contiki-sky.a(rpl-dag.o)
                0x0000add4                rpl_find_parent
 .text.rpl_find_parent_any_dag
                0x0000adf0       0x24 contiki-sky.a(rpl-dag.o)
                0x0000adf0                rpl_find_parent_any_dag
 .text.rpl_select_parent
                0x0000ae14       0x7e contiki-sky.a(rpl-dag.o)
                0x0000ae14                rpl_select_parent
 .text.rpl_select_dag
                0x0000ae92      0x1ae contiki-sky.a(rpl-dag.o)
                0x0000ae92                rpl_select_dag
 .text.rpl_nullify_parent
                0x0000b040       0x54 contiki-sky.a(rpl-dag.o)
                0x0000b040                rpl_nullify_parent
 .text.rpl_remove_parent
                0x0000b094       0x16 contiki-sky.a(rpl-dag.o)
                0x0000b094                rpl_remove_parent
 .text.nbr_callback
                0x0000b0aa        0x6 contiki-sky.a(rpl-dag.o)
 .text.remove_parents.constprop.5
                0x0000b0b0       0x32 contiki-sky.a(rpl-dag.o)
 .text.rpl_free_dag
                0x0000b0e2       0x34 contiki-sky.a(rpl-dag.o)
                0x0000b0e2                rpl_free_dag
 .text.rpl_move_parent
                0x0000b116       0x5a contiki-sky.a(rpl-dag.o)
                0x0000b116                rpl_move_parent
 .text.rpl_get_any_dag
                0x0000b170       0x16 contiki-sky.a(rpl-dag.o)
                0x0000b170                rpl_get_any_dag
 .text.rpl_get_instance
                0x0000b186       0x16 contiki-sky.a(rpl-dag.o)
                0x0000b186                rpl_get_instance
 .text.rpl_alloc_dag
                0x0000b19c       0x64 contiki-sky.a(rpl-dag.o)
                0x0000b19c                rpl_alloc_dag
 .text.rpl_repair_root
                0x0000b200       0x4c contiki-sky.a(rpl-dag.o)
                0x0000b200                rpl_repair_root
 .text.rpl_set_root
                0x0000b24c      0x136 contiki-sky.a(rpl-dag.o)
                0x0000b24c                rpl_set_root
 .text.rpl_find_of
                0x0000b382       0x10 contiki-sky.a(rpl-dag.o)
                0x0000b382                rpl_find_of
 .text.rpl_join_instance
                0x0000b392      0x13c contiki-sky.a(rpl-dag.o)
                0x0000b392                rpl_join_instance
 .text.rpl_local_repair
                0x0000b4ce       0x80 contiki-sky.a(rpl-dag.o)
                0x0000b4ce                rpl_local_repair
 .text.rpl_process_parent_event
                0x0000b54e       0x80 contiki-sky.a(rpl-dag.o)
                0x0000b54e                rpl_process_parent_event
 .text.rpl_recalculate_ranks
                0x0000b5ce       0x46 contiki-sky.a(rpl-dag.o)
                0x0000b5ce                rpl_recalculate_ranks
 .text.rpl_add_dag
                0x0000b614      0x112 contiki-sky.a(rpl-dag.o)
                0x0000b614                rpl_add_dag
 .text.rpl_process_dio
                0x0000b726      0x2f8 contiki-sky.a(rpl-dag.o)
                0x0000b726                rpl_process_dio
 .text.rpl_lock_parent
                0x0000ba1e        0xc contiki-sky.a(rpl-dag.o)
                0x0000ba1e                rpl_lock_parent
 .text.rpl_verify_header
                0x0000ba2a       0xb2 contiki-sky.a(rpl-ext-header.)
                0x0000ba2a                rpl_verify_header
 .text.rpl_update_header_empty
                0x0000badc      0x132 contiki-sky.a(rpl-ext-header.)
                0x0000badc                rpl_update_header_empty
 .text.rpl_update_header_final
                0x0000bc0e       0x90 contiki-sky.a(rpl-ext-header.)
                0x0000bc0e                rpl_update_header_final
 .text.rpl_invert_header
                0x0000bc9e       0x7c contiki-sky.a(rpl-ext-header.)
                0x0000bc9e                rpl_invert_header
 .text.rpl_insert_header
                0x0000bd1a       0x12 contiki-sky.a(rpl-ext-header.)
                0x0000bd1a                rpl_insert_header
 .text.get32    0x0000bd2c       0x46 contiki-sky.a(rpl-icmp6.o)
 .text.set32    0x0000bd72       0x2a contiki-sky.a(rpl-icmp6.o)
 .text.get16    0x0000bd9c        0xe contiki-sky.a(rpl-icmp6.o)
 .text.set16    0x0000bdaa       0x10 contiki-sky.a(rpl-icmp6.o)
 .text.dao_ack_input
                0x0000bdba        0x6 contiki-sky.a(rpl-icmp6.o)
 .text.dio_input
                0x0000bdc0      0x2d8 contiki-sky.a(rpl-icmp6.o)
 .text.dis_output
                0x0000c098       0x50 contiki-sky.a(rpl-icmp6.o)
                0x0000c098                dis_output
 .text.dio_output
                0x0000c0e8      0x268 contiki-sky.a(rpl-icmp6.o)
                0x0000c0e8                dio_output
 .text.dis_input
                0x0000c350       0x28 contiki-sky.a(rpl-icmp6.o)
 .text.dao_output_target
                0x0000c378       0xe4 contiki-sky.a(rpl-icmp6.o)
                0x0000c378                dao_output_target
 .text.dao_output
                0x0000c45c       0x7e contiki-sky.a(rpl-icmp6.o)
                0x0000c45c                dao_output
 .text.dao_ack_output
                0x0000c4da       0x32 contiki-sky.a(rpl-icmp6.o)
                0x0000c4da                dao_ack_output
 .text.dao_input
                0x0000c50c      0x2ac contiki-sky.a(rpl-icmp6.o)
 .text.rpl_icmp6_register_handlers
                0x0000c7b8       0x22 contiki-sky.a(rpl-icmp6.o)
                0x0000c7b8                rpl_icmp6_register_handlers
 .text.reset    0x0000c7da        0x2 contiki-sky.a(rpl-mrhof.o)
 .text.update_metric_container
                0x0000c7dc        0x6 contiki-sky.a(rpl-mrhof.o)
 .text.calculate_rank
                0x0000c7e2       0x42 contiki-sky.a(rpl-mrhof.o)
 .text.neighbor_link_callback
                0x0000c824       0x9c contiki-sky.a(rpl-mrhof.o)
 .text.best_dag
                0x0000c8c0       0x2e contiki-sky.a(rpl-mrhof.o)
 .text.best_parent
                0x0000c8ee       0x74 contiki-sky.a(rpl-mrhof.o)
 .text.new_dio_interval
                0x0000c962       0x92 contiki-sky.a(rpl-timers.o)
 .text.set_dao_lifetime_timer
                0x0000c9f4       0x66 contiki-sky.a(rpl-timers.o)
 .text.handle_periodic_timer
                0x0000ca5a       0x2e contiki-sky.a(rpl-timers.o)
 .text.schedule_dao
                0x0000ca88       0x82 contiki-sky.a(rpl-timers.o)
 .text.handle_dio_timer
                0x0000cb0a       0x88 contiki-sky.a(rpl-timers.o)
 .text.handle_dao_timer
                0x0000cb92       0x64 contiki-sky.a(rpl-timers.o)
 .text.rpl_reset_periodic_timer
                0x0000cbf6       0x54 contiki-sky.a(rpl-timers.o)
                0x0000cbf6                rpl_reset_periodic_timer
 .text.rpl_reset_dio_timer
                0x0000cc4a       0x18 contiki-sky.a(rpl-timers.o)
                0x0000cc4a                rpl_reset_dio_timer
 .text.rpl_schedule_dao
                0x0000cc62        0xc contiki-sky.a(rpl-timers.o)
                0x0000cc62                rpl_schedule_dao
 .text.rpl_schedule_probing
                0x0000cc6e       0x3c contiki-sky.a(rpl-timers.o)
                0x0000cc6e                rpl_schedule_probing
 .text.handle_probing_timer
                0x0000ccaa      0x12a contiki-sky.a(rpl-timers.o)
 .text.input_packet
                0x0000cdd4        0x6 contiki-sky.a(csma.o)
 .text.on       0x0000cdda        0x6 contiki-sky.a(csma.o)
 .text.off      0x0000cde0        0x6 contiki-sky.a(csma.o)
 .text.channel_check_interval
                0x0000cde6       0x10 contiki-sky.a(csma.o)
 .text.transmit_packet_list
                0x0000cdf6       0x24 contiki-sky.a(csma.o)
 .text.init     0x0000ce1a       0x1a contiki-sky.a(csma.o)
 .text.send_packet
                0x0000ce34      0x17a contiki-sky.a(csma.o)
 .text.free_packet
                0x0000cfae       0x9c contiki-sky.a(csma.o)
 .text.packet_sent
                0x0000d04a      0x132 contiki-sky.a(csma.o)
 .text.create_frame.isra.0
                0x0000d17c      0x108 contiki-sky.a(framer-802154.o)
 .text.create   0x0000d284        0x8 contiki-sky.a(framer-802154.o)
 .text.hdr_length
                0x0000d28c        0x8 contiki-sky.a(framer-802154.o)
 .text.parse    0x0000d294       0xa2 contiki-sky.a(framer-802154.o)
 .text.framer_canonical_create_and_secure
                0x0000d336       0x20 contiki-sky.a(framer.o)
                0x0000d336                framer_canonical_create_and_secure
 .text.mac_call_sent_callback
                0x0000d356       0x14 contiki-sky.a(mac.o)
                0x0000d356                mac_call_sent_callback
 .text.linkaddr_copy
                0x0000d36a        0x8 contiki-sky.a(linkaddr.o)
                0x0000d36a                linkaddr_copy
 .text.linkaddr_cmp
                0x0000d372       0x12 contiki-sky.a(linkaddr.o)
                0x0000d372                linkaddr_cmp
 .text.linkaddr_set_node_addr
                0x0000d384        0xc contiki-sky.a(linkaddr.o)
                0x0000d384                linkaddr_set_node_addr
 .text.item_from_index
                0x0000d390       0x2a contiki-sky.a(nbr-table.o)
 .text.index_from_key
                0x0000d3ba       0x26 contiki-sky.a(nbr-table.o)
 .text.index_from_item
                0x0000d3e0       0x1e contiki-sky.a(nbr-table.o)
 .text.nbr_set_bit
                0x0000d3fe       0x58 contiki-sky.a(nbr-table.o)
 .text.index_from_lladdr
                0x0000d456       0x42 contiki-sky.a(nbr-table.o)
 .text.nbr_get_bit.constprop.0
                0x0000d498       0x2e contiki-sky.a(nbr-table.o)
 .text.nbr_table_register
                0x0000d4c6       0x26 contiki-sky.a(nbr-table.o)
                0x0000d4c6                nbr_table_register
 .text.nbr_table_next
                0x0000d4ec       0x54 contiki-sky.a(nbr-table.o)
                0x0000d4ec                nbr_table_next
 .text.nbr_table_head
                0x0000d540       0x3a contiki-sky.a(nbr-table.o)
                0x0000d540                nbr_table_head
 .text.nbr_table_add_lladdr
                0x0000d57a      0x128 contiki-sky.a(nbr-table.o)
                0x0000d57a                nbr_table_add_lladdr
 .text.nbr_table_get_from_lladdr
                0x0000d6a2       0x2c contiki-sky.a(nbr-table.o)
                0x0000d6a2                nbr_table_get_from_lladdr
 .text.nbr_table_remove
                0x0000d6ce       0x32 contiki-sky.a(nbr-table.o)
                0x0000d6ce                nbr_table_remove
 .text.nbr_table_lock
                0x0000d700       0x10 contiki-sky.a(nbr-table.o)
                0x0000d700                nbr_table_lock
 .text.nbr_table_unlock
                0x0000d710       0x10 contiki-sky.a(nbr-table.o)
                0x0000d710                nbr_table_unlock
 .text.nbr_table_get_lladdr
                0x0000d720       0x22 contiki-sky.a(nbr-table.o)
                0x0000d720                nbr_table_get_lladdr
 .text.packetbuf_compact
                0x0000d742       0x2e contiki-sky.a(packetbuf.o)
                0x0000d742                packetbuf_compact
 .text.packetbuf_copyto
                0x0000d770       0x52 contiki-sky.a(packetbuf.o)
                0x0000d770                packetbuf_copyto
 .text.packetbuf_hdrreduce
                0x0000d7c2       0x1a contiki-sky.a(packetbuf.o)
                0x0000d7c2                packetbuf_hdrreduce
 .text.packetbuf_set_datalen
                0x0000d7dc        0x6 contiki-sky.a(packetbuf.o)
                0x0000d7dc                packetbuf_set_datalen
 .text.packetbuf_dataptr
                0x0000d7e2        0xe contiki-sky.a(packetbuf.o)
                0x0000d7e2                packetbuf_dataptr
 .text.packetbuf_hdrptr
                0x0000d7f0        0xa contiki-sky.a(packetbuf.o)
                0x0000d7f0                packetbuf_hdrptr
 .text.packetbuf_datalen
                0x0000d7fa        0x6 contiki-sky.a(packetbuf.o)
                0x0000d7fa                packetbuf_datalen
 .text.packetbuf_hdrlen
                0x0000d800       0x10 contiki-sky.a(packetbuf.o)
                0x0000d800                packetbuf_hdrlen
 .text.packetbuf_totlen
                0x0000d810        0xc contiki-sky.a(packetbuf.o)
                0x0000d810                packetbuf_totlen
 .text.packetbuf_hdralloc
                0x0000d81c       0x2e contiki-sky.a(packetbuf.o)
                0x0000d81c                packetbuf_hdralloc
 .text.packetbuf_attr_clear
                0x0000d84a       0x28 contiki-sky.a(packetbuf.o)
                0x0000d84a                packetbuf_attr_clear
 .text.packetbuf_clear
                0x0000d872       0x1a contiki-sky.a(packetbuf.o)
                0x0000d872                packetbuf_clear
 .text.packetbuf_copyfrom
                0x0000d88c       0x2e contiki-sky.a(packetbuf.o)
                0x0000d88c                packetbuf_copyfrom
 .text.packetbuf_attr_copyto
                0x0000d8ba       0x22 contiki-sky.a(packetbuf.o)
                0x0000d8ba                packetbuf_attr_copyto
 .text.packetbuf_attr_copyfrom
                0x0000d8dc       0x24 contiki-sky.a(packetbuf.o)
                0x0000d8dc                packetbuf_attr_copyfrom
 .text.packetbuf_holds_broadcast
                0x0000d900        0xe contiki-sky.a(packetbuf.o)
                0x0000d900                packetbuf_holds_broadcast
 .text.queuebuf_init
                0x0000d90e       0x12 contiki-sky.a(queuebuf.o)
                0x0000d90e                queuebuf_init
 .text.queuebuf_numfree
                0x0000d920        0xa contiki-sky.a(queuebuf.o)
                0x0000d920                queuebuf_numfree
 .text.queuebuf_new_from_packetbuf
                0x0000d92a       0x52 contiki-sky.a(queuebuf.o)
                0x0000d92a                queuebuf_new_from_packetbuf
 .text.queuebuf_update_attr_from_packetbuf
                0x0000d97c       0x12 contiki-sky.a(queuebuf.o)
                0x0000d97c                queuebuf_update_attr_from_packetbuf
 .text.queuebuf_update_from_packetbuf
                0x0000d98e       0x22 contiki-sky.a(queuebuf.o)
                0x0000d98e                queuebuf_update_from_packetbuf
 .text.queuebuf_free
                0x0000d9b0       0x2a contiki-sky.a(queuebuf.o)
                0x0000d9b0                queuebuf_free
 .text.queuebuf_to_packetbuf
                0x0000d9da       0x32 contiki-sky.a(queuebuf.o)
                0x0000d9da                queuebuf_to_packetbuf
 .text.queuebuf_attr
                0x0000da0c        0xe contiki-sky.a(queuebuf.o)
                0x0000da0c                queuebuf_attr
 .text.duty_cycle
                0x0000da1a        0x6 contiki-sky.a(contikimac.o)
 .text.init     0x0000da20       0x2a contiki-sky.a(contikimac.o)
 .text.on       0x0000da4a       0x1a contiki-sky.a(contikimac.o)
 .text.off      0x0000da64       0x22 contiki-sky.a(contikimac.o)
 .text.recv_burst_off
                0x0000da86        0xa contiki-sky.a(contikimac.o)
 .text.turn_off
                0x0000da90       0x20 contiki-sky.a(contikimac.o)
 .text.turn_on  0x0000dab0       0x30 contiki-sky.a(contikimac.o)
 .text.schedule_powercycle_fixed.part.4
                0x0000dae0       0x34 contiki-sky.a(contikimac.o)
 .text.powercycle_turn_radio_off
                0x0000db14       0x30 contiki-sky.a(contikimac.o)
 .text.input_packet
                0x0000db44       0xb6 contiki-sky.a(contikimac.o)
 .text.send_packet.isra.7
                0x0000dbfa      0x20c contiki-sky.a(contikimac.o)
 .text.qsend_list
                0x0000de06       0xc4 contiki-sky.a(contikimac.o)
 .text.qsend_packet
                0x0000deca       0x28 contiki-sky.a(contikimac.o)
 .text.powercycle
                0x0000def2      0x1d6 contiki-sky.a(contikimac.o)
 .text.bootstrap
                0x0000e0c8        0x4 contiki-sky.a(nullsec.o)
 .text.send     0x0000e0cc        0xa contiki-sky.a(nullsec.o)
 .text.on_frame_created
                0x0000e0d6        0x4 contiki-sky.a(nullsec.o)
 .text.input    0x0000e0da        0x6 contiki-sky.a(nullsec.o)
 .text.get_overhead
                0x0000e0e0        0x4 contiki-sky.a(nullsec.o)
 .text.spi_init
                0x0000e0e4       0x30 contiki-sky.a(spi.o)
                0x0000e0e4                spi_init
 .text.compower_accumulate
                0x0000e114       0x72 contiki-sky.a(compower.o)
                0x0000e114                compower_accumulate
 .text.compower_clear
                0x0000e186       0x12 contiki-sky.a(compower.o)
                0x0000e186                compower_clear
 .text.compower_attrconv
                0x0000e198       0x10 contiki-sky.a(compower.o)
                0x0000e198                compower_attrconv
 .text.stimer_set
                0x0000e1a8       0x1c contiki-sky.a(stimer.o)
                0x0000e1a8                stimer_set
 .text.stimer_expired
                0x0000e1c4       0x30 contiki-sky.a(stimer.o)
                0x0000e1c4                stimer_expired
 .text.field_len
                0x0000e1f4       0x90 contiki-sky.a(frame802154.o)
 .text.frame802154_hdrlen
                0x0000e284       0x2e contiki-sky.a(frame802154.o)
                0x0000e284                frame802154_hdrlen
 .text.frame802154_create
                0x0000e2b2      0x146 contiki-sky.a(frame802154.o)
                0x0000e2b2                frame802154_create
 .text.frame802154_parse
                0x0000e3f8      0x1ba contiki-sky.a(frame802154.o)
                0x0000e3f8                frame802154_parse
 .text.mac_sequence_is_duplicate
                0x0000e5b2       0x44 contiki-sky.a(mac-sequence.o)
                0x0000e5b2                mac_sequence_is_duplicate
 .text.mac_sequence_register_seqno
                0x0000e5f6       0x72 contiki-sky.a(mac-sequence.o)
                0x0000e5f6                mac_sequence_register_seqno
 .text.libgcc   0x0000e668       0x2c /usr/local/msp430/bin/../lib/gcc/msp430/4.7.0/mmpy-16/libgcc.a(_mulsi3.o)
                0x0000e668                __mulsi3
 .text.libgcc   0x0000e694       0x22 /usr/local/msp430/bin/../lib/gcc/msp430/4.7.0/mmpy-16/libgcc.a(_udivmod16.o)
                0x0000e694                __udivhi3
                0x0000e694                __ext_udivmod16
                0x0000e6ae                __umodhi3
 .text.libgcc   0x0000e6b6       0x3a /usr/local/msp430/bin/../lib/gcc/msp430/4.7.0/mmpy-16/libgcc.a(_divmod16.o)
                0x0000e6b6                __ext_divmod16
                0x0000e6b6                __divhi3
                0x0000e6e8                __modhi3
 .text.libgcc   0x0000e6f0       0x40 /usr/local/msp430/bin/../lib/gcc/msp430/4.7.0/mmpy-16/libgcc.a(_udivmod32.o)
                0x0000e6f0                __udivsi3
                0x0000e6f0                __ext_udivmod32
                0x0000e726                __umodsi3
 .text.printf   0x0000e730       0x10 /usr/local/msp430/bin/../lib/gcc/msp430/4.7.0/../../../../msp430/lib/mmpy-16/libc.a(printf.o)
                0x0000e730                printf
 .text.append   0x0000e740       0x22 /usr/local/msp430/bin/../lib/gcc/msp430/4.7.0/../../../../msp430/lib/mmpy-16/libc.a(sprintf.o)
 .text.call_vuprintf
                0x0000e762       0x3a /usr/local/msp430/bin/../lib/gcc/msp430/4.7.0/../../../../msp430/lib/mmpy-16/libc.a(sprintf.o)
 .text.snprintf
                0x0000e79c       0x1a /usr/local/msp430/bin/../lib/gcc/msp430/4.7.0/../../../../msp430/lib/mmpy-16/libc.a(sprintf.o)
                0x0000e79c                snprintf
 .text.print_field
                0x0000e7b6      0x194 /usr/local/msp430/bin/../lib/gcc/msp430/4.7.0/../../../../msp430/lib/mmpy-16/libc.a(vuprintf.o)
 .text.vuprintf
                0x0000e94a      0x63c /usr/local/msp430/bin/../lib/gcc/msp430/4.7.0/../../../../msp430/lib/mmpy-16/libc.a(vuprintf.o)
                0x0000e94a                vuprintf
 .text.puts     0x0000ef86       0x2c /usr/local/msp430/bin/../lib/gcc/msp430/4.7.0/../../../../msp430/lib/mmpy-16/libc.a(puts.o)
                0x0000ef86                puts
 .text.rand     0x0000efb2       0x26 /usr/local/msp430/bin/../lib/gcc/msp430/4.7.0/../../../../msp430/lib/mmpy-16/libc.a(rand.o)
                0x0000efb2                rand
 .text.srand    0x0000efd8        0xa /usr/local/msp430/bin/../lib/gcc/msp430/4.7.0/../../../../msp430/lib/mmpy-16/libc.a(rand.o)
                0x0000efd8                srand
 .text.strncmp  0x0000efe2       0x2a /usr/local/msp430/bin/../lib/gcc/msp430/4.7.0/../../../../msp430/lib/mmpy-16/libc.a(strncmp.o)
                0x0000efe2                strncmp
 .text.memcmp   0x0000f00c       0x30 /usr/local/msp430/bin/../lib/gcc/msp430/4.7.0/../../../../msp430/lib/mmpy-16/libc.a(memcmp.o)
                0x0000f00c                memcmp
 .text.strcpy   0x0000f03c       0x14 /usr/local/msp430/bin/../lib/gcc/msp430/4.7.0/../../../../msp430/lib/mmpy-16/libc.a(strcpy.o)
                0x0000f03c                strcpy
 .text.strncpy  0x0000f050       0x2a /usr/local/msp430/bin/../lib/gcc/msp430/4.7.0/../../../../msp430/lib/mmpy-16/libc.a(strncpy.o)
                0x0000f050                strncpy
 .text.memcpy   0x0000f07a       0xfa /usr/local/msp430/bin/../lib/gcc/msp430/4.7.0/../../../../msp430/lib/mmpy-16/libc.a(memcpy.o)
                0x0000f07a                memcpy
 .text.memmove  0x0000f174       0xfa /usr/local/msp430/bin/../lib/gcc/msp430/4.7.0/../../../../msp430/lib/mmpy-16/libc.a(memmove.o)
                0x0000f174                memmove
 .text.memset   0x0000f26e       0x6a /usr/local/msp430/bin/../lib/gcc/msp430/4.7.0/../../../../msp430/lib/mmpy-16/libc.a(memset.o)
                0x0000f26e                memset
 .text.libgcc   0x0000f2d8       0xf0 /usr/local/msp430/bin/../lib/gcc/msp430/4.7.0/mmpy-16/libgcc.a(_udivmod64.o)
                0x0000f2d8                __xabi_udivmod64
                0x0000f336                __udivdi3
                0x0000f35c                __umoddi3
                0x0000f38a                __udivmoddi4
 .text.crt0     0x0000f3c8        0x2 /usr/local/msp430/bin/../lib/gcc/msp430/4.7.0/mmpy-16/libcrt0.a(_unexpected_.o)
                0x0000f3c8                _unexpected_
 *(.near.text .near.text.*)

.rodata         0x0000f3cc      0x55f
                0x0000f3cc                . = ALIGN (0x2)
 *(.rodata .rodata.* .gnu.linkonce.r.*)
 .rodata        0x0000f3cc       0xc8 border-router.co
                0x0000f46c                autostart_processes
 .rodata        0x0000f494       0xa6 obj_sky/slip-bridge.o
                0x0000f536                rpl_interface
 .rodata        0x0000f53a      0x139 obj_sky/httpd-simple.o
                0x0000f593                http_index_html
                0x0000f59f                http_get
                0x0000f5a4                http_header_404
                0x0000f601                http_header_200
                0x0000f657                http_content_type_html
 .rodata        0x0000f673      0x12e obj_sky/contiki-sky-main.o
 *fill*         0x0000f7a1        0x1 00
 .rodata        0x0000f7a2       0x10 contiki-sky.a(button-sensor.o)
                0x0000f7aa                button_sensor
 .rodata        0x0000f7b2        0x8 contiki-sky.a(sensors.o)
 *fill*         0x0000f7ba        0x2 00
 .rodata.get_value
                0x0000f7bc       0x1c contiki-sky.a(cc2420.o)
 .rodata        0x0000f7d8       0x3e contiki-sky.a(cc2420.o)
                0x0000f7d8                cc2420_aes_128_driver
                0x0000f7dc                cc2420_driver
 .rodata        0x0000f816       0x21 contiki-sky.a(slip.o)
 .rodata        0x0000f837        0xf contiki-sky.a(ctimer.o)
 .rodata        0x0000f846        0xc contiki-sky.a(etimer.o)
 .rodata        0x0000f852       0x24 contiki-sky.a(sicslowpan.o)
                0x0000f85e                sicslowpan_driver
                0x0000f864                llprefix
                0x0000f866                unc_mxconf
                0x0000f86a                unc_ctxconf
                0x0000f86e                unc_llconf
 *fill*         0x0000f876        0x2 00
 .rodata.uip_process
                0x0000f878       0x20 contiki-sky.a(uip6.o)
 .rodata        0x0000f898        0xd contiki-sky.a(tcpip.o)
 .rodata        0x0000f8a5       0x29 contiki-sky.a(uip-debug.o)
 .rodata        0x0000f8ce       0x14 contiki-sky.a(csma.o)
                0x0000f8d4                csma_driver
 .rodata        0x0000f8e2        0x8 contiki-sky.a(framer-802154.o)
                0x0000f8e2                framer_802154
 .rodata        0x0000f8ea        0x8 contiki-sky.a(linkaddr.o)
                0x0000f8ea                linkaddr_null
 .rodata        0x0000f8f2       0x1c contiki-sky.a(contikimac.o)
                0x0000f8fe                contikimac_driver
 .rodata        0x0000f90e       0x14 contiki-sky.a(nullsec.o)
                0x0000f916                nullsec_driver
 .rodata        0x0000f922        0x2 contiki-sky.a(frame802154.o)
 .rodata.vuprintf
                0x0000f924        0x7 /usr/local/msp430/bin/../lib/gcc/msp430/4.7.0/../../../../msp430/lib/mmpy-16/libc.a(vuprintf.o)
 *(.near.rodata .near.rodata.*)
                0x0000f92c                . = ALIGN (0x2)
                0x0000f92c                _etext = .

.data           0x00001100       0xfa load address 0x0000f92c
                0x00001100                . = ALIGN (0x2)
                0x00001100                __data_start = .
 *(.data .data.* .gnu.linkonce.d.*)
 .data          0x00001100       0x14 border-router.co
                0x00001100                webserver_nogui_process
                0x0000110a                border_router_process
 .data          0x00001114        0x8 obj_sky/httpd-simple.o
 .data          0x0000111c        0x4 contiki-sky.a(contiki-sky-pla)
                0x0000111c                sensors
 .data          0x00001120        0xa contiki-sky.a(sensors.o)
                0x00001120                sensors_process
 .data          0x0000112a        0xa contiki-sky.a(cc2420.o)
                0x0000112a                cc2420_process
 .data          0x00001134        0xa contiki-sky.a(slip.o)
                0x00001134                slip_process
 .data          0x0000113e        0x2 contiki-sky.a(msp430.o)
 .data          0x00001140        0xa contiki-sky.a(ctimer.o)
                0x00001140                ctimer_process
 .data          0x0000114a        0xa contiki-sky.a(etimer.o)
                0x0000114a                etimer_process
 .data          0x00001154        0xa contiki-sky.a(uip-ds6-nbr.o)
                0x00001154                ds6_neighbors
 .data          0x0000115e       0x20 contiki-sky.a(uip-ds6-route.o)
 .data          0x0000117e        0xc contiki-sky.a(uip-icmp6.o)
 .data          0x0000118a        0xa contiki-sky.a(tcpip.o)
                0x0000118a                tcpip_process
 .data          0x00001194        0xa contiki-sky.a(rpl-dag.o)
                0x00001194                rpl_parents
 .data          0x0000119e       0x1a contiki-sky.a(rpl-icmp6.o)
 .data          0x000011b8        0xe contiki-sky.a(rpl-mrhof.o)
                0x000011b8                rpl_mrhof
 .data          0x000011c6       0x18 contiki-sky.a(csma.o)
 .data          0x000011de        0x8 contiki-sky.a(nbr-table.o)
 .data          0x000011e6       0x10 contiki-sky.a(queuebuf.o)
 .data.next     0x000011f6        0x4 /usr/local/msp430/bin/../lib/gcc/msp430/4.7.0/../../../../msp430/lib/mmpy-16/libc.a(rand.o)
 *(.near.data .near.data.*)
                0x000011fa                . = ALIGN (0x2)
                0x000011fa                _edata = .
                0x0000f92c                __data_load_start = LOADADDR (.data)
                0x000000fa                __data_size = SIZEOF (.data)

.bss            0x000011fa     0x1c12 load address 0x0000fa26
                0x000011fa                __bss_start = .
 *(.bss .bss.*)
 .bss           0x000011fa      0x124 border-router.co
 .bss           0x0000131e       0x12 obj_sky/slip-bridge.o
 .bss           0x00001330       0xae obj_sky/httpd-simple.o
 .bss           0x000013de        0xc obj_sky/contiki-sky-main.o
 .bss           0x000013ea        0x8 contiki-sky.a(button-sensor.o)
 .bss           0x000013f2        0x2 contiki-sky.a(node-id.o)
                0x000013f2                node_id
 .bss           0x000013f4        0x6 contiki-sky.a(sensors.o)
 .bss           0x000013fa        0x8 contiki-sky.a(cc2420.o)
 .bss           0x00001402       0x9a contiki-sky.a(uart1.o)
 .bss           0x0000149c      0x10a contiki-sky.a(slip.o)
 .bss           0x000015a6        0xa contiki-sky.a(clock.o)
 .bss           0x000015b0        0x1 contiki-sky.a(leds.o)
 *fill*         0x000015b1        0x1 00
 .bss           0x000015b2        0x2 contiki-sky.a(watchdog.o)
 .bss           0x000015b4        0x4 contiki-sky.a(ctimer.o)
 .bss           0x000015b8        0x6 contiki-sky.a(etimer.o)
 .bss           0x000015be       0x42 contiki-sky.a(process.o)
                0x000015be                process_current
                0x000015c0                process_list
 .bss           0x00001600        0x2 contiki-sky.a(rtimer.o)
 .bss           0x00001602      0x124 contiki-sky.a(sicslowpan.o)
 .bss           0x00001726        0xe contiki-sky.a(uip6.o)
                0x00001726                uip_ext_opt_offset
                0x00001727                uip_ext_len
                0x00001728                uip_ext_bitmap
 .bss           0x00001734       0x18 contiki-sky.a(uip-ds6.o)
 .bss           0x0000174c      0x2f8 contiki-sky.a(uip-ds6-nbr.o)
 .bss           0x00001a44      0x362 contiki-sky.a(uip-ds6-route.o)
 .bss           0x00001da6       0x14 contiki-sky.a(uip-icmp6.o)
 .bss           0x00001dba       0x36 contiki-sky.a(tcpip.o)
 .bss           0x00001df0        0x2 contiki-sky.a(rpl.o)
 .bss           0x00001df2       0xf0 contiki-sky.a(rpl-dag.o)
 .bss           0x00001ee2       0x18 contiki-sky.a(rpl-timers.o)
 .bss           0x00001efa       0xc4 contiki-sky.a(csma.o)
 .bss           0x00001fbe        0x2 contiki-sky.a(framer-802154.o)
 .bss           0x00001fc0      0x118 contiki-sky.a(nbr-table.o)
 .bss           0x000020d8       0xb8 contiki-sky.a(packetbuf.o)
 .bss           0x00002190      0x5a0 contiki-sky.a(queuebuf.o)
 .bss           0x00002730       0x32 contiki-sky.a(contikimac.o)
 .bss           0x00002762        0x8 contiki-sky.a(compower.o)
 .bss           0x0000276a       0xa0 contiki-sky.a(mac-sequence.o)
 .bss.destination_
                0x0000280a        0x2 /usr/local/msp430/bin/../lib/gcc/msp430/4.7.0/../../../../msp430/lib/mmpy-16/libc.a(sprintf.o)
 .bss.available_
                0x0000280c        0x2 /usr/local/msp430/bin/../lib/gcc/msp430/4.7.0/../../../../msp430/lib/mmpy-16/libc.a(sprintf.o)
 *(.near.bss .near.bss.*)
 *(COMMON)
 COMMON         0x0000280e        0x2 contiki-sky.a(contiki-sky-pla)
                0x0000280e                sensors_flags
 COMMON         0x00002810        0x8 contiki-sky.a(ds2411.o)
                0x00002810                ds2411_id
 COMMON         0x00002818        0x1 contiki-sky.a(sensors.o)
                0x00002818                sensors_event
 *fill*         0x00002819        0x1 00
 COMMON         0x0000281a       0x10 contiki-sky.a(cc2420.o)
                0x0000281a                cc2420_last_rssi
                0x0000281c                cc2420_sfd_start_time
                0x0000281e                cc2420_time_of_departure
                0x00002820                cc2420_time_of_arrival
                0x00002822                cc2420_last_correlation
                0x00002824                cc2420_authority_level_of_sender
                0x00002826                cc2420_sfd_counter
                0x00002828                cc2420_sfd_end_time
 COMMON         0x0000282a        0x1 contiki-sky.a(slip.o)
                0x0000282a                slip_active
 *fill*         0x0000282b        0x1 00
 COMMON         0x0000282c        0x2 contiki-sky.a(msp430.o)
                0x0000282c                msp430_dco_required
 COMMON         0x0000282e       0x56 contiki-sky.a(energest.o)
                0x0000282e                energest_total_time
                0x0000285e                energest_total_count
                0x00002860                energest_current_mode
                0x0000286c                energest_current_time
 COMMON         0x00002884        0x1 contiki-sky.a(process.o)
                0x00002884                process_maxevents
 *fill*         0x00002885        0x1 00
 COMMON         0x00002886        0x8 contiki-sky.a(sicslowpan.o)
                0x00002886                frag_sender
 COMMON         0x0000288e      0x304 contiki-sky.a(uip6.o)
                0x0000288e                uip_len
                0x00002890                uip_sappdata
                0x00002892                uip_acc32
                0x00002896                uip_lladdr
                0x0000289e                uip_aligned_buf
                0x0000298e                uip_flags
                0x00002990                uip_next_hdr
                0x00002992                uip_udp_conn
                0x00002994                uip_appdata
                0x00002996                uip_conn
                0x00002998                uip_conns
                0x00002a48                uip_listenports
                0x00002a58                uip_slen
                0x00002a5a                uip_udp_conns
 COMMON         0x00002b92      0x15c contiki-sky.a(uip-ds6.o)
                0x00002b92                uip_ds6_timer_ra
                0x00002b9a                uip_ds6_if
                0x00002c86                uip_ds6_netif_addr_list_offset
                0x00002c87                uip_ds6_addr_size
                0x00002c88                uip_ds6_prefix_list
                0x00002ce2                uip_ds6_timer_periodic
 COMMON         0x00002cee        0x1 contiki-sky.a(tcpip.o)
                0x00002cee                tcpip_event
 *fill*         0x00002cef        0x1 00
 COMMON         0x00002cf0       0xde contiki-sky.a(rpl-dag.o)
                0x00002cf0                default_instance
                0x00002cf2                instance_table
 COMMON         0x00002dce        0x8 contiki-sky.a(linkaddr.o)
                0x00002dce                linkaddr_node_addr
 COMMON         0x00002dd6       0x2e contiki-sky.a(packetbuf.o)
                0x00002dd6                packetbuf_addrs
                0x00002de6                packetbuf_attrs
 COMMON         0x00002e04        0x8 contiki-sky.a(compower.o)
                0x00002e04                compower_idle_activity
                0x00002e0c                . = ALIGN (0x2)
                0x00002e0c                __bss_end = .
                0x00001c12                __bss_size = SIZEOF (.bss)

.noinit         0x00002e0c        0x2 load address 0x0000fa26
                0x00002e0c                . = ALIGN (0x2)
                0x00002e0c                __noinit_start = .
 *(.noinit .noinit.*)
 .noinit.crt0   0x00002e0c        0x2 /usr/local/msp430/bin/../lib/gcc/msp430/4.7.0/mmpy-16/libcrt0.a(__watchdog_support.o)
                0x00002e0c                __wdt_clear_value
                0x00002e0e                . = ALIGN (0x2)
                0x00002e0e                __noinit_end = .
                0x00002e0e                . = ALIGN (0x2)
                0x00002e0e                _end = .

.infomem        0x00001000        0x0
                0x00001000                . = ALIGN (0x2)
 *(.infomem .infomem.*)

.infomemnobits  0x00001000        0x0
                0x00001000                . = ALIGN (0x2)
 *(.infomemnobits .infomemnobits.*)

.infoa          0x00001080        0x0
                0x00001080                . = ALIGN (0x2)
 *(.infoa .infoa.*)

.infob          0x00001000        0x0
                0x00001000                . = ALIGN (0x2)
 *(.infob .infob.*)

.infoc          0x00000000        0x0
                0x00000000                . = ALIGN (0x2)
 *(.infoc .infoc.*)

.infod          0x00000000        0x0
                0x00000000                . = ALIGN (0x2)
 *(.infod .infod.*)

.vectors        0x0000ffe0       0x20
                0x0000ffe0                __vectors_start = .
 *(.vectors*)
 .vectors       0x0000ffe0       0x20 /usr/local/msp430/bin/../lib/gcc/msp430/4.7.0/mmpy-16/crt0ivtbl16.o
                0x0000ffe0                __ivtbl_16
                0x00010000                _vectors_end = .

.fartext        0x00000000        0x0
                0x00000000                . = ALIGN (0x2)
 *(.fartext .fartext.*)

.far.text       0x00000000        0x0
                0x00000000                . = ALIGN (0x2)
 *(.far.text .far.text.*)

.far.rodata     0x00000000        0x0
                0x00000000                . = ALIGN (0x2)
 *(.far.rodata .far.rodata.*)
                0x00000000                . = ALIGN (0x2)
                0x00000000                _efartext = .

.far.data       0x00000000        0x0
                0x00000000                . = ALIGN (0x2)
                0x00000000                __far_data_start = .
 *(.far.data .far.data.*)
                0x00000000                . = ALIGN (0x2)
                0x00000000                _efardata = .
                0x00000000                __far_data_load_start = LOADADDR (.far.data)
                0x00000000                __far_data_size = SIZEOF (.far.data)

.far.bss        0x00000000        0x0
                0x00000000                . = ALIGN (0x2)
                0x00000000                __far_bss_start = .
 *(.far.bss .far.bss.*)
                0x00000000                . = ALIGN (0x2)
                0x00000000                __far_bss_end = .
                0x00000000                __far_bss_size = SIZEOF (.far.bss)
                0x00000000                . = ALIGN (0x2)
                0x00000000                _far_end = .

.profiler
 *(.profiler)

.stab           0x00000000    0x2a5a0
 *(.stab)
 .stab          0x00000000     0x2070 border-router.co
 .stab          0x00002070      0x8c4 obj_sky/slip-bridge.o
                               0x11dc (size before relaxing)
 .stab          0x00002934      0xa8c obj_sky/httpd-simple.o
                               0x1ba8 (size before relaxing)
 .stab          0x000033c0     0x10d4 obj_sky/contiki-sky-main.o
                               0x1b0c (size before relaxing)
 .stab          0x00004494      0x24c contiki-sky.a(contiki-sky-pla)
                                0x5ac (size before relaxing)
 .stab          0x000046e0      0x468 contiki-sky.a(button-sensor.o)
                                0x7d4 (size before relaxing)
 .stab          0x00004b48      0x618 contiki-sky.a(ds2411.o)
                                0xb34 (size before relaxing)
 .stab          0x00005160      0xb4c contiki-sky.a(xmem.o)
                                0xf00 (size before relaxing)
 .stab          0x00005cac      0x2b8 contiki-sky.a(node-id.o)
                                0x4e0 (size before relaxing)
 .stab          0x00005f64      0x69c contiki-sky.a(sensors.o)
                                0xbb8 (size before relaxing)
 .stab          0x00006600     0x255c contiki-sky.a(cc2420.o)
                               0x2c28 (size before relaxing)
 .stab          0x00008b5c      0x5a0 contiki-sky.a(cc2420-arch.o)
                               0x171c (size before relaxing)
 .stab          0x000090fc      0x600 contiki-sky.a(uart1.o)
                                0x954 (size before relaxing)
 .stab          0x000096fc      0x264 contiki-sky.a(slip_uart1.o)
                                0x5b8 (size before relaxing)
 .stab          0x00009960      0xa44 contiki-sky.a(slip.o)
                               0x11dc (size before relaxing)
 .stab          0x0000a3a4      0x72c contiki-sky.a(msp430.o)
                                0xa80 (size before relaxing)
 .stab          0x0000aad0      0x930 contiki-sky.a(clock.o)
                                0xc84 (size before relaxing)
 .stab          0x0000b400      0x5a0 contiki-sky.a(leds.o)
                                0x7ec (size before relaxing)
 .stab          0x0000b9a0      0x378 contiki-sky.a(leds-arch.o)
                                0x6cc (size before relaxing)
 .stab          0x0000bd18      0x3cc contiki-sky.a(watchdog.o)
                                0x720 (size before relaxing)
 .stab          0x0000c0e4      0x3b4 contiki-sky.a(rtimer-arch.o)
                                0x708 (size before relaxing)
 .stab          0x0000c498      0x294 contiki-sky.a(autostart.o)
                                0x534 (size before relaxing)
 .stab          0x0000c72c      0x78c contiki-sky.a(ctimer.o)
                                0xaf8 (size before relaxing)
 .stab          0x0000ceb8      0x474 contiki-sky.a(energest.o)
                                0x6fc (size before relaxing)
 .stab          0x0000d32c      0x9fc contiki-sky.a(etimer.o)
                                0xccc (size before relaxing)
 .stab          0x0000dd28      0xb70 contiki-sky.a(process.o)
                               0x1008 (size before relaxing)
 .stab          0x0000e898      0x3cc contiki-sky.a(rtimer.o)
                                0x6b4 (size before relaxing)
 .stab          0x0000ec64      0x348 contiki-sky.a(timer.o)
                                0x588 (size before relaxing)
 .stab          0x0000efac      0x7bc contiki-sky.a(list.o)
                                0x7c8 (size before relaxing)
 .stab          0x0000f768      0x5c4 contiki-sky.a(memb.o)
                                0xaf8 (size before relaxing)
 .stab          0x0000fd2c      0x21c contiki-sky.a(random.o)
                                0x618 (size before relaxing)
 .stab          0x0000ff48     0x216c contiki-sky.a(sicslowpan.o)
                               0x30d8 (size before relaxing)
 .stab          0x000120b4     0x2a30 contiki-sky.a(uip6.o)
                               0x366c (size before relaxing)
 .stab          0x00014ae4     0x13b0 contiki-sky.a(uip-ds6.o)
                               0x1f5c (size before relaxing)
 .stab          0x00015e94      0xccc contiki-sky.a(uip-ds6-nbr.o)
                               0x1704 (size before relaxing)
 .stab          0x00016b60     0x1200 contiki-sky.a(uip-ds6-route.o)
                               0x1d88 (size before relaxing)
 .stab          0x00017d60      0xcd8 contiki-sky.a(uip-icmp6.o)
                               0x1950 (size before relaxing)
 .stab          0x00018a38      0x570 contiki-sky.a(uip-nd6.o)
                               0x114c (size before relaxing)
 .stab          0x00018fa8      0xd2c contiki-sky.a(psock.o)
                               0x1d88 (size before relaxing)
 .stab          0x00019cd4     0x12d8 contiki-sky.a(tcpip.o)
                               0x2520 (size before relaxing)
 .stab          0x0001afac      0x450 contiki-sky.a(uip-debug.o)
                                0xbdc (size before relaxing)
 .stab          0x0001b3fc      0xa5c contiki-sky.a(rpl.o)
                               0x17ac (size before relaxing)
 .stab          0x0001be58     0x2ebc contiki-sky.a(rpl-dag.o)
                               0x3bc4 (size before relaxing)
 .stab          0x0001ed14      0xa50 contiki-sky.a(rpl-ext-header.)
                               0x180c (size before relaxing)
 .stab          0x0001f764     0x1764 contiki-sky.a(rpl-icmp6.o)
                               0x2568 (size before relaxing)
 .stab          0x00020ec8      0x894 contiki-sky.a(rpl-mrhof.o)
                               0x1584 (size before relaxing)
 .stab          0x0002175c      0xbac contiki-sky.a(rpl-timers.o)
                               0x189c (size before relaxing)
 .stab          0x00022308     0x1038 contiki-sky.a(csma.o)
                               0x1578 (size before relaxing)
 .stab          0x00023340      0x924 contiki-sky.a(framer-802154.o)
                                0xf48 (size before relaxing)
 .stab          0x00023c64      0x3fc contiki-sky.a(framer.o)
                                0xc54 (size before relaxing)
 .stab          0x00024060      0x1f8 contiki-sky.a(mac.o)
                                0x4ec (size before relaxing)
 .stab          0x00024258      0x2ac contiki-sky.a(linkaddr.o)
                                0x6a8 (size before relaxing)
 .stab          0x00024504      0xe58 contiki-sky.a(nbr-table.o)
                               0x1500 (size before relaxing)
 .stab          0x0002535c      0xd74 contiki-sky.a(packetbuf.o)
                               0x1e9c (size before relaxing)
 .stab          0x000260d0      0xa80 contiki-sky.a(queuebuf.o)
                               0x1b90 (size before relaxing)
 .stab          0x00026b50     0x1944 contiki-sky.a(contikimac.o)
                               0x23b8 (size before relaxing)
 .stab          0x00028494      0x738 contiki-sky.a(nullsec.o)
                                0xd80 (size before relaxing)
 .stab          0x00028bcc      0x1f8 contiki-sky.a(spi.o)
                                0x420 (size before relaxing)
 .stab          0x00028dc4      0x4ec contiki-sky.a(compower.o)
                                0xcf0 (size before relaxing)
 .stab          0x000292b0      0x3b4 contiki-sky.a(stimer.o)