Archive member included because of file (symbol)

contiki-cc2538dk.a(leds.o)    node.co (leds_on)
contiki-cc2538dk.a(leds-arch.o)
                              contiki-cc2538dk.a(leds.o) (leds_arch_init)
contiki-cc2538dk.a(contiki-main.o)
                              obj_cc2538dk/startup-gcc.o (main)
contiki-cc2538dk.a(sensors.o)
                              contiki-cc2538dk.a(contiki-main.o) (sensors_process)
contiki-cc2538dk.a(smartrf-sensors)
                              contiki-cc2538dk.a(sensors.o) (sensors_flags)
contiki-cc2538dk.a(button-sensor.o)
                              contiki-cc2538dk.a(contiki-main.o) (button_sensor_init)
contiki-cc2538dk.a(als-sensor.o)
                              contiki-cc2538dk.a(smartrf-sensors) (als_sensor)
contiki-cc2538dk.a(clock.o)   contiki-cc2538dk.a(contiki-main.o) (clock_init)
contiki-cc2538dk.a(rtimer-arch.o)
                              contiki-cc2538dk.a(clock.o) (rtimer_arch_now)
contiki-cc2538dk.a(uart.o)    contiki-cc2538dk.a(contiki-main.o) (uart_init)
contiki-cc2538dk.a(watchdog.o)
                              contiki-cc2538dk.a(contiki-main.o) (watchdog_init)
contiki-cc2538dk.a(nvic.o)    contiki-cc2538dk.a(contiki-main.o) (nvic_init)
contiki-cc2538dk.a(cpu.o)     contiki-cc2538dk.a(contiki-main.o) (cpu_cpsie)
contiki-cc2538dk.a(sys-ctrl.o)
                              contiki-cc2538dk.a(contiki-main.o) (sys_ctrl_init)
contiki-cc2538dk.a(gpio.o)    contiki-cc2538dk.a(button-sensor.o) (gpio_register_callback)
contiki-cc2538dk.a(ioc.o)     contiki-cc2538dk.a(contiki-main.o) (ioc_init)
contiki-cc2538dk.a(adc.o)     contiki-cc2538dk.a(contiki-main.o) (adc_init)
contiki-cc2538dk.a(crypto.o)  obj_cc2538dk/startup-gcc.o (crypto_isr)
contiki-cc2538dk.a(cc2538-rf.o)
                              obj_cc2538dk/startup-gcc.o (cc2538_rf_rx_tx_isr)
contiki-cc2538dk.a(udma.o)    contiki-cc2538dk.a(contiki-main.o) (udma_init)
contiki-cc2538dk.a(lpm.o)     contiki-cc2538dk.a(rtimer-arch.o) (lpm_exit)
contiki-cc2538dk.a(dbg.o)     node.co (putchar)
contiki-cc2538dk.a(ieee-addr.o)
                              contiki-cc2538dk.a(contiki-main.o) (ieee_addr_cpy_to)
contiki-cc2538dk.a(cc2538-temp-sen)
                              contiki-cc2538dk.a(smartrf-sensors) (cc2538_temp_sensor)
contiki-cc2538dk.a(vdd3-sensor.o)
                              contiki-cc2538dk.a(smartrf-sensors) (vdd3_sensor)
contiki-cc2538dk.a(dbg-printf.o)
                              node.co (printf)
contiki-cc2538dk.a(dbg-sprintf.o)
                              node.co (sprintf)
contiki-cc2538dk.a(strformat.o)
                              contiki-cc2538dk.a(dbg-printf.o) (format_str_v)
contiki-cc2538dk.a(autostart.o)
                              contiki-cc2538dk.a(contiki-main.o) (autostart_start)
contiki-cc2538dk.a(ctimer.o)  contiki-cc2538dk.a(contiki-main.o) (ctimer_init)
contiki-cc2538dk.a(energest.o)
                              contiki-cc2538dk.a(contiki-main.o) (energest_init)
contiki-cc2538dk.a(etimer.o)  contiki-cc2538dk.a(clock.o) (etimer_request_poll)
contiki-cc2538dk.a(process.o)
                              contiki-cc2538dk.a(sensors.o) (process_alloc_event)
contiki-cc2538dk.a(rtimer.o)  contiki-cc2538dk.a(contiki-main.o) (rtimer_init)
contiki-cc2538dk.a(timer.o)   contiki-cc2538dk.a(button-sensor.o) (timer_set)
contiki-cc2538dk.a(serial-line.o)
                              contiki-cc2538dk.a(contiki-main.o) (serial_line_input_byte)
contiki-cc2538dk.a(list.o)    contiki-cc2538dk.a(ctimer.o) (list_init)
contiki-cc2538dk.a(random.o)  contiki-cc2538dk.a(contiki-main.o) (random_init)
contiki-cc2538dk.a(ringbuf.o)
                              contiki-cc2538dk.a(serial-line.o) (ringbuf_init)
contiki-cc2538dk.a(sicslowpan.o)
                              contiki-cc2538dk.a(contiki-main.o) (sicslowpan_driver)
contiki-cc2538dk.a(uip6.o)    node.co (uip_aligned_buf)
contiki-cc2538dk.a(uip-ds6.o)
                              contiki-cc2538dk.a(uip6.o) (uip_ds6_is_addr_onlink)
contiki-cc2538dk.a(uip-ds6-nbr.o)
                              contiki-cc2538dk.a(uip-ds6.o) (uip_ds6_neighbors_init)
contiki-cc2538dk.a(uip-ds6-route.o)
                              contiki-cc2538dk.a(uip-ds6.o) (uip_ds6_route_init)
contiki-cc2538dk.a(uip-icmp6.o)
                              contiki-cc2538dk.a(uip6.o) (uip_icmp6_input)
contiki-cc2538dk.a(uip-nd6.o)
                              contiki-cc2538dk.a(uip-ds6-nbr.o) (uip_nd6_ns_output)
contiki-cc2538dk.a(tcpip.o)   contiki-cc2538dk.a(sicslowpan.o) (tcpip_set_outputfunc)
contiki-cc2538dk.a(uip-debug.o)
                              node.co (uip_debug_ipaddr_print)
contiki-cc2538dk.a(uip-udp-packet.)
                              node.co (uip_udp_packet_send)
contiki-cc2538dk.a(rpl.o)     contiki-cc2538dk.a(uip-ds6-nbr.o) (rpl_link_neighbor_callback)
contiki-cc2538dk.a(rpl-dag.o)
                              contiki-cc2538dk.a(rpl.o) (default_instance)
contiki-cc2538dk.a(rpl-ext-header.)
[...]
Memory Configuration

Name             Origin             Length             Attributes
FLASH            0x00200000         0x0007ffd4         xr
FLASH_CCA        0x0027ffd4         0x0000002c         xr
SRAM             0x20000000         0x00008000         xrw
*default*        0x00000000         0xffffffff

Linker script and memory map

LOAD obj_cc2538dk/startup-gcc.o
LOAD node.co
LOAD contiki-cc2538dk.a
START GROUP
LOAD /usr/bin/../lib/gcc/arm-none-eabi/4.9.3/armv7-m/libgcc.a
LOAD /usr/bin/../lib/gcc/arm-none-eabi/4.9.3/../../../../arm-none-eabi/lib/armv7-m/libc.a
END GROUP

.text           0x00200000     0xa8fb
                0x00200000                _text = .
 *(SORT(.vectors))
 .vectors       0x00200000      0x28c obj_cc2538dk/startup-gcc.o
                0x00200000                vectors
 *(SORT(.text*))
 .text.reset_handler
                0x0020028c       0x40 obj_cc2538dk/startup-gcc.o
                0x0020028c                reset_handler
 .text.process_thread_udp_server_process
                0x002002cc      0x23c node.co
 .text.leds_init
                0x00200508       0x14 contiki-cc2538dk.a(leds.o)
                0x00200508                leds_init
 .text.leds_on  0x0020051c       0x10 contiki-cc2538dk.a(leds.o)
                0x0020051c                leds_on
 .text.leds_off
                0x0020052c       0x14 contiki-cc2538dk.a(leds.o)
                0x0020052c                leds_off
 .text.leds_arch_init
                0x00200540       0x10 contiki-cc2538dk.a(leds-arch.o)
                0x00200540                leds_arch_init
 .text.leds_arch_set
                0x00200550        0xc contiki-cc2538dk.a(leds-arch.o)
                0x00200550                leds_arch_set
 .text.startup.main
                0x0020055c      0x19c contiki-cc2538dk.a(contiki-main.o)
                0x0020055c                main
 .text.process_thread_sensors_process
                0x002006f8       0xd4 contiki-cc2538dk.a(sensors.o)
 .text.sensors_changed
                0x002007cc       0x38 contiki-cc2538dk.a(sensors.o)
                0x002007cc                sensors_changed
 .text.config_select
                0x00200804       0x30 contiki-cc2538dk.a(button-sensor.o)
 .text.config_left
                0x00200834       0x30 contiki-cc2538dk.a(button-sensor.o)
 .text.config_right
                0x00200864       0x30 contiki-cc2538dk.a(button-sensor.o)
 .text.config_up
                0x00200894       0x30 contiki-cc2538dk.a(button-sensor.o)
 .text.config_down
                0x002008c4       0x30 contiki-cc2538dk.a(button-sensor.o)
 .text.btn_callback
                0x002008f4       0x64 contiki-cc2538dk.a(button-sensor.o)
 .text.button_sensor_init
                0x00200958        0xc contiki-cc2538dk.a(button-sensor.o)
                0x00200958                button_sensor_init
 .text.value    0x00200964       0x24 contiki-cc2538dk.a(als-sensor.o)
 .text.configure
                0x00200988       0x54 contiki-cc2538dk.a(als-sensor.o)
 .text.update_ticks
                0x002009dc       0x4c contiki-cc2538dk.a(clock.o)
 .text.clock_init
                0x00200a28       0x50 contiki-cc2538dk.a(clock.o)
                0x00200a28                clock_init
 .text.clock_time
                0x00200a78       0x14 contiki-cc2538dk.a(clock.o)
                0x00200a78                clock_time
 .text.clock_seconds
                0x00200a8c       0x14 contiki-cc2538dk.a(clock.o)
                0x00200a8c                clock_seconds
 .text.clock_delay_usec
                0x00200aa0       0x1c contiki-cc2538dk.a(clock.o)
                0x00200aa0                clock_delay_usec
 .text.clock_adjust
                0x00200abc       0x20 contiki-cc2538dk.a(clock.o)
                0x00200abc                clock_adjust
 .text.rtimer_arch_next_trigger
                0x00200adc        0xc contiki-cc2538dk.a(rtimer-arch.o)
                0x00200adc                rtimer_arch_next_trigger
 .text.rtimer_arch_now
                0x00200ae8       0x2c contiki-cc2538dk.a(rtimer-arch.o)
                0x00200ae8                rtimer_arch_now
 .text.rtimer_arch_schedule
                0x00200b14       0x58 contiki-cc2538dk.a(rtimer-arch.o)
                0x00200b14                rtimer_arch_schedule
 .text.rtimer_isr
                0x00200b6c       0x24 contiki-cc2538dk.a(rtimer-arch.o)
                0x00200b6c                rtimer_isr
 .text.permit_pm1
                0x00200b90       0x2c contiki-cc2538dk.a(uart.o)
 .text.uart_isr
                0x00200bbc       0x64 contiki-cc2538dk.a(uart.o)
 .text.uart_init
                0x00200c20      0x1ac contiki-cc2538dk.a(uart.o)
                0x00200c20                uart_init
 .text.uart_set_input
                0x00200dcc       0x10 contiki-cc2538dk.a(uart.o)
                0x00200dcc                uart_set_input
 .text.uart_write_byte
                0x00200ddc       0x1c contiki-cc2538dk.a(uart.o)
                0x00200ddc                uart_write_byte
 .text.watchdog_init
                0x00200df8        0xc contiki-cc2538dk.a(watchdog.o)
                0x00200df8                watchdog_init
 .text.watchdog_start
                0x00200e04        0xc contiki-cc2538dk.a(watchdog.o)
                0x00200e04                watchdog_start
 .text.watchdog_periodic
                0x00200e10       0x10 contiki-cc2538dk.a(watchdog.o)
                0x00200e10                watchdog_periodic
 .text.nvic_init
                0x00200e20       0x3c contiki-cc2538dk.a(nvic.o)
                0x00200e20                nvic_init
 .text.nvic_interrupt_enable
                0x00200e5c       0x18 contiki-cc2538dk.a(nvic.o)
                0x00200e5c                nvic_interrupt_enable
 .text.nvic_interrupt_disable
                0x00200e74       0x18 contiki-cc2538dk.a(nvic.o)
                0x00200e74                nvic_interrupt_disable
 .text.nvic_interrupt_unpend
                0x00200e8c       0x18 contiki-cc2538dk.a(nvic.o)
                0x00200e8c                nvic_interrupt_unpend
 .text.sys_ctrl_init
                0x00200ea4       0x28 contiki-cc2538dk.a(sys-ctrl.o)
                0x00200ea4                sys_ctrl_init
 .text.gpio_register_callback
                0x00200ecc       0x10 contiki-cc2538dk.a(gpio.o)
                0x00200ecc                gpio_register_callback
 .text.notify   0x00200edc       0x30 contiki-cc2538dk.a(gpio.o)
                0x00200edc                notify
 .text.gpio_port_isr
                0x00200f0c       0x50 contiki-cc2538dk.a(gpio.o)
 .text.gpio_init
                0x00200f5c       0x10 contiki-cc2538dk.a(gpio.o)
                0x00200f5c                gpio_init
 .text.ioc_init
                0x00200f6c       0x1c contiki-cc2538dk.a(ioc.o)
                0x00200f6c                ioc_init
 .text.ioc_set_over
                0x00200f88       0x14 contiki-cc2538dk.a(ioc.o)
                0x00200f88                ioc_set_over
 .text.ioc_set_sel
                0x00200f9c       0x14 contiki-cc2538dk.a(ioc.o)
                0x00200f9c                ioc_set_sel
 .text.adc_init
                0x00200fb0       0x10 contiki-cc2538dk.a(adc.o)
                0x00200fb0                adc_init
 .text.adc_get  0x00200fc0       0x78 contiki-cc2538dk.a(adc.o)
                0x00200fc0                adc_get
 .text.crypto_isr
                0x00201038       0x24 contiki-cc2538dk.a(crypto.o)
                0x00201038                crypto_isr
 .text.on       0x0020105c       0x2c contiki-cc2538dk.a(cc2538-rf.o)
 .text.off      0x00201088       0x38 contiki-cc2538dk.a(cc2538-rf.o)
 .text.set_channel
                0x002010c0       0x48 contiki-cc2538dk.a(cc2538-rf.o)
 .text.channel_clear
                0x00201108       0x3c contiki-cc2538dk.a(cc2538-rf.o)
 .text.receiving_packet
                0x00201144       0x18 contiki-cc2538dk.a(cc2538-rf.o)
 .text.pending_packet
                0x0020115c       0x10 contiki-cc2538dk.a(cc2538-rf.o)
 .text.get_value
                0x0020116c      0x118 contiki-cc2538dk.a(cc2538-rf.o)
 .text.prepare  0x00201284       0x64 contiki-cc2538dk.a(cc2538-rf.o)
 .text.transmit
                0x002012e8       0x8c contiki-cc2538dk.a(cc2538-rf.o)
 .text.set_frame_filtering
                0x00201374       0x18 contiki-cc2538dk.a(cc2538-rf.o)
 .text.set_value
                0x0020138c       0xd4 contiki-cc2538dk.a(cc2538-rf.o)
 .text.get_object
                0x00201460       0x30 contiki-cc2538dk.a(cc2538-rf.o)
 .text.set_object
                0x00201490       0x30 contiki-cc2538dk.a(cc2538-rf.o)
 .text.read     0x002014c0       0xc4 contiki-cc2538dk.a(cc2538-rf.o)
 .text.init     0x00201584       0xcc contiki-cc2538dk.a(cc2538-rf.o)
 .text.process_thread_cc2538_rf_process
                0x00201650       0x74 contiki-cc2538dk.a(cc2538-rf.o)
 .text.cc2538_rf_rx_tx_isr
                0x002016c4       0x18 contiki-cc2538dk.a(cc2538-rf.o)
                0x002016c4                cc2538_rf_rx_tx_isr
 .text.cc2538_rf_err_isr
                0x002016dc       0x28 contiki-cc2538dk.a(cc2538-rf.o)
                0x002016dc                cc2538_rf_err_isr
 .text.udma_init
                0x00201704       0x30 contiki-cc2538dk.a(udma.o)
                0x00201704                udma_init
 .text.udma_set_channel_src
                0x00201734       0x10 contiki-cc2538dk.a(udma.o)
                0x00201734                udma_set_channel_src
 .text.udma_set_channel_dst
                0x00201744       0x14 contiki-cc2538dk.a(udma.o)
                0x00201744                udma_set_channel_dst
 .text.udma_set_channel_control_word
                0x00201758       0x14 contiki-cc2538dk.a(udma.o)
                0x00201758                udma_set_channel_control_word
 .text.udma_channel_enable
                0x0020176c       0x18 contiki-cc2538dk.a(udma.o)
                0x0020176c                udma_channel_enable
 .text.udma_channel_mask_set
                0x00201784       0x18 contiki-cc2538dk.a(udma.o)
                0x00201784                udma_channel_mask_set
 .text.udma_channel_sw_request
                0x0020179c       0x18 contiki-cc2538dk.a(udma.o)
                0x0020179c                udma_channel_sw_request
 .text.udma_channel_get_mode
                0x002017b4       0x1c contiki-cc2538dk.a(udma.o)
                0x002017b4                udma_channel_get_mode
 .text.udma_isr
                0x002017d0       0x10 contiki-cc2538dk.a(udma.o)
                0x002017d0                udma_isr
 .text.udma_err_isr
                0x002017e0        0xc contiki-cc2538dk.a(udma.o)
                0x002017e0                udma_err_isr
 .text.select_32_mhz_xosc
                0x002017ec       0x2c contiki-cc2538dk.a(lpm.o)
 .text.lpm_exit
                0x00201818       0x34 contiki-cc2538dk.a(lpm.o)
                0x00201818                lpm_exit
 .text.lpm_enter
                0x0020184c       0xb0 contiki-cc2538dk.a(lpm.o)
                0x0020184c                lpm_enter
 .text.lpm_register_peripheral
                0x002018fc       0x20 contiki-cc2538dk.a(lpm.o)
                0x002018fc                lpm_register_peripheral
 .text.lpm_init
                0x0020191c       0x24 contiki-cc2538dk.a(lpm.o)
                0x0020191c                lpm_init
 .text.ieee_addr_cpy_to
                0x00201940       0x74 contiki-cc2538dk.a(ieee-addr.o)
                0x00201940                ieee_addr_cpy_to
 .text.printf   0x002019b4       0x20 contiki-cc2538dk.a(dbg-printf.o)
                0x002019b4                printf
 .text.sprintf  0x002019d4       0x30 contiki-cc2538dk.a(dbg-sprintf.o)
                0x002019d4                sprintf
 .text.fill_space
                0x00201a04       0x34 contiki-cc2538dk.a(strformat.o)
 .text.format_str_v
                0x00201a38      0x6e8 contiki-cc2538dk.a(strformat.o)
                0x00201a38                format_str_v
 .text.process_thread_ctimer_process
                0x00202120       0x80 contiki-cc2538dk.a(ctimer.o)
 .text.ctimer_init
                0x002021a0       0x28 contiki-cc2538dk.a(ctimer.o)
                0x002021a0                ctimer_init
 .text.ctimer_set
                0x002021c8       0x40 contiki-cc2538dk.a(ctimer.o)
                0x002021c8                ctimer_set
 .text.ctimer_reset
                0x00202208       0x38 contiki-cc2538dk.a(ctimer.o)
                0x00202208                ctimer_reset
 .text.ctimer_stop
                0x00202240       0x2c contiki-cc2538dk.a(ctimer.o)
                0x00202240                ctimer_stop
 .text.update_time
                0x0020226c       0x44 contiki-cc2538dk.a(etimer.o)
 .text.etimer_request_poll
                0x002022b0        0xc contiki-cc2538dk.a(etimer.o)
                0x002022b0                etimer_request_poll
 .text.process_thread_etimer_process
                0x002022bc       0x94 contiki-cc2538dk.a(etimer.o)
 .text.add_timer
                0x00202350       0x40 contiki-cc2538dk.a(etimer.o)
 .text.etimer_pending
                0x00202390       0x10 contiki-cc2538dk.a(etimer.o)
                0x00202390                etimer_pending
 .text.etimer_stop
                0x002023a0       0x34 contiki-cc2538dk.a(etimer.o)
                0x002023a0                etimer_stop
 .text.call_process.part.0
                0x002023d4       0x38 contiki-cc2538dk.a(process.o)
 .text.exit_process
                0x0020240c       0x80 contiki-cc2538dk.a(process.o)
 .text.do_poll  0x0020248c       0x30 contiki-cc2538dk.a(process.o)
 .text.process_alloc_event
                0x002024bc       0x10 contiki-cc2538dk.a(process.o)
                0x002024bc                process_alloc_event
 .text.process_init
                0x002024cc       0x30 contiki-cc2538dk.a(process.o)
                0x002024cc                process_init
 .text.process_run
                0x002024fc       0xb0 contiki-cc2538dk.a(process.o)
                0x002024fc                process_run
 .text.process_nevents
                0x002025ac       0x14 contiki-cc2538dk.a(process.o)
                0x002025ac                process_nevents
 .text.process_post
                0x002025c0       0x44 contiki-cc2538dk.a(process.o)
                0x002025c0                process_post
 .text.process_post_synch
                0x00202604       0x14 contiki-cc2538dk.a(process.o)
                0x00202604                process_post_synch
 .text.process_start
                0x00202618       0x30 contiki-cc2538dk.a(process.o)
                0x00202618                process_start
 .text.process_poll
                0x00202648       0x18 contiki-cc2538dk.a(process.o)
                0x00202648                process_poll
 .text.rtimer_set
                0x00202660       0x24 contiki-cc2538dk.a(rtimer.o)
                0x00202660                rtimer_set
 .text.rtimer_run_next
                0x00202684       0x28 contiki-cc2538dk.a(rtimer.o)
                0x00202684                rtimer_run_next
 .text.process_thread_serial_line_process
                0x002026ac       0x98 contiki-cc2538dk.a(serial-line.o)
 .text.serial_line_input_byte
                0x00202744       0x44 contiki-cc2538dk.a(serial-line.o)
                0x00202744                serial_line_input_byte
 .text.serial_line_init
                0x00202788       0x24 contiki-cc2538dk.a(serial-line.o)
                0x00202788                serial_line_init
 .text.random_rand
                0x002027ac       0x20 contiki-cc2538dk.a(random.o)
                0x002027ac                random_rand
 .text.random_init
                0x002027cc       0x78 contiki-cc2538dk.a(random.o)
                0x002027cc                random_init
 .text.sicslowpan_init
                0x00202844       0x24 contiki-cc2538dk.a(sicslowpan.o)
                0x00202844                sicslowpan_init
 .text.set_packet_attrs
                0x00202868       0x44 contiki-cc2538dk.a(sicslowpan.o)
 .text.compress_addr_64
                0x002028ac       0x90 contiki-cc2538dk.a(sicslowpan.o)
 .text.addr_context_lookup_by_prefix
                0x0020293c       0x28 contiki-cc2538dk.a(sicslowpan.o)
 .text.send_packet
                0x00202964       0x24 contiki-cc2538dk.a(sicslowpan.o)
 .text.packet_sent
                0x00202988       0x28 contiki-cc2538dk.a(sicslowpan.o)
 .text.uncompress_addr
                0x002029b0       0xa4 contiki-cc2538dk.a(sicslowpan.o)
 .text.output   0x00202a54      0x6c0 contiki-cc2538dk.a(sicslowpan.o)
 .text.input    0x00203114      0x5f8 contiki-cc2538dk.a(sicslowpan.o)
 .text.upper_layer_chksum
                0x0020370c       0x54 contiki-cc2538dk.a(uip6.o)
 .text.ext_hdr_options_process
                0x00203760       0xb0 contiki-cc2538dk.a(uip6.o)
 .text.uip_add32
                0x00203810       0x54 contiki-cc2538dk.a(uip6.o)
                0x00203810                uip_add32
 .text.unlikely.uip_add_rcv_nxt
                0x00203864       0x2c contiki-cc2538dk.a(uip6.o)
 .text.uip_init
                0x00203890       0x6c contiki-cc2538dk.a(uip6.o)
                0x00203890                uip_init
 .text.remove_ext_hdr
                0x002038fc       0x60 contiki-cc2538dk.a(uip6.o)
                0x002038fc                remove_ext_hdr
 .text.uip_udp_new
                0x0020395c       0xb0 contiki-cc2538dk.a(uip6.o)
                0x0020395c                uip_udp_new
 .text.uip_unlisten
                0x00203a0c       0x34 contiki-cc2538dk.a(uip6.o)
                0x00203a0c                uip_unlisten
 .text.uip_process
                0x00203a40      0xdbc contiki-cc2538dk.a(uip6.o)
                0x00203a40                uip_process
 .text.uip_ds6_prefix_add
                0x002047fc       0x64 contiki-cc2538dk.a(uip-ds6.o)
                0x002047fc                uip_ds6_prefix_add
 .text.uip_ds6_is_addr_onlink
                0x00204860       0x40 contiki-cc2538dk.a(uip-ds6.o)
                0x00204860                uip_ds6_is_addr_onlink
 .text.uip_ds6_addr_lookup
                0x002048a0       0x2c contiki-cc2538dk.a(uip-ds6.o)
                0x002048a0                uip_ds6_addr_lookup
 .text.uip_ds6_get_link_local
                0x002048cc       0x40 contiki-cc2538dk.a(uip-ds6.o)
                0x002048cc                uip_ds6_get_link_local
 .text.uip_ds6_maddr_add
                0x0020490c       0x4c contiki-cc2538dk.a(uip-ds6.o)
                0x0020490c                uip_ds6_maddr_add
 .text.uip_ds6_addr_add
                0x00204958       0x94 contiki-cc2538dk.a(uip-ds6.o)
                0x00204958                uip_ds6_addr_add
 .text.uip_ds6_maddr_lookup
                0x002049ec       0x2c contiki-cc2538dk.a(uip-ds6.o)
                0x002049ec                uip_ds6_maddr_lookup
 .text.uip_ds6_addr_rm
                0x00204a18       0x44 contiki-cc2538dk.a(uip-ds6.o)
                0x00204a18                uip_ds6_addr_rm
 .text.uip_ds6_periodic
                0x00204a5c       0x50 contiki-cc2538dk.a(uip-ds6.o)
                0x00204a5c                uip_ds6_periodic
 .text.uip_ds6_select_src
                0x00204aac       0x94 contiki-cc2538dk.a(uip-ds6.o)
                0x00204aac                uip_ds6_select_src
 .text.uip_ds6_compute_reachable_time
                0x00204b40       0x28 contiki-cc2538dk.a(uip-ds6.o)
                0x00204b40                uip_ds6_compute_reachable_time
 .text.uip_ds6_init
                0x00204b68       0xe0 contiki-cc2538dk.a(uip-ds6.o)
                0x00204b68                uip_ds6_init
 .text.uip_ds6_nbr_rm
                0x00204c48       0x20 contiki-cc2538dk.a(uip-ds6-nbr.o)
                0x00204c48                uip_ds6_nbr_rm
 .text.uip_ds6_neighbors_init
                0x00204c68       0x14 contiki-cc2538dk.a(uip-ds6-nbr.o)
                0x00204c68                uip_ds6_neighbors_init
 .text.uip_ds6_nbr_add
                0x00204c7c       0x60 contiki-cc2538dk.a(uip-ds6-nbr.o)
                0x00204c7c                uip_ds6_nbr_add
 .text.uip_ds6_nbr_get_ll
                0x00204cdc       0x10 contiki-cc2538dk.a(uip-ds6-nbr.o)
                0x00204cdc                uip_ds6_nbr_get_ll
 .text.uip_ds6_nbr_lookup
                0x00204cec       0x38 contiki-cc2538dk.a(uip-ds6-nbr.o)
                0x00204cec                uip_ds6_nbr_lookup
 .text.uip_ds6_nbr_ll_lookup
                0x00204d24       0x10 contiki-cc2538dk.a(uip-ds6-nbr.o)
                0x00204d24                uip_ds6_nbr_ll_lookup
 .text.uip_ds6_link_neighbor_callback
                0x00204d34       0x2c contiki-cc2538dk.a(uip-ds6-nbr.o)
                0x00204d34                uip_ds6_link_neighbor_callback
 .text.uip_ds6_neighbor_periodic
                0x00204d60      0x10c contiki-cc2538dk.a(uip-ds6-nbr.o)
                0x00204d60                uip_ds6_neighbor_periodic
 .text.call_route_callback
                0x00204e6c       0x48 contiki-cc2538dk.a(uip-ds6-route.o)
 .text.uip_ds6_route_init
                0x00204eb4       0x48 contiki-cc2538dk.a(uip-ds6-route.o)
                0x00204eb4                uip_ds6_route_init
 .text.uip_ds6_route_nexthop
                0x00204efc       0x1c contiki-cc2538dk.a(uip-ds6-route.o)
                0x00204efc                uip_ds6_route_nexthop
 .text.uip_ds6_route_head
                0x00204f18        0xc contiki-cc2538dk.a(uip-ds6-route.o)
                0x00204f18                uip_ds6_route_head
 .text.uip_ds6_route_lookup
                0x00204f24       0x64 contiki-cc2538dk.a(uip-ds6-route.o)
                0x00204f24                uip_ds6_route_lookup
 .text.uip_ds6_route_rm
                0x00204f88       0x9c contiki-cc2538dk.a(uip-ds6-route.o)
                0x00204f88                uip_ds6_route_rm
 .text.rm_routelist
                0x00205024       0x2c contiki-cc2538dk.a(uip-ds6-route.o)
 .text.uip_ds6_route_add
                0x00205050       0xfc contiki-cc2538dk.a(uip-ds6-route.o)
                0x00205050                uip_ds6_route_add
 .text.uip_ds6_defrt_rm
                0x0020514c       0x44 contiki-cc2538dk.a(uip-ds6-route.o)
                0x0020514c                uip_ds6_defrt_rm
 .text.uip_ds6_defrt_lookup
                0x00205190       0x2c contiki-cc2538dk.a(uip-ds6-route.o)
                0x00205190                uip_ds6_defrt_lookup
 .text.uip_ds6_defrt_add
                0x002051bc       0x64 contiki-cc2538dk.a(uip-ds6-route.o)
                0x002051bc                uip_ds6_defrt_add
 .text.uip_ds6_defrt_choose
                0x00205220       0x30 contiki-cc2538dk.a(uip-ds6-route.o)
                0x00205220                uip_ds6_defrt_choose
 .text.uip_ds6_defrt_periodic
                0x00205250       0x30 contiki-cc2538dk.a(uip-ds6-route.o)
                0x00205250                uip_ds6_defrt_periodic
 .text.echo_reply_input
                0x00205280       0xe4 contiki-cc2538dk.a(uip-icmp6.o)
 .text.echo_request_input
                0x00205364      0x100 contiki-cc2538dk.a(uip-icmp6.o)
 .text.uip_icmp6_input
                0x00205464       0x38 contiki-cc2538dk.a(uip-icmp6.o)
                0x00205464                uip_icmp6_input
 .text.uip_icmp6_register_input_handler
                0x0020549c        0xc contiki-cc2538dk.a(uip-icmp6.o)
                0x0020549c                uip_icmp6_register_input_handler
 .text.uip_icmp6_error_output
                0x002054a8      0x144 contiki-cc2538dk.a(uip-icmp6.o)
                0x002054a8                uip_icmp6_error_output
 .text.uip_icmp6_send
                0x002055ec       0x8c contiki-cc2538dk.a(uip-icmp6.o)
                0x002055ec                uip_icmp6_send
 .text.uip_icmp6_init
                0x00205678       0x1c contiki-cc2538dk.a(uip-icmp6.o)
                0x00205678                uip_icmp6_init
 .text.na_input
                0x00205694      0x1c8 contiki-cc2538dk.a(uip-nd6.o)
 .text.ns_input
                0x0020585c      0x254 contiki-cc2538dk.a(uip-nd6.o)
 .text.uip_nd6_ns_output
                0x00205ab0      0x164 contiki-cc2538dk.a(uip-nd6.o)
                0x00205ab0                uip_nd6_ns_output
 .text.uip_nd6_init
                0x00205c14       0x1c contiki-cc2538dk.a(uip-nd6.o)
                0x00205c14                uip_nd6_init
 .text.start_periodic_tcp_timer
                0x00205c30       0x1c contiki-cc2538dk.a(tcpip.o)
 .text.tcpip_output
                0x00205c4c       0x10 contiki-cc2538dk.a(tcpip.o)
                0x00205c4c                tcpip_output
 .text.tcpip_set_outputfunc
                0x00205c5c        0xc contiki-cc2538dk.a(tcpip.o)
                0x00205c5c                tcpip_set_outputfunc
 .text.udp_new  0x00205c68       0x18 contiki-cc2538dk.a(tcpip.o)
                0x00205c68                udp_new
 .text.tcpip_icmp6_call
                0x00205c80       0x28 contiki-cc2538dk.a(tcpip.o)
                0x00205c80                tcpip_icmp6_call
 .text.tcpip_input
                0x00205ca8       0x24 contiki-cc2538dk.a(tcpip.o)
                0x00205ca8                tcpip_input
 .text.tcpip_ipv6_output
                0x00205ccc      0x120 contiki-cc2538dk.a(tcpip.o)
                0x00205ccc                tcpip_ipv6_output
 .text.process_thread_tcpip_process
                0x00205dec      0x1e0 contiki-cc2538dk.a(tcpip.o)
 .text.tcpip_uipcall
                0x00205fcc       0x7c contiki-cc2538dk.a(tcpip.o)
                0x00205fcc                tcpip_uipcall
 .text.uip_debug_ipaddr_print
                0x00206048       0x64 contiki-cc2538dk.a(uip-debug.o)
                0x00206048                uip_debug_ipaddr_print
 .text.uip_udp_packet_send
                0x002060ac       0x38 contiki-cc2538dk.a(uip-udp-packet.)
                0x002060ac                uip_udp_packet_send
 .text.rpl_get_mode
                0x002060e4        0xc contiki-cc2538dk.a(rpl.o)
                0x002060e4                rpl_get_mode
 .text.rpl_purge_routes
                0x002060f0       0x64 contiki-cc2538dk.a(rpl.o)
                0x002060f0                rpl_purge_routes
 .text.rpl_link_neighbor_callback
                0x00206154       0x70 contiki-cc2538dk.a(rpl.o)
                0x00206154                rpl_link_neighbor_callback
 .text.rpl_ipv6_neighbor_callback
                0x002061c4       0x28 contiki-cc2538dk.a(rpl.o)
                0x002061c4                rpl_ipv6_neighbor_callback
 .text.rpl_init
                0x002061ec       0x58 contiki-cc2538dk.a(rpl.o)
                0x002061ec                rpl_init
 .text.rpl_set_preferred_parent
                0x00206244       0x28 contiki-cc2538dk.a(rpl-dag.o)
 .text.set_ip_from_prefix
                0x0020626c       0x2c contiki-cc2538dk.a(rpl-dag.o)
 .text.find_parent_any_dag_any_instance
                0x00206298       0x1c contiki-cc2538dk.a(rpl-dag.o)
 .text.rpl_get_nbr
                0x002062b4       0x28 contiki-cc2538dk.a(rpl-dag.o)
                0x002062b4                rpl_get_nbr
 .text.rpl_dag_init
                0x002062dc       0x14 contiki-cc2538dk.a(rpl-dag.o)
                0x002062dc                rpl_dag_init
 .text.rpl_get_parent
                0x002062f0       0x10 contiki-cc2538dk.a(rpl-dag.o)
                0x002062f0                rpl_get_parent
 .text.rpl_get_parent_ipaddr
                0x00206300       0x18 contiki-cc2538dk.a(rpl-dag.o)
                0x00206300                rpl_get_parent_ipaddr
 .text.rpl_alloc_instance
                0x00206318       0x34 contiki-cc2538dk.a(rpl-dag.o)
                0x00206318                rpl_alloc_instance
 .text.rpl_add_parent
                0x0020634c       0x44 contiki-cc2538dk.a(rpl-dag.o)
                0x0020634c                rpl_add_parent
 .text.rpl_select_parent
                0x00206390       0x6c contiki-cc2538dk.a(rpl-dag.o)
                0x00206390                rpl_select_parent
 .text.rpl_remove_parent
                0x002063fc       0x1c contiki-cc2538dk.a(rpl-dag.o)
                0x002063fc                rpl_remove_parent
 .text.remove_parents.constprop.4
                0x00206418       0x2c contiki-cc2538dk.a(rpl-dag.o)
 .text.rpl_get_any_dag
                0x00206444       0x18 contiki-cc2538dk.a(rpl-dag.o)
                0x00206444                rpl_get_any_dag
 .text.rpl_get_instance
                0x0020645c       0x20 contiki-cc2538dk.a(rpl-dag.o)
                0x0020645c                rpl_get_instance
 .text.rpl_find_of
                0x0020647c       0x14 contiki-cc2538dk.a(rpl-dag.o)
                0x0020647c                rpl_find_of
 .text.rpl_join_instance
                0x00206490      0x124 contiki-cc2538dk.a(rpl-dag.o)
                0x00206490                rpl_join_instance
 .text.rpl_local_repair
                0x002065b4       0x58 contiki-cc2538dk.a(rpl-dag.o)
                0x002065b4                rpl_local_repair
 .text.rpl_recalculate_ranks
                0x0020660c       0x3c contiki-cc2538dk.a(rpl-dag.o)
                0x0020660c                rpl_recalculate_ranks
 .text.rpl_lock_parent
                0x00206648       0x10 contiki-cc2538dk.a(rpl-dag.o)
                0x00206648                rpl_lock_parent
 .text.rpl_verify_header
                0x00206658       0x9c contiki-cc2538dk.a(rpl-ext-header.)
                0x00206658                rpl_verify_header
 .text.rpl_update_header_empty
                0x002066f4      0x13c contiki-cc2538dk.a(rpl-ext-header.)
                0x002066f4                rpl_update_header_empty
 .text.rpl_update_header_final
                0x00206830       0x88 contiki-cc2538dk.a(rpl-ext-header.)
                0x00206830                rpl_update_header_final
 .text.rpl_invert_header
                0x002068b8       0x68 contiki-cc2538dk.a(rpl-ext-header.)
                0x002068b8                rpl_invert_header
 .text.rpl_insert_header
                0x00206920       0x1c contiki-cc2538dk.a(rpl-ext-header.)
                0x00206920                rpl_insert_header
 .text.dao_ack_input
                0x0020693c        0xc contiki-cc2538dk.a(rpl-icmp6.o)
 .text.dio_input
                0x00206948      0x280 contiki-cc2538dk.a(rpl-icmp6.o)
 .text.dis_output
                0x00206bc8       0x54 contiki-cc2538dk.a(rpl-icmp6.o)
                0x00206bc8                dis_output
 .text.dio_output
                0x00206c1c      0x20c contiki-cc2538dk.a(rpl-icmp6.o)
                0x00206c1c                dio_output
 .text.dis_input
                0x00206e28       0x34 contiki-cc2538dk.a(rpl-icmp6.o)
 .text.dao_output_target
                0x00206e5c       0xe0 contiki-cc2538dk.a(rpl-icmp6.o)
                0x00206e5c                dao_output_target
 .text.dao_output
                0x00206f3c       0x64 contiki-cc2538dk.a(rpl-icmp6.o)
                0x00206f3c                dao_output
 .text.dao_ack_output
                0x00206fa0       0x34 contiki-cc2538dk.a(rpl-icmp6.o)
                0x00206fa0                dao_ack_output
 .text.dao_input
                0x00206fd4      0x224 contiki-cc2538dk.a(rpl-icmp6.o)
 .text.rpl_icmp6_register_handlers
                0x002071f8       0x30 contiki-cc2538dk.a(rpl-icmp6.o)
                0x002071f8                rpl_icmp6_register_handlers
 .text.new_dio_interval
                0x00207228       0x58 contiki-cc2538dk.a(rpl-timers.o)
 .text.handle_periodic_timer
                0x00207280       0x38 contiki-cc2538dk.a(rpl-timers.o)
 .text.set_dao_lifetime_timer
                0x002072b8       0x3c contiki-cc2538dk.a(rpl-timers.o)
 .text.handle_dio_timer
                0x002072f4       0x80 contiki-cc2538dk.a(rpl-timers.o)
 .text.schedule_dao
                0x00207374       0x54 contiki-cc2538dk.a(rpl-timers.o)
 .text.handle_dao_timer
                0x002073c8       0x58 contiki-cc2538dk.a(rpl-timers.o)
 .text.rpl_reset_periodic_timer
                0x00207420       0x34 contiki-cc2538dk.a(rpl-timers.o)
                0x00207420                rpl_reset_periodic_timer
 .text.rpl_schedule_probing
                0x00207454       0x30 contiki-cc2538dk.a(rpl-timers.o)
                0x00207454                rpl_schedule_probing
 .text.handle_probing_timer
                0x00207484       0xd4 contiki-cc2538dk.a(rpl-timers.o)
 .text.index_from_key
                0x00207558       0x20 contiki-cc2538dk.a(nbr-table.o)
 .text.index_from_lladdr
                0x00207578       0x40 contiki-cc2538dk.a(nbr-table.o)
 .text.key_from_item
                0x002075b8       0x2c contiki-cc2538dk.a(nbr-table.o)
 .text.nbr_get_bit.constprop.0
                0x002075e4       0x30 contiki-cc2538dk.a(nbr-table.o)
 .text.nbr_table_register
                0x00207614       0x28 contiki-cc2538dk.a(nbr-table.o)
                0x00207614                nbr_table_register
 .text.nbr_table_head
                0x0020763c       0x34 contiki-cc2538dk.a(nbr-table.o)
                0x0020763c                nbr_table_head
 .text.nbr_table_add_lladdr
                0x00207670      0x11c contiki-cc2538dk.a(nbr-table.o)
                0x00207670                nbr_table_add_lladdr
 .text.nbr_table_remove
                0x0020778c       0x2c contiki-cc2538dk.a(nbr-table.o)
                0x0020778c                nbr_table_remove
 .text.nbr_table_lock
                0x002077b8       0x14 contiki-cc2538dk.a(nbr-table.o)
                0x002077b8                nbr_table_lock
 .text.nbr_table_unlock
                0x002077cc       0x14 contiki-cc2538dk.a(nbr-table.o)
                0x002077cc                nbr_table_unlock
 .text.netstack_init
                0x002077e0       0x30 contiki-cc2538dk.a(netstack.o)
                0x002077e0                netstack_init
 .text.packetbuf_compact
                0x00207810       0x34 contiki-cc2538dk.a(packetbuf.o)
                0x00207810                packetbuf_compact
 .text.packetbuf_copyto
                0x00207844       0x50 contiki-cc2538dk.a(packetbuf.o)
                0x00207844                packetbuf_copyto
 .text.packetbuf_hdrreduce
                0x00207894       0x2c contiki-cc2538dk.a(packetbuf.o)
                0x00207894                packetbuf_hdrreduce
 .text.packetbuf_set_datalen
                0x002078c0        0xc contiki-cc2538dk.a(packetbuf.o)
                0x002078c0                packetbuf_set_datalen
 .text.packetbuf_dataptr
                0x002078cc       0x14 contiki-cc2538dk.a(packetbuf.o)
                0x002078cc                packetbuf_dataptr
 .text.packetbuf_hdrptr
                0x002078e0       0x14 contiki-cc2538dk.a(packetbuf.o)
                0x002078e0                packetbuf_hdrptr
 .text.packetbuf_datalen
                0x002078f4        0xc contiki-cc2538dk.a(packetbuf.o)
                0x002078f4                packetbuf_datalen
 .text.packetbuf_hdrlen
                0x00207900       0x1c contiki-cc2538dk.a(packetbuf.o)
                0x00207900                packetbuf_hdrlen
 .text.packetbuf_totlen
                0x0020791c       0x14 contiki-cc2538dk.a(packetbuf.o)
                0x0020791c                packetbuf_totlen
 .text.packetbuf_hdralloc
                0x00207930       0x28 contiki-cc2538dk.a(packetbuf.o)
                0x00207930                packetbuf_hdralloc
 .text.packetbuf_attr_clear
                0x00207958       0x38 contiki-cc2538dk.a(packetbuf.o)
                0x00207958                packetbuf_attr_clear
 .text.packetbuf_clear
                0x00207990       0x30 contiki-cc2538dk.a(packetbuf.o)
                0x00207990                packetbuf_clear
 .text.packetbuf_copyfrom
                0x002079c0       0x2c contiki-cc2538dk.a(packetbuf.o)
                0x002079c0                packetbuf_copyfrom
 .text.packetbuf_attr_copyto
                0x002079ec       0x34 contiki-cc2538dk.a(packetbuf.o)
                0x002079ec                packetbuf_attr_copyto
 .text.packetbuf_attr_copyfrom
                0x00207a20       0x34 contiki-cc2538dk.a(packetbuf.o)
                0x00207a20                packetbuf_attr_copyfrom
 .text.packetbuf_set_attr
                0x00207a54       0x10 contiki-cc2538dk.a(packetbuf.o)
                0x00207a54                packetbuf_set_attr
 .text.packetbuf_attr
                0x00207a64        0xc contiki-cc2538dk.a(packetbuf.o)
                0x00207a64                packetbuf_attr
 .text.packetbuf_set_addr
                0x00207a70       0x18 contiki-cc2538dk.a(packetbuf.o)
                0x00207a70                packetbuf_set_addr
 .text.packetbuf_addr
                0x00207a88       0x10 contiki-cc2538dk.a(packetbuf.o)
                0x00207a88                packetbuf_addr
 .text.packetbuf_holds_broadcast
                0x00207a98       0x10 contiki-cc2538dk.a(packetbuf.o)
                0x00207a98                packetbuf_holds_broadcast
 .text.queuebuf_init
                0x00207aa8       0x1c contiki-cc2538dk.a(queuebuf.o)
                0x00207aa8                queuebuf_init
 .text.queuebuf_numfree
                0x00207ac4        0xc contiki-cc2538dk.a(queuebuf.o)
                0x00207ac4                queuebuf_numfree
 .text.queuebuf_new_from_packetbuf
                0x00207ad0       0x44 contiki-cc2538dk.a(queuebuf.o)
                0x00207ad0                queuebuf_new_from_packetbuf
 .text.queuebuf_free
                0x00207b14       0x2c contiki-cc2538dk.a(queuebuf.o)
                0x00207b14                queuebuf_free
 .text.queuebuf_to_packetbuf
                0x00207b40       0x30 contiki-cc2538dk.a(queuebuf.o)
                0x00207b40                queuebuf_to_packetbuf
 .text.input_packet
                0x00207b70        0xc contiki-cc2538dk.a(csma.o)
 .text.on       0x00207b7c        0xc contiki-cc2538dk.a(csma.o)
 .text.off      0x00207b88        0xc contiki-cc2538dk.a(csma.o)
 .text.channel_check_interval
                0x00207b94       0x10 contiki-cc2538dk.a(csma.o)
 .text.transmit_packet_list
                0x00207ba4       0x30 contiki-cc2538dk.a(csma.o)
 .text.send_packet
                0x00207bd4      0x148 contiki-cc2538dk.a(csma.o)
 .text.init     0x00207d1c       0x24 contiki-cc2538dk.a(csma.o)
 .text.free_packet
                0x00207d40       0x90 contiki-cc2538dk.a(csma.o)
 .text.packet_sent
                0x00207dd0       0xf8 contiki-cc2538dk.a(csma.o)
 .text.create_frame.isra.0
                0x00207ec8      0x110 contiki-cc2538dk.a(framer-802154.o)
 .text.framer_canonical_create_and_secure
                0x00207fd8       0x30 contiki-cc2538dk.a(framer.o)
                0x00207fd8                framer_canonical_create_and_secure
 .text.init     0x00208008       0x40 contiki-cc2538dk.a(contikimac.o)
 .text.on       0x00208048       0x2c contiki-cc2538dk.a(contikimac.o)
 .text.off      0x00208074       0x38 contiki-cc2538dk.a(contikimac.o)
 .text.recv_burst_off
                0x002080ac       0x14 contiki-cc2538dk.a(contikimac.o)
 .text.powercycle_turn_radio_off
                0x002080c0       0x1c contiki-cc2538dk.a(contikimac.o)
 .text.turn_off
                0x002080dc       0x38 contiki-cc2538dk.a(contikimac.o)
 .text.turn_on  0x00208114       0x40 contiki-cc2538dk.a(contikimac.o)
 .text.schedule_powercycle_fixed
                0x00208154       0x38 contiki-cc2538dk.a(contikimac.o)
 .text.input_packet
                0x0020818c       0xa8 contiki-cc2538dk.a(contikimac.o)
 .text.send_packet.isra.7
                0x00208234      0x1f8 contiki-cc2538dk.a(contikimac.o)
 .text.qsend_list
                0x0020842c       0xc0 contiki-cc2538dk.a(contikimac.o)
 .text.powercycle
                0x002084ec      0x20c contiki-cc2538dk.a(contikimac.o)
 .text.input    0x002086f8        0xc contiki-cc2538dk.a(nullsec.o)
 .text.send     0x00208704       0x20 contiki-cc2538dk.a(nullsec.o)
 .text.stimer_expired
                0x00208724       0x20 contiki-cc2538dk.a(stimer.o)
                0x00208724                stimer_expired
 .text.frame802154_parse
                0x00208744      0x120 contiki-cc2538dk.a(frame802154.o)
                0x00208744                frame802154_parse
 .text.mac_sequence_is_duplicate
                0x00208864       0x38 contiki-cc2538dk.a(mac-sequence.o)
                0x00208864                mac_sequence_is_duplicate
 .text.mac_sequence_register_seqno
                0x0020889c       0x64 contiki-cc2538dk.a(mac-sequence.o)
                0x0020889c                mac_sequence_register_seqno
 .text          0x00208900       0x30 /usr/bin/../lib/gcc/arm-none-eabi/4.9.3/armv7-m/libgcc.a(_aeabi_uldivmod.o)
                0x00208900                __aeabi_uldivmod
 .text          0x00208930       0x60 /usr/bin/../lib/gcc/arm-none-eabi/4.9.3/armv7-m/libgcc.a(bpabi.o)
                0x00208930                __gnu_ldivmod_helper
                0x00208960                __gnu_uldivmod_helper
 .text          0x00208990        0x4 /usr/bin/../lib/gcc/arm-none-eabi/4.9.3/armv7-m/libgcc.a(_dvmd_tls.o)
                0x00208990                __aeabi_ldiv0
                0x00208990                __aeabi_idiv0
 .text          0x00208994      0x2ac /usr/bin/../lib/gcc/arm-none-eabi/4.9.3/armv7-m/libgcc.a(_divdi3.o)
                0x00208994                __divdi3
 .text          0x00208c40      0x270 /usr/bin/../lib/gcc/arm-none-eabi/4.9.3/armv7-m/libgcc.a(_udivdi3.o)
                0x00208c40                __udivdi3
 .text.memcmp   0x00208eb0       0x64 /usr/bin/../lib/gcc/arm-none-eabi/4.9.3/../../../../arm-none-eabi/lib/armv7-m/libc.a(lib_a-memcmp.o)
                0x00208eb0                memcmp
 .text          0x00208f14       0xec /usr/bin/../lib/gcc/arm-none-eabi/4.9.3/../../../../arm-none-eabi/lib/armv7-m/libc.a(lib_a-memcpy.o)
                0x00208f14                memcpy
 .text.memmove  0x00209000       0xc8 /usr/bin/../lib/gcc/arm-none-eabi/4.9.3/../../../../arm-none-eabi/lib/armv7-m/libc.a(lib_a-memmove.o)
                0x00209000                memmove
 .text.memset   0x002090c8       0x9c /usr/bin/../lib/gcc/arm-none-eabi/4.9.3/../../../../arm-none-eabi/lib/armv7-m/libc.a(lib_a-memset.o)
                0x002090c8                memset
 .text.strcpy   0x00209164       0xbc /usr/bin/../lib/gcc/arm-none-eabi/4.9.3/../../../../arm-none-eabi/lib/armv7-m/libc.a(lib_a-strcpy.o)
                0x00209164                strcpy
 .text.default_handler
                0x00209220        0x2 obj_cc2538dk/startup-gcc.o
                0x00209220                default_handler
                0x00209220                usb_isr
 .text.nmi_handler
                0x00209222        0x6 obj_cc2538dk/startup-gcc.o
                0x00209222                nmi_handler
 .text.fade     0x00209228       0x54 contiki-cc2538dk.a(contiki-main.o)
 .text.config   0x0020927c       0x40 contiki-cc2538dk.a(button-sensor.o)
 .text.status   0x002092bc        0x4 contiki-cc2538dk.a(als-sensor.o)
 .text.clock_isr
                0x002092c0        0x4 contiki-cc2538dk.a(clock.o)
                0x002092c0                clock_isr
 .text.rtimer_arch_init
                0x002092c4        0x2 contiki-cc2538dk.a(rtimer-arch.o)
                0x002092c4                rtimer_arch_init
 .text.uart0_isr
                0x002092c6        0x6 contiki-cc2538dk.a(uart.o)
                0x002092c6                uart0_isr
 .text.uart1_isr
                0x002092cc        0x6 contiki-cc2538dk.a(uart.o)
                0x002092cc                uart1_isr
 .text.cpu_cpsie
                0x002092d2        0x8 contiki-cc2538dk.a(cpu.o)
                0x002092d2                cpu_cpsie
 .text.cpu_cpsid
                0x002092da        0x8 contiki-cc2538dk.a(cpu.o)
                0x002092da                cpu_cpsid
 .text.gpio_port_a_isr
                0x002092e2        0x6 contiki-cc2538dk.a(gpio.o)
                0x002092e2                gpio_port_a_isr
 .text.gpio_port_b_isr
                0x002092e8        0x6 contiki-cc2538dk.a(gpio.o)
                0x002092e8                gpio_port_b_isr
 .text.gpio_port_c_isr
                0x002092ee        0x6 contiki-cc2538dk.a(gpio.o)
                0x002092ee                gpio_port_c_isr
 .text.gpio_port_d_isr
                0x002092f4        0x6 contiki-cc2538dk.a(gpio.o)
                0x002092f4                gpio_port_d_isr
 .text.send     0x002092fa       0x12 contiki-cc2538dk.a(cc2538-rf.o)
 .text.putchar  0x0020930c       0x10 contiki-cc2538dk.a(dbg.o)
                0x0020930c                putchar
 .text.dbg_send_bytes
                0x0020931c       0x20 contiki-cc2538dk.a(dbg.o)
                0x0020931c                dbg_send_bytes
 .text.puts     0x0020933c       0x20 contiki-cc2538dk.a(dbg.o)
                0x0020933c                puts
 .text.configure
                0x0020935c        0x4 contiki-cc2538dk.a(cc2538-temp-sen)
 .text.status   0x00209360        0x4 contiki-cc2538dk.a(cc2538-temp-sen)
 .text.value    0x00209364       0x34 contiki-cc2538dk.a(cc2538-temp-sen)
 .text.configure
                0x00209398        0x4 contiki-cc2538dk.a(vdd3-sensor.o)
 .text.status   0x0020939c        0x4 contiki-cc2538dk.a(vdd3-sensor.o)
 .text.value    0x002093a0       0x2a contiki-cc2538dk.a(vdd3-sensor.o)
 .text.write_str
                0x002093ca       0x10 contiki-cc2538dk.a(dbg-printf.o)
 .text.buffer_str
                0x002093da       0x16 contiki-cc2538dk.a(dbg-sprintf.o)
 .text.autostart_start
                0x002093f0       0x14 contiki-cc2538dk.a(autostart.o)
                0x002093f0                autostart_start
 .text.energest_init
                0x00209404        0x2 contiki-cc2538dk.a(energest.o)
                0x00209404                energest_init
 .text.etimer_set
                0x00209406       0x12 contiki-cc2538dk.a(etimer.o)
                0x00209406                etimer_set
 .text.etimer_reset
                0x00209418       0x12 contiki-cc2538dk.a(etimer.o)
                0x00209418                etimer_reset
 .text.etimer_restart
                0x0020942a       0x12 contiki-cc2538dk.a(etimer.o)
                0x0020942a                etimer_restart
 .text.etimer_expired
                0x0020943c        0xa contiki-cc2538dk.a(etimer.o)
                0x0020943c                etimer_expired
 .text.etimer_expiration_time
                0x00209446        0x6 contiki-cc2538dk.a(etimer.o)
                0x00209446                etimer_expiration_time
 .text.call_process
                0x0020944c        0xc contiki-cc2538dk.a(process.o)
 .text.rtimer_init
                0x00209458        0x4 contiki-cc2538dk.a(rtimer.o)
                0x00209458                rtimer_init
 .text.timer_set
                0x0020945c        0xe contiki-cc2538dk.a(timer.o)
                0x0020945c                timer_set
 .text.timer_reset
                0x0020946a        0xa contiki-cc2538dk.a(timer.o)
                0x0020946a                timer_reset
 .text.timer_restart
                0x00209474        0xc contiki-cc2538dk.a(timer.o)
                0x00209474                timer_restart
 .text.timer_expired
                0x00209480       0x1c contiki-cc2538dk.a(timer.o)
                0x00209480                timer_expired
 .text.list_init
                0x0020949c        0x6 contiki-cc2538dk.a(list.o)
                0x0020949c                list_init
 .text.list_head
                0x002094a2        0x4 contiki-cc2538dk.a(list.o)
                0x002094a2                list_head
 .text.list_tail
                0x002094a6       0x10 contiki-cc2538dk.a(list.o)
                0x002094a6                list_tail
 .text.list_remove
                0x002094b6       0x28 contiki-cc2538dk.a(list.o)
                0x002094b6                list_remove
 .text.list_add
                0x002094de       0x1e contiki-cc2538dk.a(list.o)
                0x002094de                list_add
 .text.list_push
                0x002094fc       0x12 contiki-cc2538dk.a(list.o)
                0x002094fc                list_push
 .text.list_length
                0x0020950e        0xe contiki-cc2538dk.a(list.o)
                0x0020950e                list_length
 .text.list_item_next
                0x0020951c        0x6 contiki-cc2538dk.a(list.o)
                0x0020951c                list_item_next
 .text.ringbuf_init
                0x00209522        0xe contiki-cc2538dk.a(ringbuf.o)
                0x00209522                ringbuf_init
 .text.ringbuf_put
                0x00209530       0x28 contiki-cc2538dk.a(ringbuf.o)
                0x00209530                ringbuf_put
 .text.ringbuf_get
                0x00209558       0x20 contiki-cc2538dk.a(ringbuf.o)
                0x00209558                ringbuf_get
 .text.chksum   0x00209578       0x38 contiki-cc2538dk.a(uip6.o)
 .text.uip_icmp6chksum
                0x002095b0        0x6 contiki-cc2538dk.a(uip6.o)
                0x002095b0                uip_icmp6chksum
 .text.uip_tcpchksum
                0x002095b6        0x6 contiki-cc2538dk.a(uip6.o)
                0x002095b6                uip_tcpchksum
 .text.uip_udpchksum
                0x002095bc        0x6 contiki-cc2538dk.a(uip6.o)
                0x002095bc                uip_udpchksum
 .text.uip_htonl
                0x002095c2       0x14 contiki-cc2538dk.a(uip6.o)
                0x002095c2                uip_htonl
 .text.uip_ds6_list_loop
                0x002095d6       0x48 contiki-cc2538dk.a(uip-ds6.o)
                0x002095d6                uip_ds6_list_loop
 .text.uip_ds6_maddr_rm
                0x0020961e        0x8 contiki-cc2538dk.a(uip-ds6.o)
                0x0020961e                uip_ds6_maddr_rm
 .text.uip_ds6_set_addr_iid
                0x00209626       0x12 contiki-cc2538dk.a(uip-ds6.o)
                0x00209626                uip_ds6_set_addr_iid
 .text.get_match_length
                0x00209638       0x3a contiki-cc2538dk.a(uip-ds6.o)
                0x00209638                get_match_length
 .text.uip_ds6_nbr_ipaddr_from_lladdr
                0x00209672        0x4 contiki-cc2538dk.a(uip-ds6-nbr.o)
                0x00209672                uip_ds6_nbr_ipaddr_from_lladdr
 .text.uip_ds6_nbr_lladdr_from_ipaddr
                0x00209676       0x12 contiki-cc2538dk.a(uip-ds6-nbr.o)
                0x00209676                uip_ds6_nbr_lladdr_from_ipaddr
 .text.uip_ds6_route_next
                0x00209688        0x8 contiki-cc2538dk.a(uip-ds6-route.o)
                0x00209688                uip_ds6_route_next
 .text.rm_routelist_callback
                0x00209690        0x4 contiki-cc2538dk.a(uip-ds6-route.o)
 .text.rpl_remove_routes
                0x00209694       0x1e contiki-cc2538dk.a(rpl.o)
                0x00209694                rpl_remove_routes
 .text.rpl_remove_routes_by_nexthop
                0x002096b2       0x36 contiki-cc2538dk.a(rpl.o)
                0x002096b2                rpl_remove_routes_by_nexthop
 .text.rpl_add_route
                0x002096e8       0x28 contiki-cc2538dk.a(rpl.o)
                0x002096e8                rpl_add_route
 .text.lollipop_greater_than
                0x00209710       0x34 contiki-cc2538dk.a(rpl-dag.o)
 .text.check_prefix
                0x00209744       0x58 contiki-cc2538dk.a(rpl-dag.o)
 .text.rpl_set_prefix
                0x0020979c       0x6c contiki-cc2538dk.a(rpl-dag.o)
                0x0020979c                rpl_set_prefix
 .text.rpl_set_default_route
                0x00209808       0x38 contiki-cc2538dk.a(rpl-dag.o)
                0x00209808                rpl_set_default_route
 .text.rpl_find_parent
                0x00209840       0x16 contiki-cc2538dk.a(rpl-dag.o)
                0x00209840                rpl_find_parent
 .text.rpl_find_parent_any_dag
                0x00209856       0x1e contiki-cc2538dk.a(rpl-dag.o)
                0x00209856                rpl_find_parent_any_dag
 .text.rpl_select_dag
                0x00209874      0x152 contiki-cc2538dk.a(rpl-dag.o)
                0x00209874                rpl_select_dag
 .text.rpl_nullify_parent
                0x002099c6       0x48 contiki-cc2538dk.a(rpl-dag.o)
                0x002099c6                rpl_nullify_parent
 .text.nbr_callback
                0x00209a0e        0x4 contiki-cc2538dk.a(rpl-dag.o)
 .text.rpl_move_parent
                0x00209a12       0x48 contiki-cc2538dk.a(rpl-dag.o)
                0x00209a12                rpl_move_parent
 .text.rpl_repair_root
                0x00209a5a       0x48 contiki-cc2538dk.a(rpl-dag.o)
                0x00209a5a                rpl_repair_root
 .text.rpl_alloc_dag
                0x00209aa2       0x48 contiki-cc2538dk.a(rpl-dag.o)
                0x00209aa2                rpl_alloc_dag
 .text.rpl_process_parent_event
                0x00209aea       0x60 contiki-cc2538dk.a(rpl-dag.o)
                0x00209aea                rpl_process_parent_event
 .text.rpl_add_dag
                0x00209b4a      0x100 contiki-cc2538dk.a(rpl-dag.o)
                0x00209b4a                rpl_add_dag
 .text.rpl_process_dio
                0x00209c4a      0x29c contiki-cc2538dk.a(rpl-dag.o)
                0x00209c4a                rpl_process_dio
 .text.get32    0x00209ee6       0x18 contiki-cc2538dk.a(rpl-icmp6.o)
 .text.set32    0x00209efe       0x12 contiki-cc2538dk.a(rpl-icmp6.o)
 .text.get16    0x00209f10        0xc contiki-cc2538dk.a(rpl-icmp6.o)
 .text.set16    0x00209f1c        0xa contiki-cc2538dk.a(rpl-icmp6.o)
 .text.reset    0x00209f26        0x2 contiki-cc2538dk.a(rpl-mrhof.o)
 .text.update_metric_container
                0x00209f28        0x6 contiki-cc2538dk.a(rpl-mrhof.o)
 .text.calculate_rank
                0x00209f2e       0x34 contiki-cc2538dk.a(rpl-mrhof.o)
 .text.neighbor_link_callback
                0x00209f62       0x46 contiki-cc2538dk.a(rpl-mrhof.o)
 .text.best_dag
                0x00209fa8       0x2c contiki-cc2538dk.a(rpl-mrhof.o)
 .text.best_parent
                0x00209fd4       0x5a contiki-cc2538dk.a(rpl-mrhof.o)
 .text.rpl_reset_dio_timer
                0x0020a02e       0x1c contiki-cc2538dk.a(rpl-timers.o)
                0x0020a02e                rpl_reset_dio_timer
 .text.rpl_schedule_dao
                0x0020a04a        0x8 contiki-cc2538dk.a(rpl-timers.o)
                0x0020a04a                rpl_schedule_dao
 .text.linkaddr_copy
                0x0020a052        0xa contiki-cc2538dk.a(linkaddr.o)
                0x0020a052                linkaddr_copy
 .text.linkaddr_cmp
                0x0020a05c       0x10 contiki-cc2538dk.a(linkaddr.o)
                0x0020a05c                linkaddr_cmp
 .text.nbr_set_bit
                0x0020a06c       0x38 contiki-cc2538dk.a(nbr-table.o)
 .text.item_from_key
                0x0020a0a4       0x22 contiki-cc2538dk.a(nbr-table.o)
 .text.nbr_table_next
                0x0020a0c6       0x2e contiki-cc2538dk.a(nbr-table.o)
                0x0020a0c6                nbr_table_next
 .text.nbr_table_get_from_lladdr
                0x0020a0f4       0x32 contiki-cc2538dk.a(nbr-table.o)
                0x0020a0f4                nbr_table_get_from_lladdr
 .text.nbr_table_get_lladdr
                0x0020a126        0xc contiki-cc2538dk.a(nbr-table.o)
                0x0020a126                nbr_table_get_lladdr
 .text.queuebuf_update_attr_from_packetbuf
                0x0020a132        0xc contiki-cc2538dk.a(queuebuf.o)
                0x0020a132                queuebuf_update_attr_from_packetbuf
 .text.queuebuf_update_from_packetbuf
                0x0020a13e       0x1c contiki-cc2538dk.a(queuebuf.o)
                0x0020a13e                queuebuf_update_from_packetbuf
 .text.queuebuf_attr
                0x0020a15a        0xc contiki-cc2538dk.a(queuebuf.o)
                0x0020a15a                queuebuf_attr
 .text.parse    0x0020a166       0x8e contiki-cc2538dk.a(framer-802154.o)
 .text.create   0x0020a1f4        0x6 contiki-cc2538dk.a(framer-802154.o)
 .text.hdr_length
                0x0020a1fa        0x6 contiki-cc2538dk.a(framer-802154.o)
 .text.mac_call_sent_callback
                0x0020a200       0x16 contiki-cc2538dk.a(mac.o)
                0x0020a200                mac_call_sent_callback
 .text.duty_cycle
                0x0020a216        0x4 contiki-cc2538dk.a(contikimac.o)
 .text.qsend_packet
                0x0020a21a       0x22 contiki-cc2538dk.a(contikimac.o)
 .text.bootstrap
                0x0020a23c        0x2 contiki-cc2538dk.a(nullsec.o)
 .text.on_frame_created
                0x0020a23e        0x4 contiki-cc2538dk.a(nullsec.o)
 .text.get_overhead
                0x0020a242        0x4 contiki-cc2538dk.a(nullsec.o)
 .text.stimer_set
                0x0020a246        0xe contiki-cc2538dk.a(stimer.o)
                0x0020a246                stimer_set
 .text.memb_init
                0x0020a254       0x20 contiki-cc2538dk.a(memb.o)
                0x0020a254                memb_init
 .text.memb_alloc
                0x0020a274       0x28 contiki-cc2538dk.a(memb.o)
                0x0020a274                memb_alloc
 .text.memb_free
                0x0020a29c       0x2c contiki-cc2538dk.a(memb.o)
                0x0020a29c                memb_free
 .text.memb_inmemb
                0x0020a2c8       0x1c contiki-cc2538dk.a(memb.o)
                0x0020a2c8                memb_inmemb
 .text.memb_numfree
                0x0020a2e4       0x1c contiki-cc2538dk.a(memb.o)
                0x0020a2e4                memb_numfree
 .text.field_len
                0x0020a300       0x70 contiki-cc2538dk.a(frame802154.o)
 .text.frame802154_hdrlen
                0x0020a370       0x2c contiki-cc2538dk.a(frame802154.o)
                0x0020a370                frame802154_hdrlen
 .text.frame802154_create
                0x0020a39c       0xc4 contiki-cc2538dk.a(frame802154.o)
                0x0020a39c                frame802154_create
 *(SORT(.rodata*))
 .rodata.autostart_processes
                0x0020a460        0x8 node.co
                0x0020a460                autostart_processes
 .rodata.button_select_sensor
                0x0020a468       0x10 contiki-cc2538dk.a(button-sensor.o)
                0x0020a468                button_select_sensor
 .rodata.button_up_sensor
                0x0020a478       0x10 contiki-cc2538dk.a(button-sensor.o)
                0x0020a478                button_up_sensor
 .rodata.button_left_sensor
                0x0020a488       0x10 contiki-cc2538dk.a(button-sensor.o)
                0x0020a488                button_left_sensor
 .rodata.button_right_sensor
                0x0020a498       0x10 contiki-cc2538dk.a(button-sensor.o)
                0x0020a498                button_right_sensor
 .rodata.button_down_sensor
                0x0020a4a8       0x10 contiki-cc2538dk.a(button-sensor.o)
                0x0020a4a8                button_down_sensor
 .rodata.als_sensor
                0x0020a4b8       0x10 contiki-cc2538dk.a(als-sensor.o)
                0x0020a4b8                als_sensor
 .rodata.uart_regs
                0x0020a4c8       0x58 contiki-cc2538dk.a(uart.o)
 .rodata.cc2538_rf_driver
                0x0020a520       0x38 contiki-cc2538dk.a(cc2538-rf.o)
                0x0020a520                cc2538_rf_driver
 .rodata.output_power
                0x0020a558       0x70 contiki-cc2538dk.a(cc2538-rf.o)
 .rodata.cc2538_temp_sensor
                0x0020a5c8       0x10 contiki-cc2538dk.a(cc2538-temp-sen)
                0x0020a5c8                cc2538_temp_sensor
 .rodata.vdd3_sensor
                0x0020a5d8       0x10 contiki-cc2538dk.a(vdd3-sensor.o)
                0x0020a5d8                vdd3_sensor
 .rodata.sicslowpan_driver
                0x0020a5e8        0xc contiki-cc2538dk.a(sicslowpan.o)
                0x0020a5e8                sicslowpan_driver
 .rodata.csma_driver
                0x0020a5f4       0x1c contiki-cc2538dk.a(csma.o)
                0x0020a5f4                csma_driver
 .rodata.framer_802154
                0x0020a610       0x10 contiki-cc2538dk.a(framer-802154.o)
                0x0020a610                framer_802154
 .rodata.contikimac_driver
                0x0020a620       0x20 contiki-cc2538dk.a(contikimac.o)
                0x0020a620                contikimac_driver
 .rodata.nullsec_driver
                0x0020a640       0x18 contiki-cc2538dk.a(nullsec.o)
                0x0020a640                nullsec_driver
 .rodata.str1.1
                0x0020a658      0x102 node.co
 .rodata.str1.1
                0x0020a75a       0x71 contiki-cc2538dk.a(contiki-main.o)
 .rodata.str1.1
                0x0020a7cb        0x8 contiki-cc2538dk.a(sensors.o)
 .rodata.str1.1
                0x0020a7d3        0x7 contiki-cc2538dk.a(button-sensor.o)
 .rodata.str1.1
                0x0020a7da        0x4 contiki-cc2538dk.a(als-sensor.o)
 .rodata.str1.1
                0x0020a7de       0x11 contiki-cc2538dk.a(cc2538-rf.o)
 .rodata.str1.1
                0x0020a7ef       0x14 contiki-cc2538dk.a(cc2538-temp-sen)
 .rodata.str1.1
                0x0020a803        0x5 contiki-cc2538dk.a(vdd3-sensor.o)
 .rodata.buffer.4159
                0x0020a808       0x10 contiki-cc2538dk.a(strformat.o)
 .rodata.str1.1
                0x0020a818       0x35 contiki-cc2538dk.a(strformat.o)
                                 0x37 (size before relaxing)
 .rodata.buffer.4150
                0x0020a84d       0x10 contiki-cc2538dk.a(strformat.o)
 .rodata.str1.1
                0x0020a85d        0xf contiki-cc2538dk.a(ctimer.o)
 .rodata.str1.1
                0x0020a86c        0xc contiki-cc2538dk.a(etimer.o)
 .rodata.str1.1
                0x0020a878        0xe contiki-cc2538dk.a(serial-line.o)
 .rodata        0x0020a886        0x2 contiki-cc2538dk.a(sicslowpan.o)
 .rodata.ttl_values
                0x0020a888        0x4 contiki-cc2538dk.a(sicslowpan.o)
 .rodata.unc_llconf
                0x0020a88c        0x4 contiki-cc2538dk.a(sicslowpan.o)
                0x0020a88c                unc_llconf
 .rodata.llprefix
                0x0020a890        0x2 contiki-cc2538dk.a(sicslowpan.o)
                0x0020a890                llprefix
 .rodata.unc_mxconf
                0x0020a892        0x4 contiki-cc2538dk.a(sicslowpan.o)
                0x0020a892                unc_mxconf
 .rodata.str1.1
                0x0020a896        0xb contiki-cc2538dk.a(sicslowpan.o)
 .rodata.unc_ctxconf
                0x0020a8a1        0x4 contiki-cc2538dk.a(sicslowpan.o)
                0x0020a8a1                unc_ctxconf
 .rodata.str1.1
                0x0020a8a5        0xd contiki-cc2538dk.a(tcpip.o)
 .rodata.str1.1
                0x0020a8b2       0x29 contiki-cc2538dk.a(uip-debug.o)
 .rodata.linkaddr_null
                0x0020a8db        0x8 contiki-cc2538dk.a(linkaddr.o)
                0x0020a8db                linkaddr_null
 .rodata.str1.1
                0x0020a8e3        0x5 contiki-cc2538dk.a(csma.o)
 .rodata.str1.1
                0x0020a8e8        0xb contiki-cc2538dk.a(contikimac.o)
 .rodata.str1.1
                0x0020a8f3        0x8 contiki-cc2538dk.a(nullsec.o)
                0x0020a8fb                _etext = .

.glue_7         0x0020a8fc        0x0
 .glue_7        0x00000000        0x0 linker stubs

.glue_7t        0x0020a8fc        0x0
 .glue_7t       0x00000000        0x0 linker stubs

.vfp11_veneer   0x0020a8fc        0x0
 .vfp11_veneer  0x00000000        0x0 linker stubs

.v4_bx          0x0020a8fc        0x0
 .v4_bx         0x00000000        0x0 linker stubs

.iplt           0x0020a8fc        0x0
 .iplt          0x00000000        0x0 obj_cc2538dk/startup-gcc.o

.socdata        0x20000000       0x40
 *(SORT(.udma_channel_control_table))
 .udma_channel_control_table
                0x20000000       0x40 contiki-cc2538dk.a(udma.o)

.data           0x20000040      0x1be load address 0x0020a8fc
                0x20000040                _data = .
 *(SORT(.data*))
 .data.udp_server_process
                0x20000040       0x10 node.co
                0x20000040                udp_server_process
 .data.sensors_process
                0x20000050       0x10 contiki-cc2538dk.a(sensors.o)
                0x20000050                sensors_process
 .data.sensors  0x20000060       0x24 contiki-cc2538dk.a(smartrf-sensors)
                0x20000060                sensors
 .data.cc2538_rf_process
                0x20000084       0x10 contiki-cc2538dk.a(cc2538-rf.o)
                0x20000084                cc2538_rf_process
 .data.ctxt     0x20000094        0x8 contiki-cc2538dk.a(dbg-printf.o)
 .data.ctimer_process
                0x2000009c       0x10 contiki-cc2538dk.a(ctimer.o)
                0x2000009c                ctimer_process
 .data.etimer_process
                0x200000ac       0x10 contiki-cc2538dk.a(etimer.o)
                0x200000ac                etimer_process
 .data.serial_line_process
                0x200000bc       0x10 contiki-cc2538dk.a(serial-line.o)
                0x200000bc                serial_line_process
 .data.ds6_neighbors
                0x200000cc        0x4 contiki-cc2538dk.a(uip-ds6-nbr.o)
                0x200000cc                ds6_neighbors
 .data.ds6_neighbors_struct
                0x200000d0       0x10 contiki-cc2538dk.a(uip-ds6-nbr.o)
 .data.defaultroutermemb
                0x200000e0        0xc contiki-cc2538dk.a(uip-ds6-route.o)
 .data.nbr_routes_struct
                0x200000ec       0x10 contiki-cc2538dk.a(uip-ds6-route.o)
 .data.routememb
                0x200000fc        0xc contiki-cc2538dk.a(uip-ds6-route.o)
 .data.neighborroutememb
                0x20000108        0xc contiki-cc2538dk.a(uip-ds6-route.o)
 .data.echo_request_handler
                0x20000114        0xc contiki-cc2538dk.a(uip-icmp6.o)
 .data.echo_reply_handler
                0x20000120        0xc contiki-cc2538dk.a(uip-icmp6.o)
 .data.ns_input_handler
                0x2000012c        0xc contiki-cc2538dk.a(uip-nd6.o)
 .data.na_input_handler
                0x20000138        0xc contiki-cc2538dk.a(uip-nd6.o)
 .data.tcpip_process
                0x20000144       0x10 contiki-cc2538dk.a(tcpip.o)
                0x20000144                tcpip_process
 .data.rpl_parents
                0x20000154        0x4 contiki-cc2538dk.a(rpl-dag.o)
                0x20000154                rpl_parents
 .data.rpl_parents_struct
                0x20000158       0x10 contiki-cc2538dk.a(rpl-dag.o)
 .data.dao_ack_handler
                0x20000168        0xc contiki-cc2538dk.a(rpl-icmp6.o)
 .data.dis_handler
                0x20000174        0xc contiki-cc2538dk.a(rpl-icmp6.o)
 .data.dao_handler
                0x20000180        0xc contiki-cc2538dk.a(rpl-icmp6.o)
 .data.dio_handler
                0x2000018c        0xc contiki-cc2538dk.a(rpl-icmp6.o)
 .data.rpl_mrhof
                0x20000198       0x1c contiki-cc2538dk.a(rpl-mrhof.o)
                0x20000198                rpl_mrhof
 .data.neighbor_addr_mem
                0x200001b4        0xc contiki-cc2538dk.a(nbr-table.o)
 .data.bufmem   0x200001c0        0xc contiki-cc2538dk.a(queuebuf.o)
 .data.buframmem
                0x200001cc        0xc contiki-cc2538dk.a(queuebuf.o)
 .data.metadata_memb
                0x200001d8        0xc contiki-cc2538dk.a(csma.o)
 .data.neighbor_memb
                0x200001e4        0xc contiki-cc2538dk.a(csma.o)
 .data.packet_memb
                0x200001f0        0xc contiki-cc2538dk.a(csma.o)
 .data.rf_channel
                0x200001fc        0x1 contiki-cc2538dk.a(cc2538-rf.o)
 .data.dao_sequence
                0x200001fd        0x1 contiki-cc2538dk.a(rpl-icmp6.o)
                0x200001fe                _edata = .
                0x0020a8fc                _ldata = LOADADDR (.data)

.igot.plt       0x20000200        0x0 load address 0x0020aaba
 .igot.plt      0x00000000        0x0 obj_cc2538dk/startup-gcc.o

.ARM.exidx      0x0020aabc        0x8
 *(SORT(.ARM.exidx*))
 .ARM.exidx     0x0020aabc        0x8 /usr/bin/../lib/gcc/arm-none-eabi/4.9.3/armv7-m/libgcc.a(_divdi3.o)
 .ARM.exidx     0x0020aac4        0x0 /usr/bin/../lib/gcc/arm-none-eabi/4.9.3/armv7-m/libgcc.a(_udivdi3.o)
                                  0x8 (size before relaxing)

.bss            0x20000200     0x28f7
                0x20000200                _bss = .
 *(SORT(.bss*))
 .bss.rt_ticks_startup
                0x20000200        0x8 contiki-cc2538dk.a(clock.o)
 .bss.rt_ticks_epoch
                0x20000208        0x8 contiki-cc2538dk.a(clock.o)
 .bss.server_conn
                0x20000210        0x4 node.co
 .bss.i.4710    0x20000214        0x4 contiki-cc2538dk.a(sensors.o)
 .bss.events.4711
                0x20000218        0x4 contiki-cc2538dk.a(sensors.o)
 .bss.debouncetimer
                0x2000021c        0x8 contiki-cc2538dk.a(button-sensor.o)
 .bss.next_trigger
                0x20000224        0x4 contiki-cc2538dk.a(rtimer-arch.o)
 .bss.input_handler
                0x20000228        0x8 contiki-cc2538dk.a(uart.o)
 .bss.interrupt_disable
                0x20000230        0x4 contiki-cc2538dk.a(nvic.o)
 .bss.interrupt_pend
                0x20000234        0x4 contiki-cc2538dk.a(nvic.o)
 .bss.interrupt_unpend
                0x20000238        0x4 contiki-cc2538dk.a(nvic.o)
 .bss.interrupt_enable
                0x2000023c        0x4 contiki-cc2538dk.a(nvic.o)
 .bss.gpio_callbacks
                0x20000240       0x80 contiki-cc2538dk.a(gpio.o)
 .bss.ioc_sel   0x200002c0        0x4 contiki-cc2538dk.a(ioc.o)
 .bss.ioc_over  0x200002c4        0x4 contiki-cc2538dk.a(ioc.o)
 .bss.notification_process
                0x200002c8        0x4 contiki-cc2538dk.a(crypto.o)
 .bss.periph_permit_pm1_funcs
                0x200002cc        0xc contiki-cc2538dk.a(lpm.o)
 .bss.ctimer_list_list
                0x200002d8        0x4 contiki-cc2538dk.a(ctimer.o)
 .bss.timerlist
                0x200002dc        0x4 contiki-cc2538dk.a(etimer.o)
 .bss.next_expiration
                0x200002e0        0x4 contiki-cc2538dk.a(etimer.o)
 .bss.data.5352
                0x200002e4        0x4 contiki-cc2538dk.a(process.o)
 .bss.process_current
                0x200002e8        0x4 contiki-cc2538dk.a(process.o)
                0x200002e8                process_current
 .bss.p.5354    0x200002ec        0x4 contiki-cc2538dk.a(process.o)
 .bss.process_list
                0x200002f0        0x4 contiki-cc2538dk.a(process.o)
                0x200002f0                process_list
 .bss.events    0x200002f4      0x180 contiki-cc2538dk.a(process.o)
 .bss.receiver.5353
                0x20000474        0x4 contiki-cc2538dk.a(process.o)
 .bss.next_rtimer
                0x20000478        0x4 contiki-cc2538dk.a(rtimer.o)
 .bss.rxbuf     0x2000047c        0x8 contiki-cc2538dk.a(serial-line.o)
 .bss.ptr.4695  0x20000484        0x4 contiki-cc2538dk.a(serial-line.o)
 .bss.context   0x20000488        0x4 contiki-cc2538dk.a(sicslowpan.o)
 .bss.last_rssi
                0x2000048c        0x4 contiki-cc2538dk.a(sicslowpan.o)
 .bss.hc06_ptr  0x20000490        0x4 contiki-cc2538dk.a(sicslowpan.o)
 .bss.reass_timer
                0x20000494        0x8 contiki-cc2538dk.a(sicslowpan.o)
 .bss.packetbuf_ptr
                0x2000049c        0x4 contiki-cc2538dk.a(sicslowpan.o)
 .bss.packetbuf_payload_len
                0x200004a0        0x4 contiki-cc2538dk.a(sicslowpan.o)
 .bss.last_tx_status
                0x200004a4        0x4 contiki-cc2538dk.a(sicslowpan.o)
 .bss.sicslowpan_aligned_buf
                0x200004a8      0x514 contiki-cc2538dk.a(sicslowpan.o)
 .bss.callback  0x200009bc        0x4 contiki-cc2538dk.a(sicslowpan.o)
 .bss.locmaddr  0x200009c0        0x4 contiki-cc2538dk.a(uip-ds6.o)
 .bss.locprefix
                0x200009c4        0x4 contiki-cc2538dk.a(uip-ds6.o)
 .bss.locaddr   0x200009c8        0x4 contiki-cc2538dk.a(uip-ds6.o)
 .bss._ds6_neighbors_mem
                0x200009cc      0x320 contiki-cc2538dk.a(uip-ds6-nbr.o)
 .bss.defaultroutermemb_memb_mem
                0x20000cec       0x40 contiki-cc2538dk.a(uip-ds6-route.o)
 .bss.num_routes
                0x20000d2c        0x4 contiki-cc2538dk.a(uip-ds6-route.o)
 .bss.defaultrouterlist_list
                0x20000d30        0x4 contiki-cc2538dk.a(uip-ds6-route.o)
 .bss._nbr_routes_mem
                0x20000d34       0xa0 contiki-cc2538dk.a(uip-ds6-route.o)
 .bss.routelist_list
                0x20000dd4        0x4 contiki-cc2538dk.a(uip-ds6-route.o)
 .bss.routememb_memb_mem
                0x20000dd8      0x320 contiki-cc2538dk.a(uip-ds6-route.o)
 .bss.neighborroutememb_memb_mem
                0x200010f8       0xa0 contiki-cc2538dk.a(uip-ds6-route.o)
 .bss.notificationlist_list
                0x20001198        0x4 contiki-cc2538dk.a(uip-ds6-route.o)
 .bss.echo_reply_callback_list_list
                0x2000119c        0x4 contiki-cc2538dk.a(uip-icmp6.o)
 .bss.input_handler_list_list
                0x200011a0        0x4 contiki-cc2538dk.a(uip-icmp6.o)
 .bss.defrt     0x200011a4        0x4 contiki-cc2538dk.a(uip-nd6.o)
 .bss.nbr       0x200011a8        0x4 contiki-cc2538dk.a(uip-nd6.o)
 .bss.nd6_opt_llao
                0x200011ac        0x4 contiki-cc2538dk.a(uip-nd6.o)
 .bss.addr      0x200011b0        0x4 contiki-cc2538dk.a(uip-nd6.o)
 .bss.s         0x200011b4       0x44 contiki-cc2538dk.a(tcpip.o)
 .bss.periodic  0x200011f8       0x10 contiki-cc2538dk.a(tcpip.o)
 .bss.outputfunc
                0x20001208        0x4 contiki-cc2538dk.a(tcpip.o)
 .bss._rpl_parents_mem
                0x2000120c      0x190 contiki-cc2538dk.a(rpl-dag.o)
 .bss.periodic_timer
                0x2000139c       0x20 contiki-cc2538dk.a(rpl-timers.o)
 .bss.nbr_table_keys_list
                0x200013bc        0x4 contiki-cc2538dk.a(nbr-table.o)
 .bss.neighbor_addr_mem_memb_mem
                0x200013c0       0xf0 contiki-cc2538dk.a(nbr-table.o)
 .bss.all_tables
                0x200014b0       0x20 contiki-cc2538dk.a(nbr-table.o)
 .bss.num_tables
                0x200014d0        0x4 contiki-cc2538dk.a(nbr-table.o)
 .bss.packetbufptr
                0x200014d4        0x4 contiki-cc2538dk.a(packetbuf.o)
 .bss.packetbuf_aligned
                0x200014d8       0xb0 contiki-cc2538dk.a(packetbuf.o)
 .bss.bufmem_memb_mem
                0x20001588       0x20 contiki-cc2538dk.a(queuebuf.o)
 .bss.metadata_memb_memb_mem
                0x200015a8       0x60 contiki-cc2538dk.a(csma.o)
 .bss.neighbor_list_list
                0x20001608        0x4 contiki-cc2538dk.a(csma.o)
 .bss.packet_memb_memb_mem
                0x2000160c       0x60 contiki-cc2538dk.a(csma.o)
 .bss.neighbor_memb_memb_mem
                0x2000166c       0x70 contiki-cc2538dk.a(csma.o)
 .bss.cycle_start
                0x200016dc        0x4 contiki-cc2538dk.a(contikimac.o)
 .bss.we_are_receiving_burst
                0x200016e0        0x4 contiki-cc2538dk.a(contikimac.o)
 .bss.rt        0x200016e4        0xc contiki-cc2538dk.a(contikimac.o)
 .bss.start.6966
                0x200016f0        0x4 contiki-cc2538dk.a(contikimac.o)
 .bss.ct.7040   0x200016f4       0x20 contiki-cc2538dk.a(contikimac.o)
 .bss.len       0x20001714        0x2 node.co
 .bss.reass_tag
                0x20001716        0x2 contiki-cc2538dk.a(sicslowpan.o)
 .bss.sicslowpan_len
                0x20001718        0x2 contiki-cc2538dk.a(sicslowpan.o)
 .bss.my_tag    0x2000171a        0x2 contiki-cc2538dk.a(sicslowpan.o)
 .bss.processed_ip_in_len
                0x2000171c        0x2 contiki-cc2538dk.a(sicslowpan.o)
 .bss.tmp16     0x2000171e        0x2 contiki-cc2538dk.a(uip6.o)
 .bss.lastport  0x20001720        0x2 contiki-cc2538dk.a(uip6.o)
 .bss.loc_fipaddr
                0x20001722       0x10 contiki-cc2538dk.a(uip-ds6.o)
 .bss.tmp_ipaddr
                0x20001732       0x10 contiki-cc2538dk.a(uip-icmp6.o)
 .bss.next_dis  0x20001742        0x2 contiki-cc2538dk.a(rpl-timers.o)
 .bss.buflen    0x20001744        0x2 contiki-cc2538dk.a(packetbuf.o)
 .bss.bufptr    0x20001746        0x2 contiki-cc2538dk.a(packetbuf.o)
 .bss.buframmem_memb_mem
                0x20001748      0x580 contiki-cc2538dk.a(queuebuf.o)
 .bss.seqno.6225
                0x20001cc8        0x2 contiki-cc2538dk.a(csma.o)
 .bss.pt        0x20001cca        0x2 contiki-cc2538dk.a(contikimac.o)
 .bss.resp.7726
                0x20001ccc       0x40 node.co
 .bss.buf       0x20001d0c       0x40 node.co
 .bss.leds      0x20001d4c        0x1 contiki-cc2538dk.a(leds.o)
 .bss.num_sensors
                0x20001d4d        0x1 contiki-cc2538dk.a(sensors.o)
 .bss.rf_flags  0x20001d4e        0x1 contiki-cc2538dk.a(cc2538-rf.o)
 .bss.max_pm    0x20001d4f        0x1 contiki-cc2538dk.a(lpm.o)
 .bss.initialized
                0x20001d50        0x1 contiki-cc2538dk.a(ctimer.o)
 .bss.snum.5369
                0x20001d51        0x1 contiki-cc2538dk.a(process.o)
 .bss.fevent    0x20001d52        0x1 contiki-cc2538dk.a(process.o)
 .bss.ev.5351   0x20001d53        0x1 contiki-cc2538dk.a(process.o)
 .bss.nevents   0x20001d54        0x1 contiki-cc2538dk.a(process.o)
 .bss.poll_requested
                0x20001d55        0x1 contiki-cc2538dk.a(process.o)
 .bss.lastevent
                0x20001d56        0x1 contiki-cc2538dk.a(process.o)
 .bss.rxbuf_data
                0x20001d57       0x80 contiki-cc2538dk.a(serial-line.o)
 .bss.overflow.4688
                0x20001dd7        0x1 contiki-cc2538dk.a(serial-line.o)
 .bss.buf.4694  0x20001dd8       0x80 contiki-cc2538dk.a(serial-line.o)
 .bss.uncomp_hdr_len
                0x20001e58        0x1 contiki-cc2538dk.a(sicslowpan.o)
 .bss.addr_contexts
                0x20001e59        0xa contiki-cc2538dk.a(sicslowpan.o)
 .bss.packetbuf_hdr_len
                0x20001e63        0x1 contiki-cc2538dk.a(sicslowpan.o)
 .bss.uip_ext_len
                0x20001e64        0x1 contiki-cc2538dk.a(uip6.o)
                0x20001e64                uip_ext_len
 .bss.uip_ext_bitmap
                0x20001e65        0x1 contiki-cc2538dk.a(uip6.o)
                0x20001e65                uip_ext_bitmap
 .bss.iss       0x20001e66        0x4 contiki-cc2538dk.a(uip6.o)
 .bss.uip_ext_opt_offset
                0x20001e6a        0x1 contiki-cc2538dk.a(uip6.o)
                0x20001e6a                uip_ext_opt_offset
 .bss.c         0x20001e6b        0x1 contiki-cc2538dk.a(uip6.o)
 .bss.opt       0x20001e6c        0x1 contiki-cc2538dk.a(uip6.o)
 .bss.defaultroutermemb_memb_count
                0x20001e6d        0x2 contiki-cc2538dk.a(uip-ds6-route.o)
 .bss.neighborroutememb_memb_count
                0x20001e6f       0x14 contiki-cc2538dk.a(uip-ds6-route.o)
 .bss.routememb_memb_count
                0x20001e83       0x14 contiki-cc2538dk.a(uip-ds6-route.o)
 .bss.nd6_opt_offset
                0x20001e97        0x1 contiki-cc2538dk.a(uip-nd6.o)
 .bss.i.7772    0x20001e98        0x1 contiki-cc2538dk.a(tcpip.o)
 .bss.i.7816    0x20001e99        0x1 contiki-cc2538dk.a(tcpip.o)
 .bss.i.7828    0x20001e9a        0x1 contiki-cc2538dk.a(tcpip.o)
 .bss.mode      0x20001e9b        0x1 contiki-cc2538dk.a(rpl.o)
 .bss.dio_send_ok
                0x20001e9c        0x1 contiki-cc2538dk.a(rpl-timers.o)
 .bss.neighbor_addr_mem_memb_count
                0x20001e9d       0x14 contiki-cc2538dk.a(nbr-table.o)
 .bss.locked_map
                0x20001eb1       0x14 contiki-cc2538dk.a(nbr-table.o)
 .bss.used_map  0x20001ec5       0x14 contiki-cc2538dk.a(nbr-table.o)
 .bss.hdrptr    0x20001ed9        0x1 contiki-cc2538dk.a(packetbuf.o)
 .bss.buframmem_memb_count
                0x20001eda        0x8 contiki-cc2538dk.a(queuebuf.o)
 .bss.bufmem_memb_count
                0x20001ee2        0x8 contiki-cc2538dk.a(queuebuf.o)
 .bss.packet_memb_memb_count
                0x20001eea        0x8 contiki-cc2538dk.a(csma.o)
 .bss.metadata_memb_memb_count
                0x20001ef2        0x8 contiki-cc2538dk.a(csma.o)
 .bss.initialized.6224
                0x20001efa        0x1 contiki-cc2538dk.a(csma.o)
 .bss.neighbor_memb_memb_count
                0x20001efb        0x2 contiki-cc2538dk.a(csma.o)
 .bss.mac_dsn   0x20001efd        0x1 contiki-cc2538dk.a(framer-802154.o)
 .bss.initialized
                0x20001efe        0x1 contiki-cc2538dk.a(framer-802154.o)
 .bss.radio_is_on
                0x20001eff        0x1 contiki-cc2538dk.a(contikimac.o)
 .bss.we_are_sending
                0x20001f00        0x1 contiki-cc2538dk.a(contikimac.o)
 .bss.contikimac_keep_radio_on
                0x20001f01        0x1 contiki-cc2538dk.a(contikimac.o)
 .bss.periods.6968
                0x20001f02        0x1 contiki-cc2538dk.a(contikimac.o)
 .bss.packet_seen.6960
                0x20001f03        0x1 contiki-cc2538dk.a(contikimac.o)
 .bss.count.6961
                0x20001f04        0x1 contiki-cc2538dk.a(contikimac.o)
 .bss.contikimac_is_on
                0x20001f05        0x1 contiki-cc2538dk.a(contikimac.o)
 .bss.silence_periods.6967
                0x20001f06        0x1 contiki-cc2538dk.a(contikimac.o)
 .bss.received_seqnos
                0x20001f07       0x90 contiki-cc2538dk.a(mac-sequence.o)
 *(SORT(COMMON))
 *fill*         0x20001f97        0x1 
 COMMON         0x20001f98      0x878 contiki-cc2538dk.a(uip6.o)
                0x20001f98                uip_len
                0x20001f9c                uip_sappdata
                0x20001fa0                uip_acc32
                0x20001fa4                uip_lladdr
                0x20001fac                uip_aligned_buf
                0x200024c0                uip_flags
                0x200024c4                uip_next_hdr
                0x200024c8                uip_udp_conn
                0x200024cc                uip_appdata
                0x200024d0                uip_conn
                0x200024d4                uip_conns
                0x200026b4                uip_icmp6_conns
                0x200026bc                uip_listenports
                0x200026cc                uip_slen
                0x200026d0                uip_udp_conns
 COMMON         0x20002810      0x174 contiki-cc2538dk.a(uip-ds6.o)
                0x20002810                uip_ds6_timer_ra
                0x20002818                uip_ds6_if
                0x20002910                uip_ds6_netif_addr_list_offset
                0x20002911                uip_ds6_addr_size
                0x20002914                uip_ds6_prefix_list
                0x20002974                uip_ds6_timer_periodic
 COMMON         0x20002984      0x128 contiki-cc2538dk.a(rpl-dag.o)
                0x20002984                default_instance
                0x20002988                instance_table
 COMMON         0x20002aac       0x2e contiki-cc2538dk.a(packetbuf.o)
                0x20002aac                packetbuf_addrs
                0x20002abc                packetbuf_attrs
 COMMON         0x20002ada        0x1 contiki-cc2538dk.a(sensors.o)
                0x20002ada                sensors_event
 COMMON         0x20002adb        0x9 contiki-cc2538dk.a(smartrf-sensors)
                0x20002adb                sensors_flags
 COMMON         0x20002ae4        0x1 contiki-cc2538dk.a(serial-line.o)
                0x20002ae4                serial_line_event_message
 COMMON         0x20002ae5        0x8 contiki-cc2538dk.a(sicslowpan.o)
                0x20002ae5                frag_sender
 COMMON         0x20002aed        0x2 contiki-cc2538dk.a(tcpip.o)
                0x20002aed                tcpip_event
                0x20002aee                tcpip_icmp6_event
 COMMON         0x20002aef        0x8 contiki-cc2538dk.a(linkaddr.o)
                0x20002aef                linkaddr_node_addr
                0x20002af7                _ebss = .

.stack          0x20002af8      0x800
 *(SORT(.stack))
 .stack         0x20002af8      0x800 obj_cc2538dk/startup-gcc.o

.flashcca       0x0027ffd4       0x2c
 *(SORT(.flashcca))
 .flashcca      0x0027ffd4       0x2c obj_cc2538dk/startup-gcc.o
                0x0027ffd4                __cca
OUTPUT(node.elf elf32-littlearm)

.rel.dyn        0x00280000        0x0
 .rel.iplt      0x00000000        0x0 obj_cc2538dk/startup-gcc.o

.comment        0x00000000       0x70
 .comment       0x00000000       0x70 obj_cc2538dk/startup-gcc.o
                                 0x71 (size before relaxing)
 .comment       0x00000000       0x71 node.co
 .comment       0x00000000       0x71 contiki-cc2538dk.a(leds.o)
 .comment       0x00000000       0x71 contiki-cc2538dk.a(leds-arch.o)
 .comment       0x00000000       0x71 contiki-cc2538dk.a(contiki-main.o)
 .comment       0x00000000       0x71 contiki-cc2538dk.a(sensors.o)
 .comment       0x00000000       0x71 contiki-cc2538dk.a(smartrf-sensors)
 .comment       0x00000000       0x71 contiki-cc2538dk.a(button-sensor.o)
 .comment       0x00000000       0x71 contiki-cc2538dk.a(als-sensor.o)
 .comment       0x00000000       0x71 contiki-cc2538dk.a(clock.o)
 .comment       0x00000000       0x71 contiki-cc2538dk.a(rtimer-arch.o)
 .comment       0x00000000       0x71 contiki-cc2538dk.a(uart.o)
 .comment       0x00000000       0x71 contiki-cc2538dk.a(watchdog.o)
 .comment       0x00000000       0x71 contiki-cc2538dk.a(nvic.o)
 .comment       0x00000000       0x71 contiki-cc2538dk.a(cpu.o)
 .comment       0x00000000       0x71 contiki-cc2538dk.a(sys-ctrl.o)
 .comment       0x00000000       0x71 contiki-cc2538dk.a(gpio.o)
 .comment       0x00000000       0x71 contiki-cc2538dk.a(ioc.o)
 .comment       0x00000000       0x71 contiki-cc2538dk.a(adc.o)
 .comment       0x00000000       0x71 contiki-cc2538dk.a(crypto.o)
 .comment       0x00000000       0x71 contiki-cc2538dk.a(cc2538-rf.o)
 .comment       0x00000000       0x71 contiki-cc2538dk.a(udma.o)
 .comment       0x00000000       0x71 contiki-cc2538dk.a(lpm.o)
 .comment       0x00000000       0x71 contiki-cc2538dk.a(dbg.o)
 .comment       0x00000000       0x71 contiki-cc2538dk.a(ieee-addr.o)
 .comment       0x00000000       0x71 contiki-cc2538dk.a(cc2538-temp-sen)
 .comment       0x00000000       0x71 contiki-cc2538dk.a(vdd3-sensor.o)
 .comment       0x00000000       0x71 contiki-cc2538dk.a(dbg-printf.o)
 .comment       0x00000000       0x71 contiki-cc2538dk.a(dbg-sprintf.o)
 .comment       0x00000000       0x71 contiki-cc2538dk.a(strformat.o)
 .comment       0x00000000       0x71 contiki-cc2538dk.a(autostart.o)
 .comment       0x00000000       0x71 contiki-cc2538dk.a(ctimer.o)
 .comment       0x00000000       0x71 contiki-cc2538dk.a(energest.o)
 .comment       0x00000000       0x71 contiki-cc2538dk.a(etimer.o)
 .comment       0x00000000       0x71 contiki-cc2538dk.a(process.o)
 .comment       0x00000000       0x71 contiki-cc2538dk.a(rtimer.o)
 .comment       0x00000000       0x71 contiki-cc2538dk.a(timer.o)
 .comment       0x00000000       0x71 contiki-cc2538dk.a(serial-line.o)
 .comment       0x00000000       0x71 contiki-cc2538dk.a(list.o)
 .comment       0x00000000       0x71 contiki-cc2538dk.a(random.o)
 .comment       0x00000000       0x71 contiki-cc2538dk.a(ringbuf.o)
 .comment       0x00000000       0x71 contiki-cc2538dk.a(sicslowpan.o)
 .comment       0x00000000       0x71 contiki-cc2538dk.a(uip6.o)
 .comment       0x00000000       0x71 contiki-cc2538dk.a(uip-ds6.o)
 .comment       0x00000000       0x71 contiki-cc2538dk.a(uip-ds6-nbr.o)
 .comment       0x00000000       0x71 contiki-cc2538dk.a(uip-ds6-route.o)
 .comment       0x00000000       0x71 contiki-cc2538dk.a(uip-icmp6.o)
 .comment       0x00000000       0x71 contiki-cc2538dk.a(uip-nd6.o)
 .comment       0x00000000       0x71 contiki-cc2538dk.a(tcpip.o)
 .comment       0x00000000       0x71 contiki-cc2538dk.a(uip-debug.o)
 .comment       0x00000000       0x71 contiki-cc2538dk.a(uip-udp-packet.)
 .comment       0x00000000       0x71 contiki-cc2538dk.a(rpl.o)
 .comment       0x00000000       0x71 contiki-cc2538dk.a(rpl-dag.o)
 .comment       0x00000000       0x71 contiki-cc2538dk.a(rpl-ext-header.)
 .comment       0x00000000       0x71 contiki-cc2538dk.a(rpl-icmp6.o)
 .comment       0x00000000       0x71 contiki-cc2538dk.a(rpl-mrhof.o)
 .comment       0x00000000       0x71 contiki-cc2538dk.a(rpl-timers.o)
 .comment       0x00000000       0x71 contiki-cc2538dk.a(linkaddr.o)
 .comment       0x00000000       0x71 contiki-cc2538dk.a(nbr-table.o)
 .comment       0x00000000       0x71 contiki-cc2538dk.a(netstack.o)
 .comment       0x00000000       0x71 contiki-cc2538dk.a(packetbuf.o)
 .comment       0x00000000       0x71 contiki-cc2538dk.a(queuebuf.o)
 .comment       0x00000000       0x71 contiki-cc2538dk.a(csma.o)
 .comment       0x00000000       0x71 contiki-cc2538dk.a(framer-802154.o)
 .comment       0x00000000       0x71 contiki-cc2538dk.a(framer.o)
 .comment       0x00000000       0x71 contiki-cc2538dk.a(mac.o)
 .comment       0x00000000       0x71 contiki-cc2538dk.a(contikimac.o)
 .comment       0x00000000       0x71 contiki-cc2538dk.a(nullsec.o)
 .comment       0x00000000       0x71 contiki-cc2538dk.a(stimer.o)
 .comment       0x00000000       0x71 contiki-cc2538dk.a(memb.o)
 .comment       0x00000000       0x71 contiki-cc2538dk.a(frame802154.o)
 .comment       0x00000000       0x71 contiki-cc2538dk.a(mac-sequence.o)

.ARM.attributes
                0x00000000       0x31
 .ARM.attributes
                0x00000000       0x33 obj_cc2538dk/startup-gcc.o
 .ARM.attributes
                0x00000033       0x33 node.co
 .ARM.attributes
                0x00000066       0x33 contiki-cc2538dk.a(leds.o)
 .ARM.attributes
                0x00000099       0x33 contiki-cc2538dk.a(leds-arch.o)
 .ARM.attributes
                0x000000cc       0x33 contiki-cc2538dk.a(contiki-main.o)
 .ARM.attributes
                0x000000ff       0x33 contiki-cc2538dk.a(sensors.o)
 .ARM.attributes
                0x00000132       0x33 contiki-cc2538dk.a(smartrf-sensors)
 .ARM.attributes
                0x00000165       0x33 contiki-cc2538dk.a(button-sensor.o)
 .ARM.attributes
                0x00000198       0x33 contiki-cc2538dk.a(als-sensor.o)
 .ARM.attributes
                0x000001cb       0x33 contiki-cc2538dk.a(clock.o)
 .ARM.attributes
                0x000001fe       0x33 contiki-cc2538dk.a(rtimer-arch.o)
 .ARM.attributes
                0x00000231       0x33 contiki-cc2538dk.a(uart.o)
 .ARM.attributes
                0x00000264       0x33 contiki-cc2538dk.a(watchdog.o)
 .ARM.attributes
                0x00000297       0x33 contiki-cc2538dk.a(nvic.o)
 .ARM.attributes
                0x000002ca       0x33 contiki-cc2538dk.a(cpu.o)
 .ARM.attributes
                0x000002fd       0x33 contiki-cc2538dk.a(sys-ctrl.o)
 .ARM.attributes
                0x00000330       0x33 contiki-cc2538dk.a(gpio.o)
 .ARM.attributes
                0x00000363       0x33 contiki-cc2538dk.a(ioc.o)
 .ARM.attributes
                0x00000396       0x33 contiki-cc2538dk.a(adc.o)
 .ARM.attributes
                0x000003c9       0x33 contiki-cc2538dk.a(crypto.o)
 .ARM.attributes
                0x000003fc       0x33 contiki-cc2538dk.a(cc2538-rf.o)
 .ARM.attributes
                0x0000042f       0x33 contiki-cc2538dk.a(udma.o)
 .ARM.attributes
                0x00000462       0x33 contiki-cc2538dk.a(lpm.o)
 .ARM.attributes
                0x00000495       0x33 contiki-cc2538dk.a(dbg.o)
 .ARM.attributes
                0x000004c8       0x33 contiki-cc2538dk.a(ieee-addr.o)
 .ARM.attributes
                0x000004fb       0x33 contiki-cc2538dk.a(cc2538-temp-sen)
 .ARM.attributes
                0x0000052e       0x33 contiki-cc2538dk.a(vdd3-sensor.o)
 .ARM.attributes
                0x00000561       0x33 contiki-cc2538dk.a(dbg-printf.o)
 .ARM.attributes
                0x00000594       0x33 contiki-cc2538dk.a(dbg-sprintf.o)
 .ARM.attributes
                0x000005c7       0x33 contiki-cc2538dk.a(strformat.o)
 .ARM.attributes
                0x000005fa       0x33 contiki-cc2538dk.a(autostart.o)
 .ARM.attributes
                0x0000062d       0x33 contiki-cc2538dk.a(ctimer.o)
 .ARM.attributes
                0x00000660       0x33 contiki-cc2538dk.a(energest.o)
 .ARM.attributes
                0x00000693       0x33 contiki-cc2538dk.a(etimer.o)
 .ARM.attributes
                0x000006c6       0x33 contiki-cc2538dk.a(process.o)
 .ARM.attributes
                0x000006f9       0x33 contiki-cc2538dk.a(rtimer.o)
 .ARM.attributes
                0x0000072c       0x33 contiki-cc2538dk.a(timer.o)
 .ARM.attributes
                0x0000075f       0x33 contiki-cc2538dk.a(serial-line.o)
 .ARM.attributes
                0x00000792       0x33 contiki-cc2538dk.a(list.o)
 .ARM.attributes
                0x000007c5       0x33 contiki-cc2538dk.a(random.o)
 .ARM.attributes
                0x000007f8       0x33 contiki-cc2538dk.a(ringbuf.o)
 .ARM.attributes
                0x0000082b       0x33 contiki-cc2538dk.a(sicslowpan.o)
 .ARM.attributes
                0x0000085e       0x33 contiki-cc2538dk.a(uip6.o)
 .ARM.attributes
                0x00000891       0x33 contiki-cc2538dk.a(uip-ds6.o)
 .ARM.attributes
                0x000008c4       0x33 contiki-cc2538dk.a(uip-ds6-nbr.o)
 .ARM.attributes
                0x000008f7       0x33 contiki-cc2538dk.a(uip-ds6-route.o)
 .ARM.attributes
                0x0000092a       0x33 contiki-cc2538dk.a(uip-icmp6.o)
 .ARM.attributes
                0x0000095d       0x33 contiki-cc2538dk.a(uip-nd6.o)
 .ARM.attributes
                0x00000990       0x33 contiki-cc2538dk.a(tcpip.o)
 .ARM.attributes
                0x000009c3       0x33 contiki-cc2538dk.a(uip-debug.o)
 .ARM.attributes
                0x000009f6       0x33 contiki-cc2538dk.a(uip-udp-packet.)
 .ARM.attributes
                0x00000a29       0x33 contiki-cc2538dk.a(rpl.o)
 .ARM.attributes
                0x00000a5c       0x33 contiki-cc2538dk.a(rpl-dag.o)
 .ARM.attributes
                0x00000a8f       0x33 contiki-cc2538dk.a(rpl-ext-header.)
 .ARM.attributes
                0x00000ac2       0x33 contiki-cc2538dk.a(rpl-icmp6.o)
 .ARM.attributes
                0x00000af5       0x33 contiki-cc2538dk.a(rpl-mrhof.o)
 .ARM.attributes
                0x00000b28       0x33 contiki-cc2538dk.a(rpl-timers.o)
 .ARM.attributes
                0x00000b5b       0x33 contiki-cc2538dk.a(linkaddr.o)
 .ARM.attributes
                0x00000b8e       0x33 contiki-cc2538dk.a(nbr-table.o)
 .ARM.attributes
                0x00000bc1       0x33 contiki-cc2538dk.a(netstack.o)
 .ARM.attributes
                0x00000bf4       0x33 contiki-cc2538dk.a(packetbuf.o)
 .ARM.attributes
                0x00000c27       0x33 contiki-cc2538dk.a(queuebuf.o)
 .ARM.attributes
                0x00000c5a       0x33 contiki-cc2538dk.a(csma.o)
 .ARM.attributes
                0x00000c8d       0x33 contiki-cc2538dk.a(framer-802154.o)
 .ARM.attributes
                0x00000cc0       0x33 contiki-cc2538dk.a(framer.o)
 .ARM.attributes
                0x00000cf3       0x33 contiki-cc2538dk.a(mac.o)
 .ARM.attributes
                0x00000d26       0x33 contiki-cc2538dk.a(contikimac.o)
 .ARM.attributes
                0x00000d59       0x33 contiki-cc2538dk.a(nullsec.o)
 .ARM.attributes
                0x00000d8c       0x33 contiki-cc2538dk.a(stimer.o)
 .ARM.attributes